00:00 +0: loading /mnt/d/dev/Ojyx/test/core/config/env_config_test.dart                                                                                                                                00:01 +0: loading /mnt/d/dev/Ojyx/test/core/config/env_config_test.dart                                                                                                                                00:02 +0: loading /mnt/d/dev/Ojyx/test/core/config/env_config_test.dart                                                                                                                                00:03 +0: loading /mnt/d/dev/Ojyx/test/core/config/env_config_test.dart                                                                                                                                00:03 +0: /mnt/d/dev/Ojyx/test/core/config/env_config_test.dart: EnvConfig should throw exception when required configuration is missing                                                               00:03 +1: /mnt/d/dev/Ojyx/test/core/config/env_config_test.dart: EnvConfig should throw exception when required configuration is missing                                                               00:03 +1: /mnt/d/dev/Ojyx/test/core/config/env_config_test.dart: EnvConfig should correctly identify environment                                                                                       00:03 +2: /mnt/d/dev/Ojyx/test/core/config/env_config_test.dart: EnvConfig should correctly identify environment                                                                                       00:03 +2: /mnt/d/dev/Ojyx/test/core/config/env_config_test.dart: EnvConfig should fail validation with specific error message when SUPABASE_URL is missing                                             00:03 +3: /mnt/d/dev/Ojyx/test/core/config/env_config_test.dart: EnvConfig should fail validation with specific error message when SUPABASE_URL is missing                                             00:03 +3: /mnt/d/dev/Ojyx/test/core/config/env_config_test.dart: EnvConfig should validate in order of priority                                                                                        00:03 +4: /mnt/d/dev/Ojyx/test/core/config/env_config_test.dart: EnvConfig should validate in order of priority                                                                                        00:04 +4: /mnt/d/dev/Ojyx/test/core/config/env_config_test.dart: EnvConfig should validate in order of priority                                                                                        00:04 +4: loading /mnt/d/dev/Ojyx/test/core/config/router_config_test.dart                                                                                                                             00:04 +4: /mnt/d/dev/Ojyx/test/core/config/router_config_test.dart: (setUpAll)                                                                                                                         00:04 +4: /mnt/d/dev/Ojyx/test/core/config/router_config_test.dart: Router Navigation Behavior should navigate to home screen as initial route                                                         00:05 +4: /mnt/d/dev/Ojyx/test/core/config/router_config_test.dart: Router Navigation Behavior should navigate to home screen as initial route                                                         00:05 +4: /mnt/d/dev/Ojyx/test/core/config/router_config_test.dart: Router Navigation Behavior should navigate to home screen as initial route                                                         
Pending timers:
Timer (duration: 0:00:00.000000, periodic: false), created:
#0      new FakeTimer._ (package:fake_async/fake_async.dart:342:62)
#1      FakeAsync._createTimer (package:fake_async/fake_async.dart:260:29)
#2      FakeAsync.run.<anonymous closure> (package:fake_async/fake_async.dart:185:15)
#7      _defaultVsync (package:riverpod/src/framework/scheduler.dart:9:3)
#8      ProviderScheduler._scheduleTask (package:riverpod/src/framework/scheduler.dart:80:10)
#9      ProviderScheduler.scheduleProviderDispose (package:riverpod/src/framework/scheduler.dart:116:5)
#10     AutoDisposeProviderElementMixin.mayNeedDispose (package:riverpod/src/framework/auto_dispose.dart:25:28)
#11     ProviderElementBase._onRemoveListener (package:riverpod/src/framework/element.dart:886:5)
#12     _ProviderStateSubscription.close (package:riverpod/src/framework/provider_base.dart:188:23)
#13     ConsumerStatefulElement.unmount (package:flutter_riverpod/src/consumer.dart:578:18)
#14     _InactiveElements._unmount (package:flutter/src/widgets/framework.dart:2075:13)
#15     _InactiveElements._unmount.<anonymous closure> (package:flutter/src/widgets/framework.dart:2073:7)
#16     ComponentElement.visitChildren (package:flutter/src/widgets/framework.dart:5763:14)
#17     _InactiveElements._unmount (package:flutter/src/widgets/framework.dart:2071:13)
#18     _InactiveElements._unmount.<anonymous closure> (package:flutter/src/widgets/framework.dart:2073:7)
#19     SingleChildRenderObjectElement.visitChildren (package:flutter/src/widgets/framework.dart:6994:14)
#20     _InactiveElements._unmount (package:flutter/src/widgets/framework.dart:2071:13)
#21     _InactiveElements._unmount.<anonymous closure> (package:flutter/src/widgets/framework.dart:2073:7)
#22     ComponentElement.visitChildren (package:flutter/src/widgets/framework.dart:5763:14)
#23     _InactiveElements._unmount (package:flutter/src/widgets/framework.dart:2071:13)
#24     _InactiveElements._unmount.<anonymous closure> (package:flutter/src/widgets/framework.dart:2073:7)
#25     SingleChildRenderObjectElement.visitChildren (package:flutter/src/widgets/framework.dart:6994:14)
#26     _InactiveElements._unmount (package:flutter/src/widgets/framework.dart:2071:13)
#27     _InactiveElements._unmount.<anonymous closure> (package:flutter/src/widgets/framework.dart:2073:7)
#28     SingleChildRenderObjectElement.visitChildren (package:flutter/src/widgets/framework.dart:6994:14)
#29     _InactiveElements._unmount (package:flutter/src/widgets/framework.dart:2071:13)
#30     _InactiveElements._unmount.<anonymous closure> (package:flutter/src/widgets/framework.dart:2073:7)
#31     ComponentElement.visitChildren (package:flutter/src/widgets/framework.dart:5763:14)
#32     _InactiveElements._unmount (package:flutter/src/widgets/framework.dart:2071:13)
#33     _InactiveElements._unmount.<anonymous closure> (package:flutter/src/widgets/framework.dart:2073:7)
#34     SingleChildRenderObjectElement.visitChildren (package:flutter/src/widgets/framework.dart:6994:14)
#35     _InactiveElements._unmount (package:flutter/src/widgets/framework.dart:2071:13)
#36     _InactiveElements._unmount.<anonymous closure> (package:flutter/src/widgets/framework.dart:2073:7)
#37     ComponentElement.visitChildren (package:flutter/src/widgets/framework.dart:5763:14)
#38     _InactiveElements._unmount (package:flutter/src/widgets/framework.dart:2071:13)
#39     _InactiveElements._unmount.<anonymous closure> (package:flutter/src/widgets/framework.dart:2073:7)
#40     SingleChildRenderObjectElement.visitChildren (package:flutter/src/widgets/framework.dart:6994:14)
#41     _InactiveElements._unmount (package:flutter/src/widgets/framework.dart:2071:13)
#42     _InactiveElements._unmount.<anonymous closure> (package:flutter/src/widgets/framework.dart:2073:7)
#43     ComponentElement.visitChildren (package:flutter/src/widgets/framework.dart:5763:14)
#44     _InactiveElements._unmount (package:flutter/src/widgets/framework.dart:2071:13)
#45     _InactiveElements._unmount.<anonymous closure> (package:flutter/src/widgets/framework.dart:2073:7)
#46     ComponentElement.visitChildren (package:flutter/src/widgets/framework.dart:5763:14)
#47     _InactiveElements._unmount (package:flutter/src/widgets/framework.dart:2071:13)
#48     _InactiveElements._unmount.<anonymous closure> (package:flutter/src/widgets/framework.dart:2073:7)
#49     SingleChildRenderObjectElement.visitChildren (package:flutter/src/widgets/framework.dart:6994:14)
#50     _InactiveElements._unmount (package:flutter/src/widgets/framework.dart:2071:13)
#51     _InactiveElements._unmount.<anonymous closure> (package:flutter/src/widgets/framework.dart:2073:7)
#52     ComponentElement.visitChildren (package:flutter/src/widgets/framework.dart:5763:14)
#53     _InactiveElements._unmount (package:flutter/src/widgets/framework.dart:2071:13)
#54     _InactiveElements._unmount.<anonymous closure> (package:flutter/src/widgets/framework.dart:2073:7)
#55     SingleChildRenderObjectElement.visitChildren (package:flutter/src/widgets/framework.dart:6994:14)
#56     _InactiveElements._unmount (package:flutter/src/widgets/framework.dart:2071:13)
#57     _InactiveElements._unmount.<anonymous closure> (package:flutter/src/widgets/framework.dart:2073:7)
#58     ComponentElement.visitChildren (package:flutter/src/widgets/framework.dart:5763:14)
#59     _InactiveElements._unmount (package:flutter/src/widgets/framework.dart:2071:13)
#60     _InactiveElements._unmount.<anonymous closure> (package:flutter/src/widgets/framework.dart:2073:7)
#61     ComponentElement.visitChildren (package:flutter/src/widgets/framework.dart:5763:14)
#62     _InactiveElements._unmount (package:flutter/src/widgets/framework.dart:2071:13)
#63     _InactiveElements._unmount.<anonymous closure> (package:flutter/src/widgets/framework.dart:2073:7)
#64     ComponentElement.visitChildren (package:flutter/src/widgets/framework.dart:5763:14)
#65     _InactiveElements._unmount (package:flutter/src/widgets/framework.dart:2071:13)
#66     _InactiveElements._unmount.<anonymous closure> (package:flutter/src/widgets/framework.dart:2073:7)
#67     ComponentElement.visitChildren (package:flutter/src/widgets/framework.dart:5763:14)
#68     _InactiveElements._unmount (package:flutter/src/widgets/framework.dart:2071:13)
#69     _InactiveElements._unmount.<anonymous closure> (package:flutter/src/widgets/framework.dart:2073:7)
#70     ComponentElement.visitChildren (package:flutter/src/widgets/framework.dart:5763:14)
#71     _InactiveElements._unmount (package:flutter/src/widgets/framework.dart:2071:13)
#72     _InactiveElements._unmount.<anonymous closure> (package:flutter/src/widgets/framework.dart:2073:7)
#73     SingleChildRenderObjectElement.visitChildren (package:flutter/src/widgets/framework.dart:6994:14)
#74     _InactiveElements._unmount (package:flutter/src/widgets/framework.dart:2071:13)
#75     _InactiveElements._unmount.<anonymous closure> (package:flutter/src/widgets/framework.dart:2073:7)
#76     ComponentElement.visitChildren (package:flutter/src/widgets/framework.dart:5763:14)
#77     _InactiveElements._unmount (package:flutter/src/widgets/framework.dart:2071:13)
#78     _InactiveElements._unmount.<anonymous closure> (package:flutter/src/widgets/framework.dart:2073:7)
#79     SingleChildRenderObjectElement.visitChildren (package:flutter/src/widgets/framework.dart:6994:14)
#80     _InactiveElements._unmount (package:flutter/src/widgets/framework.dart:2071:13)
#81     _InactiveElements._unmount.<anonymous closure> (package:flutter/src/widgets/framework.dart:2073:7)
#82     ComponentElement.visitChildren (package:flutter/src/widgets/framework.dart:5763:14)
#83     _InactiveElements._unmount (package:flutter/src/widgets/framework.dart:2071:13)
#84     _InactiveElements._unmount.<anonymous closure> (package:flutter/src/widgets/framework.dart:2073:7)
#85     ComponentElement.visitChildren (package:flutter/src/widgets/framework.dart:5763:14)
#86     _InactiveElements._unmount (package:flutter/src/widgets/framework.dart:2071:13)
#87     _InactiveElements._unmount.<anonymous closure> (package:flutter/src/widgets/framework.dart:2073:7)
#88     ComponentElement.visitChildren (package:flutter/src/widgets/framework.dart:5763:14)
#89     _InactiveElements._unmount (package:flutter/src/widgets/framework.dart:2071:13)
#90     _InactiveElements._unmount.<anonymous closure> (package:flutter/src/widgets/framework.dart:2073:7)
#91     ComponentElement.visitChildren (package:flutter/src/widgets/framework.dart:5763:14)
#92     _InactiveElements._unmount (package:flutter/src/widgets/framework.dart:2071:13)
#93     _InactiveElements._unmount.<anonymous closure> (package:flutter/src/widgets/framework.dart:2073:7)
#94     ComponentElement.visitChildren (package:flutter/src/widgets/framework.dart:5763:14)
#95     _InactiveElements._unmount (package:flutter/src/widgets/framework.dart:2071:13)
#96     _InactiveElements._unmount.<anonymous closure> (package:flutter/src/widgets/framework.dart:2073:7)
#97     ComponentElement.visitChildren (package:flutter/src/widgets/framework.dart:5763:14)
#98     _InactiveElements._unmount (package:flutter/src/widgets/framework.dart:2071:13)
#99     _InactiveElements._unmount.<anonymous closure> (package:flutter/src/widgets/framework.dart:2073:7)
#100    SingleChildRenderObjectElement.visitChildren (package:flutter/src/widgets/framework.dart:6994:14)
#101    _InactiveElements._unmount (package:flutter/src/widgets/framework.dart:2071:13)
#102    _InactiveElements._unmount.<anonymous closure> (package:flutter/src/widgets/framework.dart:2073:7)
#103    ComponentElement.visitChildren (package:flutter/src/widgets/framework.dart:5763:14)
#104    _InactiveElements._unmount (package:flutter/src/widgets/framework.dart:2071:13)
#105    _InactiveElements._unmount.<anonymous closure> (package:flutter/src/widgets/framework.dart:2073:7)
#106    ComponentElement.visitChildren (package:flutter/src/widgets/framework.dart:5763:14)
#107    _InactiveElements._unmount (package:flutter/src/widgets/framework.dart:2071:13)
#108    _InactiveElements._unmount.<anonymous closure> (package:flutter/src/widgets/framework.dart:2073:7)
#109    ComponentElement.visitChildren (package:flutter/src/widgets/framework.dart:5763:14)
#110    _InactiveElements._unmount (package:flutter/src/widgets/framework.dart:2071:13)
#111    _InactiveElements._unmount.<anonymous closure> (package:flutter/src/widgets/framework.dart:2073:7)
#112    ComponentElement.visitChildren (package:flutter/src/widgets/framework.dart:5763:14)
#113    _InactiveElements._unmount (package:flutter/src/widgets/framework.dart:2071:13)
#114    _InactiveElements._unmount.<anonymous closure> (package:flutter/src/widgets/framework.dart:2073:7)
#115    ComponentElement.visitChildren (package:flutter/src/widgets/framework.dart:5763:14)
#116    _InactiveElements._unmount (package:flutter/src/widgets/framework.dart:2071:13)
#117    _InactiveElements._unmount.<anonymous closure> (package:flutter/src/widgets/framework.dart:2073:7)
#118    SingleChildRenderObjectElement.visitChildren (package:flutter/src/widgets/framework.dart:6994:14)
#119    _InactiveElements._unmount (package:flutter/src/widgets/framework.dart:2071:13)
#120    _InactiveElements._unmount.<anonymous closure> (package:flutter/src/widgets/framework.dart:2073:7)
#121    ComponentElement.visitChildren (package:flutter/src/widgets/framework.dart:5763:14)
#122    _InactiveElements._unmount (package:flutter/src/widgets/framework.dart:2071:13)
#123    _InactiveElements._unmount.<anonymous closure> (package:flutter/src/widgets/framework.dart:2073:7)
#124    ComponentElement.visitChildren (package:flutter/src/widgets/framework.dart:5763:14)
#125    _InactiveElements._unmount (package:flutter/src/widgets/framework.dart:2071:13)
#126    _InactiveElements._unmount.<anonymous closure> (package:flutter/src/widgets/framework.dart:2073:7)
#127    ComponentElement.visitChildren (package:flutter/src/widgets/framework.dart:5763:14)
#128    _InactiveElements._unmount (package:flutter/src/widgets/framework.dart:2071:13)
#129    _InactiveElements._unmount.<anonymous closure> (package:flutter/src/widgets/framework.dart:2073:7)
#130    ComponentElement.visitChildren (package:flutter/src/widgets/framework.dart:5763:14)
#131    _InactiveElements._unmount (package:flutter/src/widgets/framework.dart:2071:13)
#132    _InactiveElements._unmount.<anonymous closure> (package:flutter/src/widgets/framework.dart:2073:7)
#133    MultiChildRenderObjectElement.visitChildren (package:flutter/src/widgets/framework.dart:7118:16)
#134    _InactiveElements._unmount (package:flutter/src/widgets/framework.dart:2071:13)
#135    _InactiveElements._unmount.<anonymous closure> (package:flutter/src/widgets/framework.dart:2073:7)
#136    ComponentElement.visitChildren (package:flutter/src/widgets/framework.dart:5763:14)
#137    _InactiveElements._unmount (package:flutter/src/widgets/framework.dart:2071:13)
#138    _InactiveElements._unmount.<anonymous closure> (package:flutter/src/widgets/framework.dart:2073:7)
#139    ComponentElement.visitChildren (package:flutter/src/widgets/framework.dart:5763:14)
#140    _InactiveElements._unmount (package:flutter/src/widgets/framework.dart:2071:13)
#141    _InactiveElements._unmount.<anonymous closure> (package:flutter/src/widgets/framework.dart:2073:7)
#142    ComponentElement.visitChildren (package:flutter/src/widgets/framework.dart:5763:14)
#143    _InactiveElements._unmount (package:flutter/src/widgets/framework.dart:2071:13)
#144    _InactiveElements._unmount.<anonymous closure> (package:flutter/src/widgets/framework.dart:2073:7)
#145    ComponentElement.visitChildren (package:flutter/src/widgets/framework.dart:5763:14)
#146    _InactiveElements._unmount (package:flutter/src/widgets/framework.dart:2071:13)
#147    _InactiveElements._unmount.<anonymous closure> (package:flutter/src/widgets/framework.dart:2073:7)
#148    ComponentElement.visitChildren (package:flutter/src/widgets/framework.dart:5763:14)
#149    _InactiveElements._unmount (package:flutter/src/widgets/framework.dart:2071:13)
#150    _InactiveElements._unmount.<anonymous closure> (package:flutter/src/widgets/framework.dart:2073:7)
#151    ComponentElement.visitChildren (package:flutter/src/widgets/framework.dart:5763:14)
#152    _InactiveElements._unmount (package:flutter/src/widgets/framework.dart:2071:13)
#153    _InactiveElements._unmount.<anonymous closure> (package:flutter/src/widgets/framework.dart:2073:7)
#154    ComponentElement.visitChildren (package:flutter/src/widgets/framework.dart:5763:14)
#155    _InactiveElements._unmount (package:flutter/src/widgets/framework.dart:2071:13)
#156    _InactiveElements._unmount.<anonymous closure> (package:flutter/src/widgets/framework.dart:2073:7)
#157    SingleChildRenderObjectElement.visitChildren (package:flutter/src/widgets/framework.dart:6994:14)
#158    _InactiveElements._unmount (package:flutter/src/widgets/framework.dart:2071:13)
#159    _InactiveElements._unmount.<anonymous closure> (package:flutter/src/widgets/framework.dart:2073:7)
#160    SingleChildRenderObjectElement.visitChildren (package:flutter/src/widgets/framework.dart:6994:14)
#161    _InactiveElements._unmount (package:flutter/src/widgets/framework.dart:2071:13)
#162    _InactiveElements._unmount.<anonymous closure> (package:flutter/src/widgets/framework.dart:2073:7)
#163    ComponentElement.visitChildren (package:flutter/src/widgets/framework.dart:5763:14)
#164    _InactiveElements._unmount (package:flutter/src/widgets/framework.dart:2071:13)
#165    _InactiveElements._unmount.<anonymous closure> (package:flutter/src/widgets/framework.dart:2073:7)
#166    ComponentElement.visitChildren (package:flutter/src/widgets/framework.dart:5763:14)
#167    _InactiveElements._unmount (package:flutter/src/widgets/framework.dart:2071:13)
#168    _InactiveElements._unmount.<anonymous closure> (package:flutter/src/widgets/framework.dart:2073:7)
#169    ComponentElement.visitChildren (package:flutter/src/widgets/framework.dart:5763:14)
#170    _InactiveElements._unmount (package:flutter/src/widgets/framework.dart:2071:13)
#171    _InactiveElements._unmount.<anonymous closure> (package:flutter/src/widgets/framework.dart:2073:7)
#172    ComponentElement.visitChildren (package:flutter/src/widgets/framework.dart:5763:14)
#173    _InactiveElements._unmount (package:flutter/src/widgets/framework.dart:2071:13)
#174    _InactiveElements._unmount.<anonymous closure> (package:flutter/src/widgets/framework.dart:2073:7)
#175    ComponentElement.visitChildren (package:flutter/src/widgets/framework.dart:5763:14)
#176    _InactiveElements._unmount (package:flutter/src/widgets/framework.dart:2071:13)
#177    _InactiveElements._unmount.<anonymous closure> (package:flutter/src/widgets/framework.dart:2073:7)
#178    ComponentElement.visitChildren (package:flutter/src/widgets/framework.dart:5763:14)
#179    _InactiveElements._unmount (package:flutter/src/widgets/framework.dart:2071:13)
#180    _InactiveElements._unmount.<anonymous closure> (package:flutter/src/widgets/framework.dart:2073:7)
#181    ComponentElement.visitChildren (package:flutter/src/widgets/framework.dart:5763:14)
#182    _InactiveElements._unmount (package:flutter/src/widgets/framework.dart:2071:13)
#183    _InactiveElements._unmount.<anonymous closure> (package:flutter/src/widgets/framework.dart:2073:7)
#184    ComponentElement.visitChildren (package:flutter/src/widgets/framework.dart:5763:14)
#185    _InactiveElements._unmount (package:flutter/src/widgets/framework.dart:2071:13)
#186    _InactiveElements._unmount.<anonymous closure> (package:flutter/src/widgets/framework.dart:2073:7)
#187    ComponentElement.visitChildren (package:flutter/src/widgets/framework.dart:5763:14)
#188    _InactiveElements._unmount (package:flutter/src/widgets/framework.dart:2071:13)
#189    _InactiveElements._unmount.<anonymous closure> (package:flutter/src/widgets/framework.dart:2073:7)
#190    ComponentElement.visitChildren (package:flutter/src/widgets/framework.dart:5763:14)
#191    _InactiveElements._unmount (package:flutter/src/widgets/framework.dart:2071:13)
#192    _InactiveElements._unmount.<anonymous closure> (package:flutter/src/widgets/framework.dart:2073:7)
#193    ComponentElement.visitChildren (package:flutter/src/widgets/framework.dart:5763:14)
#194    _InactiveElements._unmount (package:flutter/src/widgets/framework.dart:2071:13)
#195    _InactiveElements._unmount.<anonymous closure> (package:flutter/src/widgets/framework.dart:2073:7)
#196    ComponentElement.visitChildren (package:flutter/src/widgets/framework.dart:5763:14)
#197    _InactiveElements._unmount (package:flutter/src/widgets/framework.dart:2071:13)
#198    _InactiveElements._unmount.<anonymous closure> (package:flutter/src/widgets/framework.dart:2073:7)
#199    ComponentElement.visitChildren (package:flutter/src/widgets/framework.dart:5763:14)
#200    _InactiveElements._unmount (package:flutter/src/widgets/framework.dart:2071:13)
#201    _InactiveElements._unmount.<anonymous closure> (package:flutter/src/widgets/framework.dart:2073:7)
#202    ComponentElement.visitChildren (package:flutter/src/widgets/framework.dart:5763:14)
#203    _InactiveElements._unmount (package:flutter/src/widgets/framework.dart:2071:13)
#204    _InactiveElements._unmount.<anonymous closure> (package:flutter/src/widgets/framework.dart:2073:7)
#205    ComponentElement.visitChildren (package:flutter/src/widgets/framework.dart:5763:14)
#206    _InactiveElements._unmount (package:flutter/src/widgets/framework.dart:2071:13)
#207    _InactiveElements._unmount.<anonymous closure> (package:flutter/src/widgets/framework.dart:2073:7)
#208    ComponentElement.visitChildren (package:flutter/src/widgets/framework.dart:5763:14)
#209    _InactiveElements._unmount (package:flutter/src/widgets/framework.dart:2071:13)
#210    _InactiveElements._unmount.<anonymous closure> (package:flutter/src/widgets/framework.dart:2073:7)
#211    ComponentElement.visitChildren (package:flutter/src/widgets/framework.dart:5763:14)
#212    _InactiveElements._unmount (package:flutter/src/widgets/framework.dart:2071:13)
#213    _InactiveElements._unmount.<anonymous closure> (package:flutter/src/widgets/framework.dart:2073:7)
#214    ComponentElement.visitChildren (package:flutter/src/widgets/framework.dart:5763:14)
#215    _InactiveElements._unmount (package:flutter/src/widgets/framework.dart:2071:13)
#216    _InactiveElements._unmount.<anonymous closure> (package:flutter/src/widgets/framework.dart:2073:7)
#217    ComponentElement.visitChildren (package:flutter/src/widgets/framework.dart:5763:14)
#218    _InactiveElements._unmount (package:flutter/src/widgets/framework.dart:2071:13)
#219    _InactiveElements._unmount.<anonymous closure> (package:flutter/src/widgets/framework.dart:2073:7)
#220    ComponentElement.visitChildren (package:flutter/src/widgets/framework.dart:5763:14)
#221    _InactiveElements._unmount (package:flutter/src/widgets/framework.dart:2071:13)
#222    _InactiveElements._unmount.<anonymous closure> (package:flutter/src/widgets/framework.dart:2073:7)
#223    ComponentElement.visitChildren (package:flutter/src/widgets/framework.dart:5763:14)
#224    _InactiveElements._unmount (package:flutter/src/widgets/framework.dart:2071:13)
#225    _InactiveElements._unmount.<anonymous closure> (package:flutter/src/widgets/framework.dart:2073:7)
#226    ComponentElement.visitChildren (package:flutter/src/widgets/framework.dart:5763:14)
#227    _InactiveElements._unmount (package:flutter/src/widgets/framework.dart:2071:13)
#228    _InactiveElements._unmount.<anonymous closure> (package:flutter/src/widgets/framework.dart:2073:7)
#229    ComponentElement.visitChildren (package:flutter/src/widgets/framework.dart:5763:14)
#230    _InactiveElements._unmount (package:flutter/src/widgets/framework.dart:2071:13)
#231    _InactiveElements._unmount.<anonymous closure> (package:flutter/src/widgets/framework.dart:2073:7)
#232    ComponentElement.visitChildren (package:flutter/src/widgets/framework.dart:5763:14)
#233    _InactiveElements._unmount (package:flutter/src/widgets/framework.dart:2071:13)
#234    _InactiveElements._unmount.<anonymous closure> (package:flutter/src/widgets/framework.dart:2073:7)
#235    ComponentElement.visitChildren (package:flutter/src/widgets/framework.dart:5763:14)
#236    _InactiveElements._unmount (package:flutter/src/widgets/framework.dart:2071:13)
#237    _InactiveElements._unmount.<anonymous closure> (package:flutter/src/widgets/framework.dart:2073:7)
#238    SingleChildRenderObjectElement.visitChildren (package:flutter/src/widgets/framework.dart:6994:14)
#239    _InactiveElements._unmount (package:flutter/src/widgets/framework.dart:2071:13)
#240    _InactiveElements._unmount.<anonymous closure> (package:flutter/src/widgets/framework.dart:2073:7)
#241    ComponentElement.visitChildren (package:flutter/src/widgets/framework.dart:5763:14)
#242    _InactiveElements._unmount (package:flutter/src/widgets/framework.dart:2071:13)
#243    _InactiveElements._unmount.<anonymous closure> (package:flutter/src/widgets/framework.dart:2073:7)
#244    ComponentElement.visitChildren (package:flutter/src/widgets/framework.dart:5763:14)
#245    _InactiveElements._unmount (package:flutter/src/widgets/framework.dart:2071:13)
#246    _InactiveElements._unmount.<anonymous closure> (package:flutter/src/widgets/framework.dart:2073:7)
#247    ComponentElement.visitChildren (package:flutter/src/widgets/framework.dart:5763:14)
#248    _InactiveElements._unmount (package:flutter/src/widgets/framework.dart:2071:13)
#249    _InactiveElements._unmount.<anonymous closure> (package:flutter/src/widgets/framework.dart:2073:7)
#250    ComponentElement.visitChildren (package:flutter/src/widgets/framework.dart:5763:14)
#251    _InactiveElements._unmount (package:flutter/src/widgets/framework.dart:2071:13)
#252    _InactiveElements._unmount.<anonymous closure> (package:flutter/src/widgets/framework.dart:2073:7)
#253    ComponentElement.visitChildren (package:flutter/src/widgets/framework.dart:5763:14)
#254    _InactiveElements._unmount (package:flutter/src/widgets/framework.dart:2071:13)
#255    _InactiveElements._unmount.<anonymous closure> (package:flutter/src/widgets/framework.dart:2073:7)
#256    SingleChildRenderObjectElement.visitChildren (package:flutter/src/widgets/framework.dart:6994:14)
#257    _InactiveElements._unmount (package:flutter/src/widgets/framework.dart:2071:13)
#258    _InactiveElements._unmount.<anonymous closure> (package:flutter/src/widgets/framework.dart:2073:7)
#259    ComponentElement.visitChildren (package:flutter/src/widgets/framework.dart:5763:14)
#260    _InactiveElements._unmount (package:flutter/src/widgets/framework.dart:2071:13)
#261    _InactiveElements._unmount.<anonymous closure> (package:flutter/src/widgets/framework.dart:2073:7)
#262    SingleChildRenderObjectElement.visitChildren (package:flutter/src/widgets/framework.dart:6994:14)
#263    _InactiveElements._unmount (package:flutter/src/widgets/framework.dart:2071:13)
#264    _InactiveElements._unmount.<anonymous closure> (package:flutter/src/widgets/framework.dart:2073:7)
#265    ComponentElement.visitChildren (package:flutter/src/widgets/framework.dart:5763:14)
#266    _InactiveElements._unmount (package:flutter/src/widgets/framework.dart:2071:13)
#267    _InactiveElements._unmount.<anonymous closure> (package:flutter/src/widgets/framework.dart:2073:7)
#268    ComponentElement.visitChildren (package:flutter/src/widgets/framework.dart:5763:14)
#269    _InactiveElements._unmount (package:flutter/src/widgets/framework.dart:2071:13)
#270    _InactiveElements._unmount.<anonymous closure> (package:flutter/src/widgets/framework.dart:2073:7)
#271    ComponentElement.visitChildren (package:flutter/src/widgets/framework.dart:5763:14)
#272    _InactiveElements._unmount (package:flutter/src/widgets/framework.dart:2071:13)
#273    _InactiveElements._unmount.<anonymous closure> (package:flutter/src/widgets/framework.dart:2073:7)
#274    ComponentElement.visitChildren (package:flutter/src/widgets/framework.dart:5763:14)
#275    _InactiveElements._unmount (package:flutter/src/widgets/framework.dart:2071:13)
#276    _InactiveElements._unmount.<anonymous closure> (package:flutter/src/widgets/framework.dart:2073:7)
#277    ComponentElement.visitChildren (package:flutter/src/widgets/framework.dart:5763:14)
#278    _InactiveElements._unmount (package:flutter/src/widgets/framework.dart:2071:13)
#279    _InactiveElements._unmount.<anonymous closure> (package:flutter/src/widgets/framework.dart:2073:7)
#280    SingleChildRenderObjectElement.visitChildren (package:flutter/src/widgets/framework.dart:6994:14)
#281    _InactiveElements._unmount (package:flutter/src/widgets/framework.dart:2071:13)
#282    _InactiveElements._unmount.<anonymous closure> (package:flutter/src/widgets/framework.dart:2073:7)
#283    ComponentElement.visitChildren (package:flutter/src/widgets/framework.dart:5763:14)
#284    _InactiveElements._unmount (package:flutter/src/widgets/framework.dart:2071:13)
#285    _InactiveElements._unmount.<anonymous closure> (package:flutter/src/widgets/framework.dart:2073:7)
#286    ComponentElement.visitChildren (package:flutter/src/widgets/framework.dart:5763:14)
#287    _InactiveElements._unmount (package:flutter/src/widgets/framework.dart:2071:13)
#288    _InactiveElements._unmount.<anonymous closure> (package:flutter/src/widgets/framework.dart:2073:7)
#289    ComponentElement.visitChildren (package:flutter/src/widgets/framework.dart:5763:14)
#290    _InactiveElements._unmount (package:flutter/src/widgets/framework.dart:2071:13)
#291    _InactiveElements._unmount.<anonymous closure> (package:flutter/src/widgets/framework.dart:2073:7)
#292    ComponentElement.visitChildren (package:flutter/src/widgets/framework.dart:5763:14)
#293    _InactiveElements._unmount (package:flutter/src/widgets/framework.dart:2071:13)
#294    _InactiveElements._unmount.<anonymous closure> (package:flutter/src/widgets/framework.dart:2073:7)
#295    ComponentElement.visitChildren (package:flutter/src/widgets/framework.dart:5763:14)
#296    _InactiveElements._unmount (package:flutter/src/widgets/framework.dart:2071:13)
#297    _InactiveElements._unmount.<anonymous closure> (package:flutter/src/widgets/framework.dart:2073:7)
#298    SingleChildRenderObjectElement.visitChildren (package:flutter/src/widgets/framework.dart:6994:14)
#299    _InactiveElements._unmount (package:flutter/src/widgets/framework.dart:2071:13)
#300    _InactiveElements._unmount.<anonymous closure> (package:flutter/src/widgets/framework.dart:2073:7)
#301    ComponentElement.visitChildren (package:flutter/src/widgets/framework.dart:5763:14)
#302    _InactiveElements._unmount (package:flutter/src/widgets/framework.dart:2071:13)
#303    _InactiveElements._unmount.<anonymous closure> (package:flutter/src/widgets/framework.dart:2073:7)
#304    ComponentElement.visitChildren (package:flutter/src/widgets/framework.dart:5763:14)
#305    _InactiveElements._unmount (package:flutter/src/widgets/framework.dart:2071:13)
#306    _InactiveElements._unmount.<anonymous closure> (package:flutter/src/widgets/framework.dart:2073:7)
#307    ComponentElement.visitChildren (package:flutter/src/widgets/framework.dart:5763:14)
#308    _InactiveElements._unmount (package:flutter/src/widgets/framework.dart:2071:13)
#309    _InactiveElements._unmount.<anonymous closure> (package:flutter/src/widgets/framework.dart:2073:7)
#310    ComponentElement.visitChildren (package:flutter/src/widgets/framework.dart:5763:14)
#311    _InactiveElements._unmount (package:flutter/src/widgets/framework.dart:2071:13)
#312    _InactiveElements._unmount.<anonymous closure> (package:flutter/src/widgets/framework.dart:2073:7)
#313    SingleChildRenderObjectElement.visitChildren (package:flutter/src/widgets/framework.dart:6994:14)
#314    _InactiveElements._unmount (package:flutter/src/widgets/framework.dart:2071:13)
#315    _InactiveElements._unmount.<anonymous closure> (package:flutter/src/widgets/framework.dart:2073:7)
#316    ComponentElement.visitChildren (package:flutter/src/widgets/framework.dart:5763:14)
#317    _InactiveElements._unmount (package:flutter/src/widgets/framework.dart:2071:13)
#318    _InactiveElements._unmount.<anonymous closure> (package:flutter/src/widgets/framework.dart:2073:7)
#319    ComponentElement.visitChildren (package:flutter/src/widgets/framework.dart:5763:14)
#320    _InactiveElements._unmount (package:flutter/src/widgets/framework.dart:2071:13)
#321    _InactiveElements._unmount.<anonymous closure> (package:flutter/src/widgets/framework.dart:2073:7)
#322    ComponentElement.visitChildren (package:flutter/src/widgets/framework.dart:5763:14)
#323    _InactiveElements._unmount (package:flutter/src/widgets/framework.dart:2071:13)
#324    _InactiveElements._unmount.<anonymous closure> (package:flutter/src/widgets/framework.dart:2073:7)
#325    ComponentElement.visitChildren (package:flutter/src/widgets/framework.dart:5763:14)
#326    _InactiveElements._unmount (package:flutter/src/widgets/framework.dart:2071:13)
#327    _InactiveElements._unmount.<anonymous closure> (package:flutter/src/widgets/framework.dart:2073:7)
#328    ComponentElement.visitChildren (package:flutter/src/widgets/framework.dart:5763:14)
#329    _InactiveElements._unmount (package:flutter/src/widgets/framework.dart:2071:13)
#330    _InactiveElements._unmount.<anonymous closure> (package:flutter/src/widgets/framework.dart:2073:7)
#331    ComponentElement.visitChildren (package:flutter/src/widgets/framework.dart:5763:14)
#332    _InactiveElements._unmount (package:flutter/src/widgets/framework.dart:2071:13)
#333    _InactiveElements._unmount.<anonymous closure> (package:flutter/src/widgets/framework.dart:2073:7)
#334    ComponentElement.visitChildren (package:flutter/src/widgets/framework.dart:5763:14)
#335    _InactiveElements._unmount (package:flutter/src/widgets/framework.dart:2071:13)
#336    _InactiveElements._unmount.<anonymous closure> (package:flutter/src/widgets/framework.dart:2073:7)
#337    ComponentElement.visitChildren (package:flutter/src/widgets/framework.dart:5763:14)
#338    _InactiveElements._unmount (package:flutter/src/widgets/framework.dart:2071:13)
#339    _InactiveElements._unmount.<anonymous closure> (package:flutter/src/widgets/framework.dart:2073:7)
#340    ComponentElement.visitChildren (package:flutter/src/widgets/framework.dart:5763:14)
#341    _InactiveElements._unmount (package:flutter/src/widgets/framework.dart:2071:13)
#342    _InactiveElements._unmount.<anonymous closure> (package:flutter/src/widgets/framework.dart:2073:7)
#343    ComponentElement.visitChildren (package:flutter/src/widgets/framework.dart:5763:14)
#344    _InactiveElements._unmount (package:flutter/src/widgets/framework.dart:2071:13)
#345    _InactiveElements._unmount.<anonymous closure> (package:flutter/src/widgets/framework.dart:2073:7)
#346    ComponentElement.visitChildren (package:flutter/src/widgets/framework.dart:5763:14)
#347    _InactiveElements._unmount (package:flutter/src/widgets/framework.dart:2071:13)
#348    _InactiveElements._unmount.<anonymous closure> (package:flutter/src/widgets/framework.dart:2073:7)
#349    SingleChildRenderObjectElement.visitChildren (package:flutter/src/widgets/framework.dart:6994:14)
#350    _InactiveElements._unmount (package:flutter/src/widgets/framework.dart:2071:13)
#351    _InactiveElements._unmount.<anonymous closure> (package:flutter/src/widgets/framework.dart:2073:7)
#352    ComponentElement.visitChildren (package:flutter/src/widgets/framework.dart:5763:14)
#353    _InactiveElements._unmount (package:flutter/src/widgets/framework.dart:2071:13)
#354    _InactiveElements._unmount.<anonymous closure> (package:flutter/src/widgets/framework.dart:2073:7)
#355    ComponentElement.visitChildren (package:flutter/src/widgets/framework.dart:5763:14)
#356    _InactiveElements._unmount (package:flutter/src/widgets/framework.dart:2071:13)
#357    _InactiveElements._unmount.<anonymous closure> (package:flutter/src/widgets/framework.dart:2073:7)
#358    ComponentElement.visitChildren (package:flutter/src/widgets/framework.dart:5763:14)
#359    _InactiveElements._unmount (package:flutter/src/widgets/framework.dart:2071:13)
#360    _InactiveElements._unmount.<anonymous closure> (package:flutter/src/widgets/framework.dart:2073:7)
#361    ComponentElement.visitChildren (package:flutter/src/widgets/framework.dart:5763:14)
#362    _InactiveElements._unmount (package:flutter/src/widgets/framework.dart:2071:13)
#363    _InactiveElements._unmount.<anonymous closure> (package:flutter/src/widgets/framework.dart:2073:7)
#364    ComponentElement.visitChildren (package:flutter/src/widgets/framework.dart:5763:14)
#365    _InactiveElements._unmount (package:flutter/src/widgets/framework.dart:2071:13)
#366    _InactiveElements._unmount.<anonymous closure> (package:flutter/src/widgets/framework.dart:2073:7)
#367    ComponentElement.visitChildren (package:flutter/src/widgets/framework.dart:5763:14)
#368    _InactiveElements._unmount (package:flutter/src/widgets/framework.dart:2071:13)
#369    _InactiveElements._unmount.<anonymous closure> (package:flutter/src/widgets/framework.dart:2073:7)
#370    ComponentElement.visitChildren (package:flutter/src/widgets/framework.dart:5763:14)
#371    _InactiveElements._unmount (package:flutter/src/widgets/framework.dart:2071:13)
#372    ListIterable.forEach (dart:_internal/iterable.dart:49:13)
#373    _InactiveElements._unmountAll (package:flutter/src/widgets/framework.dart:2084:25)
#374    BuildOwner.lockState (package:flutter/src/widgets/framework.dart:2965:15)
#375    BuildOwner.finalizeTree (package:flutter/src/widgets/framework.dart:3288:7)
#376    AutomatedTestWidgetsFlutterBinding.drawFrame (package:flutter_test/src/binding.dart:1537:19)
#377    RendererBinding._handlePersistentFrameCallback (package:flutter/src/rendering/binding.dart:495:5)
#378    SchedulerBinding._invokeFrameCallback (package:flutter/src/scheduler/binding.dart:1438:15)
#379    SchedulerBinding.handleDrawFrame (package:flutter/src/scheduler/binding.dart:1351:9)
#380    AutomatedTestWidgetsFlutterBinding.scheduleWarmUpFrame (package:flutter_test/src/binding.dart:1441:5)
#381    _runWidget (package:flutter/src/widgets/binding.dart:1558:7)
#382    runApp (package:flutter/src/widgets/binding.dart:1491:3)
#383    TestWidgetsFlutterBinding._runTestBody (package:flutter_test/src/binding.dart:1071:7)
<asynchronous suspension>
<asynchronous suspension>
(elided 5 frames from dart:async and package:stack_trace)

══╡ EXCEPTION CAUGHT BY FLUTTER TEST FRAMEWORK ╞════════════════════════════════════════════════════
The following assertion was thrown running a test:
A Timer is still pending even after the widget tree was disposed.
'package:flutter_test/src/binding.dart':
Failed assertion: line 1626 pos 12: '!timersPending'

When the exception was thrown, this was the stack:
#2      AutomatedTestWidgetsFlutterBinding._verifyInvariants (package:flutter_test/src/binding.dart:1626:12)
#3      TestWidgetsFlutterBinding._runTestBody (package:flutter_test/src/binding.dart:1083:7)
<asynchronous suspension>
<asynchronous suspension>
(elided 3 frames from class _AssertionError and package:stack_trace)

The test description was:
  should navigate to home screen as initial route
════════════════════════════════════════════════════════════════════════════════════════════════════
00:05 +4 -1: /mnt/d/dev/Ojyx/test/core/config/router_config_test.dart: Router Navigation Behavior should navigate to home screen as initial route [E]                                                  
  Test failed. See exception logs above.
  The test description was: should navigate to home screen as initial route
  

To run this test again: /home/hyminix/flutter/bin/cache/dart-sdk/bin/dart test /mnt/d/dev/Ojyx/test/core/config/router_config_test.dart -p vm --plain-name 'Router Navigation Behavior should navigate to home screen as initial route'
00:05 +4 -1: /mnt/d/dev/Ojyx/test/core/config/router_config_test.dart: Router Navigation Behavior should navigate to create room screen when requested                                                 00:05 +4 -1: /mnt/d/dev/Ojyx/test/core/config/router_config_test.dart: Router Navigation Behavior should navigate to create room screen when requested                                                 
Pending timers:
Timer (duration: 0:00:00.000000, periodic: false), created:
#0      new FakeTimer._ (package:fake_async/fake_async.dart:342:62)
#1      FakeAsync._createTimer (package:fake_async/fake_async.dart:260:29)
#2      FakeAsync.run.<anonymous closure> (package:fake_async/fake_async.dart:185:15)
#7      _defaultVsync (package:riverpod/src/framework/scheduler.dart:9:3)
#8      ProviderScheduler._scheduleTask (package:riverpod/src/framework/scheduler.dart:80:10)
#9      ProviderScheduler.scheduleProviderDispose (package:riverpod/src/framework/scheduler.dart:116:5)
#10     AutoDisposeProviderElementMixin.mayNeedDispose (package:riverpod/src/framework/auto_dispose.dart:25:28)
#11     ProviderElementBase._onRemoveListener (package:riverpod/src/framework/element.dart:886:5)
#12     _ProviderStateSubscription.close (package:riverpod/src/framework/provider_base.dart:188:23)
#13     ConsumerStatefulElement.unmount (package:flutter_riverpod/src/consumer.dart:578:18)
#14     _InactiveElements._unmount (package:flutter/src/widgets/framework.dart:2075:13)
#15     _InactiveElements._unmount.<anonymous closure> (package:flutter/src/widgets/framework.dart:2073:7)
#16     ComponentElement.visitChildren (package:flutter/src/widgets/framework.dart:5763:14)
#17     _InactiveElements._unmount (package:flutter/src/widgets/framework.dart:2071:13)
#18     _InactiveElements._unmount.<anonymous closure> (package:flutter/src/widgets/framework.dart:2073:7)
#19     SingleChildRenderObjectElement.visitChildren (package:flutter/src/widgets/framework.dart:6994:14)
#20     _InactiveElements._unmount (package:flutter/src/widgets/framework.dart:2071:13)
#21     _InactiveElements._unmount.<anonymous closure> (package:flutter/src/widgets/framework.dart:2073:7)
#22     ComponentElement.visitChildren (package:flutter/src/widgets/framework.dart:5763:14)
#23     _InactiveElements._unmount (package:flutter/src/widgets/framework.dart:2071:13)
#24     _InactiveElements._unmount.<anonymous closure> (package:flutter/src/widgets/framework.dart:2073:7)
#25     SingleChildRenderObjectElement.visitChildren (package:flutter/src/widgets/framework.dart:6994:14)
#26     _InactiveElements._unmount (package:flutter/src/widgets/framework.dart:2071:13)
#27     _InactiveElements._unmount.<anonymous closure> (package:flutter/src/widgets/framework.dart:2073:7)
#28     SingleChildRenderObjectElement.visitChildren (package:flutter/src/widgets/framework.dart:6994:14)
#29     _InactiveElements._unmount (package:flutter/src/widgets/framework.dart:2071:13)
#30     _InactiveElements._unmount.<anonymous closure> (package:flutter/src/widgets/framework.dart:2073:7)
#31     ComponentElement.visitChildren (package:flutter/src/widgets/framework.dart:5763:14)
#32     _InactiveElements._unmount (package:flutter/src/widgets/framework.dart:2071:13)
#33     _InactiveElements._unmount.<anonymous closure> (package:flutter/src/widgets/framework.dart:2073:7)
#34     SingleChildRenderObjectElement.visitChildren (package:flutter/src/widgets/framework.dart:6994:14)
#35     _InactiveElements._unmount (package:flutter/src/widgets/framework.dart:2071:13)
#36     _InactiveElements._unmount.<anonymous closure> (package:flutter/src/widgets/framework.dart:2073:7)
#37     ComponentElement.visitChildren (package:flutter/src/widgets/framework.dart:5763:14)
#38     _InactiveElements._unmount (package:flutter/src/widgets/framework.dart:2071:13)
#39     _InactiveElements._unmount.<anonymous closure> (package:flutter/src/widgets/framework.dart:2073:7)
#40     SingleChildRenderObjectElement.visitChildren (package:flutter/src/widgets/framework.dart:6994:14)
#41     _InactiveElements._unmount (package:flutter/src/widgets/framework.dart:2071:13)
#42     _InactiveElements._unmount.<anonymous closure> (package:flutter/src/widgets/framework.dart:2073:7)
#43     ComponentElement.visitChildren (package:flutter/src/widgets/framework.dart:5763:14)
#44     _InactiveElements._unmount (package:flutter/src/widgets/framework.dart:2071:13)
#45     _InactiveElements._unmount.<anonymous closure> (package:flutter/src/widgets/framework.dart:2073:7)
#46     ComponentElement.visitChildren (package:flutter/src/widgets/framework.dart:5763:14)
#47     _InactiveElements._unmount (package:flutter/src/widgets/framework.dart:2071:13)
#48     _InactiveElements._unmount.<anonymous closure> (package:flutter/src/widgets/framework.dart:2073:7)
#49     SingleChildRenderObjectElement.visitChildren (package:flutter/src/widgets/framework.dart:6994:14)
#50     _InactiveElements._unmount (package:flutter/src/widgets/framework.dart:2071:13)
#51     _InactiveElements._unmount.<anonymous closure> (package:flutter/src/widgets/framework.dart:2073:7)
#52     ComponentElement.visitChildren (package:flutter/src/widgets/framework.dart:5763:14)
#53     _InactiveElements._unmount (package:flutter/src/widgets/framework.dart:2071:13)
#54     _InactiveElements._unmount.<anonymous closure> (package:flutter/src/widgets/framework.dart:2073:7)
#55     SingleChildRenderObjectElement.visitChildren (package:flutter/src/widgets/framework.dart:6994:14)
#56     _InactiveElements._unmount (package:flutter/src/widgets/framework.dart:2071:13)
#57     _InactiveElements._unmount.<anonymous closure> (package:flutter/src/widgets/framework.dart:2073:7)
#58     ComponentElement.visitChildren (package:flutter/src/widgets/framework.dart:5763:14)
#59     _InactiveElements._unmount (package:flutter/src/widgets/framework.dart:2071:13)
#60     _InactiveElements._unmount.<anonymous closure> (package:flutter/src/widgets/framework.dart:2073:7)
#61     ComponentElement.visitChildren (package:flutter/src/widgets/framework.dart:5763:14)
#62     _InactiveElements._unmount (package:flutter/src/widgets/framework.dart:2071:13)
#63     _InactiveElements._unmount.<anonymous closure> (package:flutter/src/widgets/framework.dart:2073:7)
#64     ComponentElement.visitChildren (package:flutter/src/widgets/framework.dart:5763:14)
#65     _InactiveElements._unmount (package:flutter/src/widgets/framework.dart:2071:13)
#66     _InactiveElements._unmount.<anonymous closure> (package:flutter/src/widgets/framework.dart:2073:7)
#67     ComponentElement.visitChildren (package:flutter/src/widgets/framework.dart:5763:14)
#68     _InactiveElements._unmount (package:flutter/src/widgets/framework.dart:2071:13)
#69     _InactiveElements._unmount.<anonymous closure> (package:flutter/src/widgets/framework.dart:2073:7)
#70     ComponentElement.visitChildren (package:flutter/src/widgets/framework.dart:5763:14)
#71     _InactiveElements._unmount (package:flutter/src/widgets/framework.dart:2071:13)
#72     _InactiveElements._unmount.<anonymous closure> (package:flutter/src/widgets/framework.dart:2073:7)
#73     SingleChildRenderObjectElement.visitChildren (package:flutter/src/widgets/framework.dart:6994:14)
#74     _InactiveElements._unmount (package:flutter/src/widgets/framework.dart:2071:13)
#75     _InactiveElements._unmount.<anonymous closure> (package:flutter/src/widgets/framework.dart:2073:7)
#76     ComponentElement.visitChildren (package:flutter/src/widgets/framework.dart:5763:14)
#77     _InactiveElements._unmount (package:flutter/src/widgets/framework.dart:2071:13)
#78     _InactiveElements._unmount.<anonymous closure> (package:flutter/src/widgets/framework.dart:2073:7)
#79     SingleChildRenderObjectElement.visitChildren (package:flutter/src/widgets/framework.dart:6994:14)
#80     _InactiveElements._unmount (package:flutter/src/widgets/framework.dart:2071:13)
#81     _InactiveElements._unmount.<anonymous closure> (package:flutter/src/widgets/framework.dart:2073:7)
#82     ComponentElement.visitChildren (package:flutter/src/widgets/framework.dart:5763:14)
#83     _InactiveElements._unmount (package:flutter/src/widgets/framework.dart:2071:13)
#84     _InactiveElements._unmount.<anonymous closure> (package:flutter/src/widgets/framework.dart:2073:7)
#85     ComponentElement.visitChildren (package:flutter/src/widgets/framework.dart:5763:14)
#86     _InactiveElements._unmount (package:flutter/src/widgets/framework.dart:2071:13)
#87     _InactiveElements._unmount.<anonymous closure> (package:flutter/src/widgets/framework.dart:2073:7)
#88     ComponentElement.visitChildren (package:flutter/src/widgets/framework.dart:5763:14)
#89     _InactiveElements._unmount (package:flutter/src/widgets/framework.dart:2071:13)
#90     _InactiveElements._unmount.<anonymous closure> (package:flutter/src/widgets/framework.dart:2073:7)
#91     ComponentElement.visitChildren (package:flutter/src/widgets/framework.dart:5763:14)
#92     _InactiveElements._unmount (package:flutter/src/widgets/framework.dart:2071:13)
#93     _InactiveElements._unmount.<anonymous closure> (package:flutter/src/widgets/framework.dart:2073:7)
#94     ComponentElement.visitChildren (package:flutter/src/widgets/framework.dart:5763:14)
#95     _InactiveElements._unmount (package:flutter/src/widgets/framework.dart:2071:13)
#96     _InactiveElements._unmount.<anonymous closure> (package:flutter/src/widgets/framework.dart:2073:7)
#97     ComponentElement.visitChildren (package:flutter/src/widgets/framework.dart:5763:14)
#98     _InactiveElements._unmount (package:flutter/src/widgets/framework.dart:2071:13)
#99     _InactiveElements._unmount.<anonymous closure> (package:flutter/src/widgets/framework.dart:2073:7)
#100    SingleChildRenderObjectElement.visitChildren (package:flutter/src/widgets/framework.dart:6994:14)
#101    _InactiveElements._unmount (package:flutter/src/widgets/framework.dart:2071:13)
#102    _InactiveElements._unmount.<anonymous closure> (package:flutter/src/widgets/framework.dart:2073:7)
#103    ComponentElement.visitChildren (package:flutter/src/widgets/framework.dart:5763:14)
#104    _InactiveElements._unmount (package:flutter/src/widgets/framework.dart:2071:13)
#105    _InactiveElements._unmount.<anonymous closure> (package:flutter/src/widgets/framework.dart:2073:7)
#106    ComponentElement.visitChildren (package:flutter/src/widgets/framework.dart:5763:14)
#107    _InactiveElements._unmount (package:flutter/src/widgets/framework.dart:2071:13)
#108    _InactiveElements._unmount.<anonymous closure> (package:flutter/src/widgets/framework.dart:2073:7)
#109    ComponentElement.visitChildren (package:flutter/src/widgets/framework.dart:5763:14)
#110    _InactiveElements._unmount (package:flutter/src/widgets/framework.dart:2071:13)
#111    _InactiveElements._unmount.<anonymous closure> (package:flutter/src/widgets/framework.dart:2073:7)
#112    ComponentElement.visitChildren (package:flutter/src/widgets/framework.dart:5763:14)
#113    _InactiveElements._unmount (package:flutter/src/widgets/framework.dart:2071:13)
#114    _InactiveElements._unmount.<anonymous closure> (package:flutter/src/widgets/framework.dart:2073:7)
#115    ComponentElement.visitChildren (package:flutter/src/widgets/framework.dart:5763:14)
#116    _InactiveElements._unmount (package:flutter/src/widgets/framework.dart:2071:13)
#117    _InactiveElements._unmount.<anonymous closure> (package:flutter/src/widgets/framework.dart:2073:7)
#118    SingleChildRenderObjectElement.visitChildren (package:flutter/src/widgets/framework.dart:6994:14)
#119    _InactiveElements._unmount (package:flutter/src/widgets/framework.dart:2071:13)
#120    _InactiveElements._unmount.<anonymous closure> (package:flutter/src/widgets/framework.dart:2073:7)
#121    ComponentElement.visitChildren (package:flutter/src/widgets/framework.dart:5763:14)
#122    _InactiveElements._unmount (package:flutter/src/widgets/framework.dart:2071:13)
#123    _InactiveElements._unmount.<anonymous closure> (package:flutter/src/widgets/framework.dart:2073:7)
#124    ComponentElement.visitChildren (package:flutter/src/widgets/framework.dart:5763:14)
#125    _InactiveElements._unmount (package:flutter/src/widgets/framework.dart:2071:13)
#126    _InactiveElements._unmount.<anonymous closure> (package:flutter/src/widgets/framework.dart:2073:7)
#127    ComponentElement.visitChildren (package:flutter/src/widgets/framework.dart:5763:14)
#128    _InactiveElements._unmount (package:flutter/src/widgets/framework.dart:2071:13)
#129    _InactiveElements._unmount.<anonymous closure> (package:flutter/src/widgets/framework.dart:2073:7)
#130    ComponentElement.visitChildren (package:flutter/src/widgets/framework.dart:5763:14)
#131    _InactiveElements._unmount (package:flutter/src/widgets/framework.dart:2071:13)
#132    _InactiveElements._unmount.<anonymous closure> (package:flutter/src/widgets/framework.dart:2073:7)
#133    MultiChildRenderObjectElement.visitChildren (package:flutter/src/widgets/framework.dart:7118:16)
#134    _InactiveElements._unmount (package:flutter/src/widgets/framework.dart:2071:13)
#135    _InactiveElements._unmount.<anonymous closure> (package:flutter/src/widgets/framework.dart:2073:7)
#136    ComponentElement.visitChildren (package:flutter/src/widgets/framework.dart:5763:14)
#137    _InactiveElements._unmount (package:flutter/src/widgets/framework.dart:2071:13)
#138    _InactiveElements._unmount.<anonymous closure> (package:flutter/src/widgets/framework.dart:2073:7)
#139    ComponentElement.visitChildren (package:flutter/src/widgets/framework.dart:5763:14)
#140    _InactiveElements._unmount (package:flutter/src/widgets/framework.dart:2071:13)
#141    _InactiveElements._unmount.<anonymous closure> (package:flutter/src/widgets/framework.dart:2073:7)
#142    ComponentElement.visitChildren (package:flutter/src/widgets/framework.dart:5763:14)
#143    _InactiveElements._unmount (package:flutter/src/widgets/framework.dart:2071:13)
#144    _InactiveElements._unmount.<anonymous closure> (package:flutter/src/widgets/framework.dart:2073:7)
#145    ComponentElement.visitChildren (package:flutter/src/widgets/framework.dart:5763:14)
#146    _InactiveElements._unmount (package:flutter/src/widgets/framework.dart:2071:13)
#147    _InactiveElements._unmount.<anonymous closure> (package:flutter/src/widgets/framework.dart:2073:7)
#148    ComponentElement.visitChildren (package:flutter/src/widgets/framework.dart:5763:14)
#149    _InactiveElements._unmount (package:flutter/src/widgets/framework.dart:2071:13)
#150    _InactiveElements._unmount.<anonymous closure> (package:flutter/src/widgets/framework.dart:2073:7)
#151    ComponentElement.visitChildren (package:flutter/src/widgets/framework.dart:5763:14)
#152    _InactiveElements._unmount (package:flutter/src/widgets/framework.dart:2071:13)
#153    _InactiveElements._unmount.<anonymous closure> (package:flutter/src/widgets/framework.dart:2073:7)
#154    ComponentElement.visitChildren (package:flutter/src/widgets/framework.dart:5763:14)
#155    _InactiveElements._unmount (package:flutter/src/widgets/framework.dart:2071:13)
#156    _InactiveElements._unmount.<anonymous closure> (package:flutter/src/widgets/framework.dart:2073:7)
#157    SingleChildRenderObjectElement.visitChildren (package:flutter/src/widgets/framework.dart:6994:14)
#158    _InactiveElements._unmount (package:flutter/src/widgets/framework.dart:2071:13)
#159    _InactiveElements._unmount.<anonymous closure> (package:flutter/src/widgets/framework.dart:2073:7)
#160    SingleChildRenderObjectElement.visitChildren (package:flutter/src/widgets/framework.dart:6994:14)
#161    _InactiveElements._unmount (package:flutter/src/widgets/framework.dart:2071:13)
#162    _InactiveElements._unmount.<anonymous closure> (package:flutter/src/widgets/framework.dart:2073:7)
#163    ComponentElement.visitChildren (package:flutter/src/widgets/framework.dart:5763:14)
#164    _InactiveElements._unmount (package:flutter/src/widgets/framework.dart:2071:13)
#165    _InactiveElements._unmount.<anonymous closure> (package:flutter/src/widgets/framework.dart:2073:7)
#166    ComponentElement.visitChildren (package:flutter/src/widgets/framework.dart:5763:14)
#167    _InactiveElements._unmount (package:flutter/src/widgets/framework.dart:2071:13)
#168    _InactiveElements._unmount.<anonymous closure> (package:flutter/src/widgets/framework.dart:2073:7)
#169    ComponentElement.visitChildren (package:flutter/src/widgets/framework.dart:5763:14)
#170    _InactiveElements._unmount (package:flutter/src/widgets/framework.dart:2071:13)
#171    _InactiveElements._unmount.<anonymous closure> (package:flutter/src/widgets/framework.dart:2073:7)
#172    ComponentElement.visitChildren (package:flutter/src/widgets/framework.dart:5763:14)
#173    _InactiveElements._unmount (package:flutter/src/widgets/framework.dart:2071:13)
#174    _InactiveElements._unmount.<anonymous closure> (package:flutter/src/widgets/framework.dart:2073:7)
#175    ComponentElement.visitChildren (package:flutter/src/widgets/framework.dart:5763:14)
#176    _InactiveElements._unmount (package:flutter/src/widgets/framework.dart:2071:13)
#177    _InactiveElements._unmount.<anonymous closure> (package:flutter/src/widgets/framework.dart:2073:7)
#178    ComponentElement.visitChildren (package:flutter/src/widgets/framework.dart:5763:14)
#179    _InactiveElements._unmount (package:flutter/src/widgets/framework.dart:2071:13)
#180    _InactiveElements._unmount.<anonymous closure> (package:flutter/src/widgets/framework.dart:2073:7)
#181    ComponentElement.visitChildren (package:flutter/src/widgets/framework.dart:5763:14)
#182    _InactiveElements._unmount (package:flutter/src/widgets/framework.dart:2071:13)
#183    _InactiveElements._unmount.<anonymous closure> (package:flutter/src/widgets/framework.dart:2073:7)
#184    ComponentElement.visitChildren (package:flutter/src/widgets/framework.dart:5763:14)
#185    _InactiveElements._unmount (package:flutter/src/widgets/framework.dart:2071:13)
#186    _InactiveElements._unmount.<anonymous closure> (package:flutter/src/widgets/framework.dart:2073:7)
#187    ComponentElement.visitChildren (package:flutter/src/widgets/framework.dart:5763:14)
#188    _InactiveElements._unmount (package:flutter/src/widgets/framework.dart:2071:13)
#189    _InactiveElements._unmount.<anonymous closure> (package:flutter/src/widgets/framework.dart:2073:7)
#190    ComponentElement.visitChildren (package:flutter/src/widgets/framework.dart:5763:14)
#191    _InactiveElements._unmount (package:flutter/src/widgets/framework.dart:2071:13)
#192    _InactiveElements._unmount.<anonymous closure> (package:flutter/src/widgets/framework.dart:2073:7)
#193    ComponentElement.visitChildren (package:flutter/src/widgets/framework.dart:5763:14)
#194    _InactiveElements._unmount (package:flutter/src/widgets/framework.dart:2071:13)
#195    _InactiveElements._unmount.<anonymous closure> (package:flutter/src/widgets/framework.dart:2073:7)
#196    ComponentElement.visitChildren (package:flutter/src/widgets/framework.dart:5763:14)
#197    _InactiveElements._unmount (package:flutter/src/widgets/framework.dart:2071:13)
#198    _InactiveElements._unmount.<anonymous closure> (package:flutter/src/widgets/framework.dart:2073:7)
#199    ComponentElement.visitChildren (package:flutter/src/widgets/framework.dart:5763:14)
#200    _InactiveElements._unmount (package:flutter/src/widgets/framework.dart:2071:13)
#201    _InactiveElements._unmount.<anonymous closure> (package:flutter/src/widgets/framework.dart:2073:7)
#202    ComponentElement.visitChildren (package:flutter/src/widgets/framework.dart:5763:14)
#203    _InactiveElements._unmount (package:flutter/src/widgets/framework.dart:2071:13)
#204    _InactiveElements._unmount.<anonymous closure> (package:flutter/src/widgets/framework.dart:2073:7)
#205    ComponentElement.visitChildren (package:flutter/src/widgets/framework.dart:5763:14)
#206    _InactiveElements._unmount (package:flutter/src/widgets/framework.dart:2071:13)
#207    _InactiveElements._unmount.<anonymous closure> (package:flutter/src/widgets/framework.dart:2073:7)
#208    ComponentElement.visitChildren (package:flutter/src/widgets/framework.dart:5763:14)
#209    _InactiveElements._unmount (package:flutter/src/widgets/framework.dart:2071:13)
#210    _InactiveElements._unmount.<anonymous closure> (package:flutter/src/widgets/framework.dart:2073:7)
#211    ComponentElement.visitChildren (package:flutter/src/widgets/framework.dart:5763:14)
#212    _InactiveElements._unmount (package:flutter/src/widgets/framework.dart:2071:13)
#213    _InactiveElements._unmount.<anonymous closure> (package:flutter/src/widgets/framework.dart:2073:7)
#214    ComponentElement.visitChildren (package:flutter/src/widgets/framework.dart:5763:14)
#215    _InactiveElements._unmount (package:flutter/src/widgets/framework.dart:2071:13)
#216    _InactiveElements._unmount.<anonymous closure> (package:flutter/src/widgets/framework.dart:2073:7)
#217    ComponentElement.visitChildren (package:flutter/src/widgets/framework.dart:5763:14)
#218    _InactiveElements._unmount (package:flutter/src/widgets/framework.dart:2071:13)
#219    _InactiveElements._unmount.<anonymous closure> (package:flutter/src/widgets/framework.dart:2073:7)
#220    ComponentElement.visitChildren (package:flutter/src/widgets/framework.dart:5763:14)
#221    _InactiveElements._unmount (package:flutter/src/widgets/framework.dart:2071:13)
#222    _InactiveElements._unmount.<anonymous closure> (package:flutter/src/widgets/framework.dart:2073:7)
#223    ComponentElement.visitChildren (package:flutter/src/widgets/framework.dart:5763:14)
#224    _InactiveElements._unmount (package:flutter/src/widgets/framework.dart:2071:13)
#225    _InactiveElements._unmount.<anonymous closure> (package:flutter/src/widgets/framework.dart:2073:7)
#226    ComponentElement.visitChildren (package:flutter/src/widgets/framework.dart:5763:14)
#227    _InactiveElements._unmount (package:flutter/src/widgets/framework.dart:2071:13)
#228    _InactiveElements._unmount.<anonymous closure> (package:flutter/src/widgets/framework.dart:2073:7)
#229    ComponentElement.visitChildren (package:flutter/src/widgets/framework.dart:5763:14)
#230    _InactiveElements._unmount (package:flutter/src/widgets/framework.dart:2071:13)
#231    _InactiveElements._unmount.<anonymous closure> (package:flutter/src/widgets/framework.dart:2073:7)
#232    ComponentElement.visitChildren (package:flutter/src/widgets/framework.dart:5763:14)
#233    _InactiveElements._unmount (package:flutter/src/widgets/framework.dart:2071:13)
#234    _InactiveElements._unmount.<anonymous closure> (package:flutter/src/widgets/framework.dart:2073:7)
#235    ComponentElement.visitChildren (package:flutter/src/widgets/framework.dart:5763:14)
#236    _InactiveElements._unmount (package:flutter/src/widgets/framework.dart:2071:13)
#237    _InactiveElements._unmount.<anonymous closure> (package:flutter/src/widgets/framework.dart:2073:7)
#238    SingleChildRenderObjectElement.visitChildren (package:flutter/src/widgets/framework.dart:6994:14)
#239    _InactiveElements._unmount (package:flutter/src/widgets/framework.dart:2071:13)
#240    _InactiveElements._unmount.<anonymous closure> (package:flutter/src/widgets/framework.dart:2073:7)
#241    ComponentElement.visitChildren (package:flutter/src/widgets/framework.dart:5763:14)
#242    _InactiveElements._unmount (package:flutter/src/widgets/framework.dart:2071:13)
#243    _InactiveElements._unmount.<anonymous closure> (package:flutter/src/widgets/framework.dart:2073:7)
#244    ComponentElement.visitChildren (package:flutter/src/widgets/framework.dart:5763:14)
#245    _InactiveElements._unmount (package:flutter/src/widgets/framework.dart:2071:13)
#246    _InactiveElements._unmount.<anonymous closure> (package:flutter/src/widgets/framework.dart:2073:7)
#247    ComponentElement.visitChildren (package:flutter/src/widgets/framework.dart:5763:14)
#248    _InactiveElements._unmount (package:flutter/src/widgets/framework.dart:2071:13)
#249    _InactiveElements._unmount.<anonymous closure> (package:flutter/src/widgets/framework.dart:2073:7)
#250    ComponentElement.visitChildren (package:flutter/src/widgets/framework.dart:5763:14)
#251    _InactiveElements._unmount (package:flutter/src/widgets/framework.dart:2071:13)
#252    _InactiveElements._unmount.<anonymous closure> (package:flutter/src/widgets/framework.dart:2073:7)
#253    ComponentElement.visitChildren (package:flutter/src/widgets/framework.dart:5763:14)
#254    _InactiveElements._unmount (package:flutter/src/widgets/framework.dart:2071:13)
#255    _InactiveElements._unmount.<anonymous closure> (package:flutter/src/widgets/framework.dart:2073:7)
#256    SingleChildRenderObjectElement.visitChildren (package:flutter/src/widgets/framework.dart:6994:14)
#257    _InactiveElements._unmount (package:flutter/src/widgets/framework.dart:2071:13)
#258    _InactiveElements._unmount.<anonymous closure> (package:flutter/src/widgets/framework.dart:2073:7)
#259    ComponentElement.visitChildren (package:flutter/src/widgets/framework.dart:5763:14)
#260    _InactiveElements._unmount (package:flutter/src/widgets/framework.dart:2071:13)
#261    _InactiveElements._unmount.<anonymous closure> (package:flutter/src/widgets/framework.dart:2073:7)
#262    SingleChildRenderObjectElement.visitChildren (package:flutter/src/widgets/framework.dart:6994:14)
#263    _InactiveElements._unmount (package:flutter/src/widgets/framework.dart:2071:13)
#264    _InactiveElements._unmount.<anonymous closure> (package:flutter/src/widgets/framework.dart:2073:7)
#265    ComponentElement.visitChildren (package:flutter/src/widgets/framework.dart:5763:14)
#266    _InactiveElements._unmount (package:flutter/src/widgets/framework.dart:2071:13)
#267    _InactiveElements._unmount.<anonymous closure> (package:flutter/src/widgets/framework.dart:2073:7)
#268    ComponentElement.visitChildren (package:flutter/src/widgets/framework.dart:5763:14)
#269    _InactiveElements._unmount (package:flutter/src/widgets/framework.dart:2071:13)
#270    _InactiveElements._unmount.<anonymous closure> (package:flutter/src/widgets/framework.dart:2073:7)
#271    ComponentElement.visitChildren (package:flutter/src/widgets/framework.dart:5763:14)
#272    _InactiveElements._unmount (package:flutter/src/widgets/framework.dart:2071:13)
#273    _InactiveElements._unmount.<anonymous closure> (package:flutter/src/widgets/framework.dart:2073:7)
#274    ComponentElement.visitChildren (package:flutter/src/widgets/framework.dart:5763:14)
#275    _InactiveElements._unmount (package:flutter/src/widgets/framework.dart:2071:13)
#276    _InactiveElements._unmount.<anonymous closure> (package:flutter/src/widgets/framework.dart:2073:7)
#277    ComponentElement.visitChildren (package:flutter/src/widgets/framework.dart:5763:14)
#278    _InactiveElements._unmount (package:flutter/src/widgets/framework.dart:2071:13)
#279    _InactiveElements._unmount.<anonymous closure> (package:flutter/src/widgets/framework.dart:2073:7)
#280    SingleChildRenderObjectElement.visitChildren (package:flutter/src/widgets/framework.dart:6994:14)
#281    _InactiveElements._unmount (package:flutter/src/widgets/framework.dart:2071:13)
#282    _InactiveElements._unmount.<anonymous closure> (package:flutter/src/widgets/framework.dart:2073:7)
#283    ComponentElement.visitChildren (package:flutter/src/widgets/framework.dart:5763:14)
#284    _InactiveElements._unmount (package:flutter/src/widgets/framework.dart:2071:13)
#285    _InactiveElements._unmount.<anonymous closure> (package:flutter/src/widgets/framework.dart:2073:7)
#286    ComponentElement.visitChildren (package:flutter/src/widgets/framework.dart:5763:14)
#287    _InactiveElements._unmount (package:flutter/src/widgets/framework.dart:2071:13)
#288    _InactiveElements._unmount.<anonymous closure> (package:flutter/src/widgets/framework.dart:2073:7)
#289    ComponentElement.visitChildren (package:flutter/src/widgets/framework.dart:5763:14)
#290    _InactiveElements._unmount (package:flutter/src/widgets/framework.dart:2071:13)
#291    _InactiveElements._unmount.<anonymous closure> (package:flutter/src/widgets/framework.dart:2073:7)
#292    ComponentElement.visitChildren (package:flutter/src/widgets/framework.dart:5763:14)
#293    _InactiveElements._unmount (package:flutter/src/widgets/framework.dart:2071:13)
#294    _InactiveElements._unmount.<anonymous closure> (package:flutter/src/widgets/framework.dart:2073:7)
#295    ComponentElement.visitChildren (package:flutter/src/widgets/framework.dart:5763:14)
#296    _InactiveElements._unmount (package:flutter/src/widgets/framework.dart:2071:13)
#297    _InactiveElements._unmount.<anonymous closure> (package:flutter/src/widgets/framework.dart:2073:7)
#298    SingleChildRenderObjectElement.visitChildren (package:flutter/src/widgets/framework.dart:6994:14)
#299    _InactiveElements._unmount (package:flutter/src/widgets/framework.dart:2071:13)
#300    _InactiveElements._unmount.<anonymous closure> (package:flutter/src/widgets/framework.dart:2073:7)
#301    ComponentElement.visitChildren (package:flutter/src/widgets/framework.dart:5763:14)
#302    _InactiveElements._unmount (package:flutter/src/widgets/framework.dart:2071:13)
#303    _InactiveElements._unmount.<anonymous closure> (package:flutter/src/widgets/framework.dart:2073:7)
#304    ComponentElement.visitChildren (package:flutter/src/widgets/framework.dart:5763:14)
#305    _InactiveElements._unmount (package:flutter/src/widgets/framework.dart:2071:13)
#306    _InactiveElements._unmount.<anonymous closure> (package:flutter/src/widgets/framework.dart:2073:7)
#307    ComponentElement.visitChildren (package:flutter/src/widgets/framework.dart:5763:14)
#308    _InactiveElements._unmount (package:flutter/src/widgets/framework.dart:2071:13)
#309    _InactiveElements._unmount.<anonymous closure> (package:flutter/src/widgets/framework.dart:2073:7)
#310    ComponentElement.visitChildren (package:flutter/src/widgets/framework.dart:5763:14)
#311    _InactiveElements._unmount (package:flutter/src/widgets/framework.dart:2071:13)
#312    _InactiveElements._unmount.<anonymous closure> (package:flutter/src/widgets/framework.dart:2073:7)
#313    SingleChildRenderObjectElement.visitChildren (package:flutter/src/widgets/framework.dart:6994:14)
#314    _InactiveElements._unmount (package:flutter/src/widgets/framework.dart:2071:13)
#315    _InactiveElements._unmount.<anonymous closure> (package:flutter/src/widgets/framework.dart:2073:7)
#316    ComponentElement.visitChildren (package:flutter/src/widgets/framework.dart:5763:14)
#317    _InactiveElements._unmount (package:flutter/src/widgets/framework.dart:2071:13)
#318    _InactiveElements._unmount.<anonymous closure> (package:flutter/src/widgets/framework.dart:2073:7)
#319    ComponentElement.visitChildren (package:flutter/src/widgets/framework.dart:5763:14)
#320    _InactiveElements._unmount (package:flutter/src/widgets/framework.dart:2071:13)
#321    _InactiveElements._unmount.<anonymous closure> (package:flutter/src/widgets/framework.dart:2073:7)
#322    ComponentElement.visitChildren (package:flutter/src/widgets/framework.dart:5763:14)
#323    _InactiveElements._unmount (package:flutter/src/widgets/framework.dart:2071:13)
#324    _InactiveElements._unmount.<anonymous closure> (package:flutter/src/widgets/framework.dart:2073:7)
#325    ComponentElement.visitChildren (package:flutter/src/widgets/framework.dart:5763:14)
#326    _InactiveElements._unmount (package:flutter/src/widgets/framework.dart:2071:13)
#327    _InactiveElements._unmount.<anonymous closure> (package:flutter/src/widgets/framework.dart:2073:7)
#328    ComponentElement.visitChildren (package:flutter/src/widgets/framework.dart:5763:14)
#329    _InactiveElements._unmount (package:flutter/src/widgets/framework.dart:2071:13)
#330    _InactiveElements._unmount.<anonymous closure> (package:flutter/src/widgets/framework.dart:2073:7)
#331    ComponentElement.visitChildren (package:flutter/src/widgets/framework.dart:5763:14)
#332    _InactiveElements._unmount (package:flutter/src/widgets/framework.dart:2071:13)
#333    _InactiveElements._unmount.<anonymous closure> (package:flutter/src/widgets/framework.dart:2073:7)
#334    ComponentElement.visitChildren (package:flutter/src/widgets/framework.dart:5763:14)
#335    _InactiveElements._unmount (package:flutter/src/widgets/framework.dart:2071:13)
#336    _InactiveElements._unmount.<anonymous closure> (package:flutter/src/widgets/framework.dart:2073:7)
#337    ComponentElement.visitChildren (package:flutter/src/widgets/framework.dart:5763:14)
#338    _InactiveElements._unmount (package:flutter/src/widgets/framework.dart:2071:13)
#339    _InactiveElements._unmount.<anonymous closure> (package:flutter/src/widgets/framework.dart:2073:7)
#340    ComponentElement.visitChildren (package:flutter/src/widgets/framework.dart:5763:14)
#341    _InactiveElements._unmount (package:flutter/src/widgets/framework.dart:2071:13)
#342    _InactiveElements._unmount.<anonymous closure> (package:flutter/src/widgets/framework.dart:2073:7)
#343    ComponentElement.visitChildren (package:flutter/src/widgets/framework.dart:5763:14)
#344    _InactiveElements._unmount (package:flutter/src/widgets/framework.dart:2071:13)
#345    _InactiveElements._unmount.<anonymous closure> (package:flutter/src/widgets/framework.dart:2073:7)
#346    ComponentElement.visitChildren (package:flutter/src/widgets/framework.dart:5763:14)
#347    _InactiveElements._unmount (package:flutter/src/widgets/framework.dart:2071:13)
#348    _InactiveElements._unmount.<anonymous closure> (package:flutter/src/widgets/framework.dart:2073:7)
#349    SingleChildRenderObjectElement.visitChildren (package:flutter/src/widgets/framework.dart:6994:14)
#350    _InactiveElements._unmount (package:flutter/src/widgets/framework.dart:2071:13)
#351    _InactiveElements._unmount.<anonymous closure> (package:flutter/src/widgets/framework.dart:2073:7)
#352    ComponentElement.visitChildren (package:flutter/src/widgets/framework.dart:5763:14)
#353    _InactiveElements._unmount (package:flutter/src/widgets/framework.dart:2071:13)
#354    _InactiveElements._unmount.<anonymous closure> (package:flutter/src/widgets/framework.dart:2073:7)
#355    ComponentElement.visitChildren (package:flutter/src/widgets/framework.dart:5763:14)
#356    _InactiveElements._unmount (package:flutter/src/widgets/framework.dart:2071:13)
#357    _InactiveElements._unmount.<anonymous closure> (package:flutter/src/widgets/framework.dart:2073:7)
#358    ComponentElement.visitChildren (package:flutter/src/widgets/framework.dart:5763:14)
#359    _InactiveElements._unmount (package:flutter/src/widgets/framework.dart:2071:13)
#360    _InactiveElements._unmount.<anonymous closure> (package:flutter/src/widgets/framework.dart:2073:7)
#361    ComponentElement.visitChildren (package:flutter/src/widgets/framework.dart:5763:14)
#362    _InactiveElements._unmount (package:flutter/src/widgets/framework.dart:2071:13)
#363    _InactiveElements._unmount.<anonymous closure> (package:flutter/src/widgets/framework.dart:2073:7)
#364    ComponentElement.visitChildren (package:flutter/src/widgets/framework.dart:5763:14)
#365    _InactiveElements._unmount (package:flutter/src/widgets/framework.dart:2071:13)
#366    _InactiveElements._unmount.<anonymous closure> (package:flutter/src/widgets/framework.dart:2073:7)
#367    ComponentElement.visitChildren (package:flutter/src/widgets/framework.dart:5763:14)
#368    _InactiveElements._unmount (package:flutter/src/widgets/framework.dart:2071:13)
#369    _InactiveElements._unmount.<anonymous closure> (package:flutter/src/widgets/framework.dart:2073:7)
#370    ComponentElement.visitChildren (package:flutter/src/widgets/framework.dart:5763:14)
#371    _InactiveElements._unmount (package:flutter/src/widgets/framework.dart:2071:13)
#372    ListIterable.forEach (dart:_internal/iterable.dart:49:13)
#373    _InactiveElements._unmountAll (package:flutter/src/widgets/framework.dart:2084:25)
#374    BuildOwner.lockState (package:flutter/src/widgets/framework.dart:2965:15)
#375    BuildOwner.finalizeTree (package:flutter/src/widgets/framework.dart:3288:7)
#376    AutomatedTestWidgetsFlutterBinding.drawFrame (package:flutter_test/src/binding.dart:1537:19)
#377    RendererBinding._handlePersistentFrameCallback (package:flutter/src/rendering/binding.dart:495:5)
#378    SchedulerBinding._invokeFrameCallback (package:flutter/src/scheduler/binding.dart:1438:15)
#379    SchedulerBinding.handleDrawFrame (package:flutter/src/scheduler/binding.dart:1351:9)
#380    AutomatedTestWidgetsFlutterBinding.scheduleWarmUpFrame (package:flutter_test/src/binding.dart:1441:5)
#381    _runWidget (package:flutter/src/widgets/binding.dart:1558:7)
#382    runApp (package:flutter/src/widgets/binding.dart:1491:3)
#383    TestWidgetsFlutterBinding._runTestBody (package:flutter_test/src/binding.dart:1071:7)
<asynchronous suspension>
<asynchronous suspension>
(elided 5 frames from dart:async and package:stack_trace)

══╡ EXCEPTION CAUGHT BY FLUTTER TEST FRAMEWORK ╞════════════════════════════════════════════════════
The following assertion was thrown running a test:
A Timer is still pending even after the widget tree was disposed.
'package:flutter_test/src/binding.dart':
Failed assertion: line 1626 pos 12: '!timersPending'

When the exception was thrown, this was the stack:
#2      AutomatedTestWidgetsFlutterBinding._verifyInvariants (package:flutter_test/src/binding.dart:1626:12)
#3      TestWidgetsFlutterBinding._runTestBody (package:flutter_test/src/binding.dart:1083:7)
<asynchronous suspension>
<asynchronous suspension>
(elided 3 frames from class _AssertionError and package:stack_trace)

The test description was:
  should navigate to create room screen when requested
════════════════════════════════════════════════════════════════════════════════════════════════════
00:05 +4 -2: /mnt/d/dev/Ojyx/test/core/config/router_config_test.dart: Router Navigation Behavior should navigate to create room screen when requested [E]                                             
  Test failed. See exception logs above.
  The test description was: should navigate to create room screen when requested
  

To run this test again: /home/hyminix/flutter/bin/cache/dart-sdk/bin/dart test /mnt/d/dev/Ojyx/test/core/config/router_config_test.dart -p vm --plain-name 'Router Navigation Behavior should navigate to create room screen when requested'
00:05 +4 -2: /mnt/d/dev/Ojyx/test/core/config/router_config_test.dart: Router Navigation Behavior should navigate to join room screen when requested                                                   00:06 +4 -2: /mnt/d/dev/Ojyx/test/core/config/router_config_test.dart: Router Navigation Behavior should navigate to join room screen when requested                                                   00:06 +4 -2: /mnt/d/dev/Ojyx/test/core/config/router_config_test.dart: Router Navigation Behavior should navigate to join room screen when requested                                                   
Pending timers:
Timer (duration: 0:00:00.000000, periodic: false), created:
#0      new FakeTimer._ (package:fake_async/fake_async.dart:342:62)
#1      FakeAsync._createTimer (package:fake_async/fake_async.dart:260:29)
#2      FakeAsync.run.<anonymous closure> (package:fake_async/fake_async.dart:185:15)
#7      _defaultVsync (package:riverpod/src/framework/scheduler.dart:9:3)
#8      ProviderScheduler._scheduleTask (package:riverpod/src/framework/scheduler.dart:80:10)
#9      ProviderScheduler.scheduleProviderDispose (package:riverpod/src/framework/scheduler.dart:116:5)
#10     AutoDisposeProviderElementMixin.mayNeedDispose (package:riverpod/src/framework/auto_dispose.dart:25:28)
#11     ProviderElementBase._onRemoveListener (package:riverpod/src/framework/element.dart:886:5)
#12     _ProviderStateSubscription.close (package:riverpod/src/framework/provider_base.dart:188:23)
#13     ConsumerStatefulElement.unmount (package:flutter_riverpod/src/consumer.dart:578:18)
#14     _InactiveElements._unmount (package:flutter/src/widgets/framework.dart:2075:13)
#15     _InactiveElements._unmount.<anonymous closure> (package:flutter/src/widgets/framework.dart:2073:7)
#16     ComponentElement.visitChildren (package:flutter/src/widgets/framework.dart:5763:14)
#17     _InactiveElements._unmount (package:flutter/src/widgets/framework.dart:2071:13)
#18     _InactiveElements._unmount.<anonymous closure> (package:flutter/src/widgets/framework.dart:2073:7)
#19     SingleChildRenderObjectElement.visitChildren (package:flutter/src/widgets/framework.dart:6994:14)
#20     _InactiveElements._unmount (package:flutter/src/widgets/framework.dart:2071:13)
#21     _InactiveElements._unmount.<anonymous closure> (package:flutter/src/widgets/framework.dart:2073:7)
#22     ComponentElement.visitChildren (package:flutter/src/widgets/framework.dart:5763:14)
#23     _InactiveElements._unmount (package:flutter/src/widgets/framework.dart:2071:13)
#24     _InactiveElements._unmount.<anonymous closure> (package:flutter/src/widgets/framework.dart:2073:7)
#25     SingleChildRenderObjectElement.visitChildren (package:flutter/src/widgets/framework.dart:6994:14)
#26     _InactiveElements._unmount (package:flutter/src/widgets/framework.dart:2071:13)
#27     _InactiveElements._unmount.<anonymous closure> (package:flutter/src/widgets/framework.dart:2073:7)
#28     SingleChildRenderObjectElement.visitChildren (package:flutter/src/widgets/framework.dart:6994:14)
#29     _InactiveElements._unmount (package:flutter/src/widgets/framework.dart:2071:13)
#30     _InactiveElements._unmount.<anonymous closure> (package:flutter/src/widgets/framework.dart:2073:7)
#31     ComponentElement.visitChildren (package:flutter/src/widgets/framework.dart:5763:14)
#32     _InactiveElements._unmount (package:flutter/src/widgets/framework.dart:2071:13)
#33     _InactiveElements._unmount.<anonymous closure> (package:flutter/src/widgets/framework.dart:2073:7)
#34     SingleChildRenderObjectElement.visitChildren (package:flutter/src/widgets/framework.dart:6994:14)
#35     _InactiveElements._unmount (package:flutter/src/widgets/framework.dart:2071:13)
#36     _InactiveElements._unmount.<anonymous closure> (package:flutter/src/widgets/framework.dart:2073:7)
#37     ComponentElement.visitChildren (package:flutter/src/widgets/framework.dart:5763:14)
#38     _InactiveElements._unmount (package:flutter/src/widgets/framework.dart:2071:13)
#39     _InactiveElements._unmount.<anonymous closure> (package:flutter/src/widgets/framework.dart:2073:7)
#40     SingleChildRenderObjectElement.visitChildren (package:flutter/src/widgets/framework.dart:6994:14)
#41     _InactiveElements._unmount (package:flutter/src/widgets/framework.dart:2071:13)
#42     _InactiveElements._unmount.<anonymous closure> (package:flutter/src/widgets/framework.dart:2073:7)
#43     ComponentElement.visitChildren (package:flutter/src/widgets/framework.dart:5763:14)
#44     _InactiveElements._unmount (package:flutter/src/widgets/framework.dart:2071:13)
#45     _InactiveElements._unmount.<anonymous closure> (package:flutter/src/widgets/framework.dart:2073:7)
#46     ComponentElement.visitChildren (package:flutter/src/widgets/framework.dart:5763:14)
#47     _InactiveElements._unmount (package:flutter/src/widgets/framework.dart:2071:13)
#48     _InactiveElements._unmount.<anonymous closure> (package:flutter/src/widgets/framework.dart:2073:7)
#49     SingleChildRenderObjectElement.visitChildren (package:flutter/src/widgets/framework.dart:6994:14)
#50     _InactiveElements._unmount (package:flutter/src/widgets/framework.dart:2071:13)
#51     _InactiveElements._unmount.<anonymous closure> (package:flutter/src/widgets/framework.dart:2073:7)
#52     ComponentElement.visitChildren (package:flutter/src/widgets/framework.dart:5763:14)
#53     _InactiveElements._unmount (package:flutter/src/widgets/framework.dart:2071:13)
#54     _InactiveElements._unmount.<anonymous closure> (package:flutter/src/widgets/framework.dart:2073:7)
#55     SingleChildRenderObjectElement.visitChildren (package:flutter/src/widgets/framework.dart:6994:14)
#56     _InactiveElements._unmount (package:flutter/src/widgets/framework.dart:2071:13)
#57     _InactiveElements._unmount.<anonymous closure> (package:flutter/src/widgets/framework.dart:2073:7)
#58     ComponentElement.visitChildren (package:flutter/src/widgets/framework.dart:5763:14)
#59     _InactiveElements._unmount (package:flutter/src/widgets/framework.dart:2071:13)
#60     _InactiveElements._unmount.<anonymous closure> (package:flutter/src/widgets/framework.dart:2073:7)
#61     ComponentElement.visitChildren (package:flutter/src/widgets/framework.dart:5763:14)
#62     _InactiveElements._unmount (package:flutter/src/widgets/framework.dart:2071:13)
#63     _InactiveElements._unmount.<anonymous closure> (package:flutter/src/widgets/framework.dart:2073:7)
#64     ComponentElement.visitChildren (package:flutter/src/widgets/framework.dart:5763:14)
#65     _InactiveElements._unmount (package:flutter/src/widgets/framework.dart:2071:13)
#66     _InactiveElements._unmount.<anonymous closure> (package:flutter/src/widgets/framework.dart:2073:7)
#67     ComponentElement.visitChildren (package:flutter/src/widgets/framework.dart:5763:14)
#68     _InactiveElements._unmount (package:flutter/src/widgets/framework.dart:2071:13)
#69     _InactiveElements._unmount.<anonymous closure> (package:flutter/src/widgets/framework.dart:2073:7)
#70     ComponentElement.visitChildren (package:flutter/src/widgets/framework.dart:5763:14)
#71     _InactiveElements._unmount (package:flutter/src/widgets/framework.dart:2071:13)
#72     _InactiveElements._unmount.<anonymous closure> (package:flutter/src/widgets/framework.dart:2073:7)
#73     SingleChildRenderObjectElement.visitChildren (package:flutter/src/widgets/framework.dart:6994:14)
#74     _InactiveElements._unmount (package:flutter/src/widgets/framework.dart:2071:13)
#75     _InactiveElements._unmount.<anonymous closure> (package:flutter/src/widgets/framework.dart:2073:7)
#76     ComponentElement.visitChildren (package:flutter/src/widgets/framework.dart:5763:14)
#77     _InactiveElements._unmount (package:flutter/src/widgets/framework.dart:2071:13)
#78     _InactiveElements._unmount.<anonymous closure> (package:flutter/src/widgets/framework.dart:2073:7)
#79     SingleChildRenderObjectElement.visitChildren (package:flutter/src/widgets/framework.dart:6994:14)
#80     _InactiveElements._unmount (package:flutter/src/widgets/framework.dart:2071:13)
#81     _InactiveElements._unmount.<anonymous closure> (package:flutter/src/widgets/framework.dart:2073:7)
#82     ComponentElement.visitChildren (package:flutter/src/widgets/framework.dart:5763:14)
#83     _InactiveElements._unmount (package:flutter/src/widgets/framework.dart:2071:13)
#84     _InactiveElements._unmount.<anonymous closure> (package:flutter/src/widgets/framework.dart:2073:7)
#85     ComponentElement.visitChildren (package:flutter/src/widgets/framework.dart:5763:14)
#86     _InactiveElements._unmount (package:flutter/src/widgets/framework.dart:2071:13)
#87     _InactiveElements._unmount.<anonymous closure> (package:flutter/src/widgets/framework.dart:2073:7)
#88     ComponentElement.visitChildren (package:flutter/src/widgets/framework.dart:5763:14)
#89     _InactiveElements._unmount (package:flutter/src/widgets/framework.dart:2071:13)
#90     _InactiveElements._unmount.<anonymous closure> (package:flutter/src/widgets/framework.dart:2073:7)
#91     ComponentElement.visitChildren (package:flutter/src/widgets/framework.dart:5763:14)
#92     _InactiveElements._unmount (package:flutter/src/widgets/framework.dart:2071:13)
#93     _InactiveElements._unmount.<anonymous closure> (package:flutter/src/widgets/framework.dart:2073:7)
#94     ComponentElement.visitChildren (package:flutter/src/widgets/framework.dart:5763:14)
#95     _InactiveElements._unmount (package:flutter/src/widgets/framework.dart:2071:13)
#96     _InactiveElements._unmount.<anonymous closure> (package:flutter/src/widgets/framework.dart:2073:7)
#97     ComponentElement.visitChildren (package:flutter/src/widgets/framework.dart:5763:14)
#98     _InactiveElements._unmount (package:flutter/src/widgets/framework.dart:2071:13)
#99     _InactiveElements._unmount.<anonymous closure> (package:flutter/src/widgets/framework.dart:2073:7)
#100    SingleChildRenderObjectElement.visitChildren (package:flutter/src/widgets/framework.dart:6994:14)
#101    _InactiveElements._unmount (package:flutter/src/widgets/framework.dart:2071:13)
#102    _InactiveElements._unmount.<anonymous closure> (package:flutter/src/widgets/framework.dart:2073:7)
#103    ComponentElement.visitChildren (package:flutter/src/widgets/framework.dart:5763:14)
#104    _InactiveElements._unmount (package:flutter/src/widgets/framework.dart:2071:13)
#105    _InactiveElements._unmount.<anonymous closure> (package:flutter/src/widgets/framework.dart:2073:7)
#106    ComponentElement.visitChildren (package:flutter/src/widgets/framework.dart:5763:14)
#107    _InactiveElements._unmount (package:flutter/src/widgets/framework.dart:2071:13)
#108    _InactiveElements._unmount.<anonymous closure> (package:flutter/src/widgets/framework.dart:2073:7)
#109    ComponentElement.visitChildren (package:flutter/src/widgets/framework.dart:5763:14)
#110    _InactiveElements._unmount (package:flutter/src/widgets/framework.dart:2071:13)
#111    _InactiveElements._unmount.<anonymous closure> (package:flutter/src/widgets/framework.dart:2073:7)
#112    ComponentElement.visitChildren (package:flutter/src/widgets/framework.dart:5763:14)
#113    _InactiveElements._unmount (package:flutter/src/widgets/framework.dart:2071:13)
#114    _InactiveElements._unmount.<anonymous closure> (package:flutter/src/widgets/framework.dart:2073:7)
#115    ComponentElement.visitChildren (package:flutter/src/widgets/framework.dart:5763:14)
#116    _InactiveElements._unmount (package:flutter/src/widgets/framework.dart:2071:13)
#117    _InactiveElements._unmount.<anonymous closure> (package:flutter/src/widgets/framework.dart:2073:7)
#118    SingleChildRenderObjectElement.visitChildren (package:flutter/src/widgets/framework.dart:6994:14)
#119    _InactiveElements._unmount (package:flutter/src/widgets/framework.dart:2071:13)
#120    _InactiveElements._unmount.<anonymous closure> (package:flutter/src/widgets/framework.dart:2073:7)
#121    ComponentElement.visitChildren (package:flutter/src/widgets/framework.dart:5763:14)
#122    _InactiveElements._unmount (package:flutter/src/widgets/framework.dart:2071:13)
#123    _InactiveElements._unmount.<anonymous closure> (package:flutter/src/widgets/framework.dart:2073:7)
#124    ComponentElement.visitChildren (package:flutter/src/widgets/framework.dart:5763:14)
#125    _InactiveElements._unmount (package:flutter/src/widgets/framework.dart:2071:13)
#126    _InactiveElements._unmount.<anonymous closure> (package:flutter/src/widgets/framework.dart:2073:7)
#127    ComponentElement.visitChildren (package:flutter/src/widgets/framework.dart:5763:14)
#128    _InactiveElements._unmount (package:flutter/src/widgets/framework.dart:2071:13)
#129    _InactiveElements._unmount.<anonymous closure> (package:flutter/src/widgets/framework.dart:2073:7)
#130    ComponentElement.visitChildren (package:flutter/src/widgets/framework.dart:5763:14)
#131    _InactiveElements._unmount (package:flutter/src/widgets/framework.dart:2071:13)
#132    _InactiveElements._unmount.<anonymous closure> (package:flutter/src/widgets/framework.dart:2073:7)
#133    MultiChildRenderObjectElement.visitChildren (package:flutter/src/widgets/framework.dart:7118:16)
#134    _InactiveElements._unmount (package:flutter/src/widgets/framework.dart:2071:13)
#135    _InactiveElements._unmount.<anonymous closure> (package:flutter/src/widgets/framework.dart:2073:7)
#136    ComponentElement.visitChildren (package:flutter/src/widgets/framework.dart:5763:14)
#137    _InactiveElements._unmount (package:flutter/src/widgets/framework.dart:2071:13)
#138    _InactiveElements._unmount.<anonymous closure> (package:flutter/src/widgets/framework.dart:2073:7)
#139    ComponentElement.visitChildren (package:flutter/src/widgets/framework.dart:5763:14)
#140    _InactiveElements._unmount (package:flutter/src/widgets/framework.dart:2071:13)
#141    _InactiveElements._unmount.<anonymous closure> (package:flutter/src/widgets/framework.dart:2073:7)
#142    ComponentElement.visitChildren (package:flutter/src/widgets/framework.dart:5763:14)
#143    _InactiveElements._unmount (package:flutter/src/widgets/framework.dart:2071:13)
#144    _InactiveElements._unmount.<anonymous closure> (package:flutter/src/widgets/framework.dart:2073:7)
#145    ComponentElement.visitChildren (package:flutter/src/widgets/framework.dart:5763:14)
#146    _InactiveElements._unmount (package:flutter/src/widgets/framework.dart:2071:13)
#147    _InactiveElements._unmount.<anonymous closure> (package:flutter/src/widgets/framework.dart:2073:7)
#148    ComponentElement.visitChildren (package:flutter/src/widgets/framework.dart:5763:14)
#149    _InactiveElements._unmount (package:flutter/src/widgets/framework.dart:2071:13)
#150    _InactiveElements._unmount.<anonymous closure> (package:flutter/src/widgets/framework.dart:2073:7)
#151    ComponentElement.visitChildren (package:flutter/src/widgets/framework.dart:5763:14)
#152    _InactiveElements._unmount (package:flutter/src/widgets/framework.dart:2071:13)
#153    _InactiveElements._unmount.<anonymous closure> (package:flutter/src/widgets/framework.dart:2073:7)
#154    ComponentElement.visitChildren (package:flutter/src/widgets/framework.dart:5763:14)
#155    _InactiveElements._unmount (package:flutter/src/widgets/framework.dart:2071:13)
#156    _InactiveElements._unmount.<anonymous closure> (package:flutter/src/widgets/framework.dart:2073:7)
#157    SingleChildRenderObjectElement.visitChildren (package:flutter/src/widgets/framework.dart:6994:14)
#158    _InactiveElements._unmount (package:flutter/src/widgets/framework.dart:2071:13)
#159    _InactiveElements._unmount.<anonymous closure> (package:flutter/src/widgets/framework.dart:2073:7)
#160    SingleChildRenderObjectElement.visitChildren (package:flutter/src/widgets/framework.dart:6994:14)
#161    _InactiveElements._unmount (package:flutter/src/widgets/framework.dart:2071:13)
#162    _InactiveElements._unmount.<anonymous closure> (package:flutter/src/widgets/framework.dart:2073:7)
#163    ComponentElement.visitChildren (package:flutter/src/widgets/framework.dart:5763:14)
#164    _InactiveElements._unmount (package:flutter/src/widgets/framework.dart:2071:13)
#165    _InactiveElements._unmount.<anonymous closure> (package:flutter/src/widgets/framework.dart:2073:7)
#166    ComponentElement.visitChildren (package:flutter/src/widgets/framework.dart:5763:14)
#167    _InactiveElements._unmount (package:flutter/src/widgets/framework.dart:2071:13)
#168    _InactiveElements._unmount.<anonymous closure> (package:flutter/src/widgets/framework.dart:2073:7)
#169    ComponentElement.visitChildren (package:flutter/src/widgets/framework.dart:5763:14)
#170    _InactiveElements._unmount (package:flutter/src/widgets/framework.dart:2071:13)
#171    _InactiveElements._unmount.<anonymous closure> (package:flutter/src/widgets/framework.dart:2073:7)
#172    ComponentElement.visitChildren (package:flutter/src/widgets/framework.dart:5763:14)
#173    _InactiveElements._unmount (package:flutter/src/widgets/framework.dart:2071:13)
#174    _InactiveElements._unmount.<anonymous closure> (package:flutter/src/widgets/framework.dart:2073:7)
#175    ComponentElement.visitChildren (package:flutter/src/widgets/framework.dart:5763:14)
#176    _InactiveElements._unmount (package:flutter/src/widgets/framework.dart:2071:13)
#177    _InactiveElements._unmount.<anonymous closure> (package:flutter/src/widgets/framework.dart:2073:7)
#178    ComponentElement.visitChildren (package:flutter/src/widgets/framework.dart:5763:14)
#179    _InactiveElements._unmount (package:flutter/src/widgets/framework.dart:2071:13)
#180    _InactiveElements._unmount.<anonymous closure> (package:flutter/src/widgets/framework.dart:2073:7)
#181    ComponentElement.visitChildren (package:flutter/src/widgets/framework.dart:5763:14)
#182    _InactiveElements._unmount (package:flutter/src/widgets/framework.dart:2071:13)
#183    _InactiveElements._unmount.<anonymous closure> (package:flutter/src/widgets/framework.dart:2073:7)
#184    ComponentElement.visitChildren (package:flutter/src/widgets/framework.dart:5763:14)
#185    _InactiveElements._unmount (package:flutter/src/widgets/framework.dart:2071:13)
#186    _InactiveElements._unmount.<anonymous closure> (package:flutter/src/widgets/framework.dart:2073:7)
#187    ComponentElement.visitChildren (package:flutter/src/widgets/framework.dart:5763:14)
#188    _InactiveElements._unmount (package:flutter/src/widgets/framework.dart:2071:13)
#189    _InactiveElements._unmount.<anonymous closure> (package:flutter/src/widgets/framework.dart:2073:7)
#190    ComponentElement.visitChildren (package:flutter/src/widgets/framework.dart:5763:14)
#191    _InactiveElements._unmount (package:flutter/src/widgets/framework.dart:2071:13)
#192    _InactiveElements._unmount.<anonymous closure> (package:flutter/src/widgets/framework.dart:2073:7)
#193    ComponentElement.visitChildren (package:flutter/src/widgets/framework.dart:5763:14)
#194    _InactiveElements._unmount (package:flutter/src/widgets/framework.dart:2071:13)
#195    _InactiveElements._unmount.<anonymous closure> (package:flutter/src/widgets/framework.dart:2073:7)
#196    ComponentElement.visitChildren (package:flutter/src/widgets/framework.dart:5763:14)
#197    _InactiveElements._unmount (package:flutter/src/widgets/framework.dart:2071:13)
#198    _InactiveElements._unmount.<anonymous closure> (package:flutter/src/widgets/framework.dart:2073:7)
#199    ComponentElement.visitChildren (package:flutter/src/widgets/framework.dart:5763:14)
#200    _InactiveElements._unmount (package:flutter/src/widgets/framework.dart:2071:13)
#201    _InactiveElements._unmount.<anonymous closure> (package:flutter/src/widgets/framework.dart:2073:7)
#202    ComponentElement.visitChildren (package:flutter/src/widgets/framework.dart:5763:14)
#203    _InactiveElements._unmount (package:flutter/src/widgets/framework.dart:2071:13)
#204    _InactiveElements._unmount.<anonymous closure> (package:flutter/src/widgets/framework.dart:2073:7)
#205    ComponentElement.visitChildren (package:flutter/src/widgets/framework.dart:5763:14)
#206    _InactiveElements._unmount (package:flutter/src/widgets/framework.dart:2071:13)
#207    _InactiveElements._unmount.<anonymous closure> (package:flutter/src/widgets/framework.dart:2073:7)
#208    ComponentElement.visitChildren (package:flutter/src/widgets/framework.dart:5763:14)
#209    _InactiveElements._unmount (package:flutter/src/widgets/framework.dart:2071:13)
#210    _InactiveElements._unmount.<anonymous closure> (package:flutter/src/widgets/framework.dart:2073:7)
#211    ComponentElement.visitChildren (package:flutter/src/widgets/framework.dart:5763:14)
#212    _InactiveElements._unmount (package:flutter/src/widgets/framework.dart:2071:13)
#213    _InactiveElements._unmount.<anonymous closure> (package:flutter/src/widgets/framework.dart:2073:7)
#214    ComponentElement.visitChildren (package:flutter/src/widgets/framework.dart:5763:14)
#215    _InactiveElements._unmount (package:flutter/src/widgets/framework.dart:2071:13)
#216    _InactiveElements._unmount.<anonymous closure> (package:flutter/src/widgets/framework.dart:2073:7)
#217    ComponentElement.visitChildren (package:flutter/src/widgets/framework.dart:5763:14)
#218    _InactiveElements._unmount (package:flutter/src/widgets/framework.dart:2071:13)
#219    _InactiveElements._unmount.<anonymous closure> (package:flutter/src/widgets/framework.dart:2073:7)
#220    ComponentElement.visitChildren (package:flutter/src/widgets/framework.dart:5763:14)
#221    _InactiveElements._unmount (package:flutter/src/widgets/framework.dart:2071:13)
#222    _InactiveElements._unmount.<anonymous closure> (package:flutter/src/widgets/framework.dart:2073:7)
#223    ComponentElement.visitChildren (package:flutter/src/widgets/framework.dart:5763:14)
#224    _InactiveElements._unmount (package:flutter/src/widgets/framework.dart:2071:13)
#225    _InactiveElements._unmount.<anonymous closure> (package:flutter/src/widgets/framework.dart:2073:7)
#226    ComponentElement.visitChildren (package:flutter/src/widgets/framework.dart:5763:14)
#227    _InactiveElements._unmount (package:flutter/src/widgets/framework.dart:2071:13)
#228    _InactiveElements._unmount.<anonymous closure> (package:flutter/src/widgets/framework.dart:2073:7)
#229    ComponentElement.visitChildren (package:flutter/src/widgets/framework.dart:5763:14)
#230    _InactiveElements._unmount (package:flutter/src/widgets/framework.dart:2071:13)
#231    _InactiveElements._unmount.<anonymous closure> (package:flutter/src/widgets/framework.dart:2073:7)
#232    ComponentElement.visitChildren (package:flutter/src/widgets/framework.dart:5763:14)
#233    _InactiveElements._unmount (package:flutter/src/widgets/framework.dart:2071:13)
#234    _InactiveElements._unmount.<anonymous closure> (package:flutter/src/widgets/framework.dart:2073:7)
#235    ComponentElement.visitChildren (package:flutter/src/widgets/framework.dart:5763:14)
#236    _InactiveElements._unmount (package:flutter/src/widgets/framework.dart:2071:13)
#237    _InactiveElements._unmount.<anonymous closure> (package:flutter/src/widgets/framework.dart:2073:7)
#238    SingleChildRenderObjectElement.visitChildren (package:flutter/src/widgets/framework.dart:6994:14)
#239    _InactiveElements._unmount (package:flutter/src/widgets/framework.dart:2071:13)
#240    _InactiveElements._unmount.<anonymous closure> (package:flutter/src/widgets/framework.dart:2073:7)
#241    ComponentElement.visitChildren (package:flutter/src/widgets/framework.dart:5763:14)
#242    _InactiveElements._unmount (package:flutter/src/widgets/framework.dart:2071:13)
#243    _InactiveElements._unmount.<anonymous closure> (package:flutter/src/widgets/framework.dart:2073:7)
#244    ComponentElement.visitChildren (package:flutter/src/widgets/framework.dart:5763:14)
#245    _InactiveElements._unmount (package:flutter/src/widgets/framework.dart:2071:13)
#246    _InactiveElements._unmount.<anonymous closure> (package:flutter/src/widgets/framework.dart:2073:7)
#247    ComponentElement.visitChildren (package:flutter/src/widgets/framework.dart:5763:14)
#248    _InactiveElements._unmount (package:flutter/src/widgets/framework.dart:2071:13)
#249    _InactiveElements._unmount.<anonymous closure> (package:flutter/src/widgets/framework.dart:2073:7)
#250    ComponentElement.visitChildren (package:flutter/src/widgets/framework.dart:5763:14)
#251    _InactiveElements._unmount (package:flutter/src/widgets/framework.dart:2071:13)
#252    _InactiveElements._unmount.<anonymous closure> (package:flutter/src/widgets/framework.dart:2073:7)
#253    ComponentElement.visitChildren (package:flutter/src/widgets/framework.dart:5763:14)
#254    _InactiveElements._unmount (package:flutter/src/widgets/framework.dart:2071:13)
#255    _InactiveElements._unmount.<anonymous closure> (package:flutter/src/widgets/framework.dart:2073:7)
#256    SingleChildRenderObjectElement.visitChildren (package:flutter/src/widgets/framework.dart:6994:14)
#257    _InactiveElements._unmount (package:flutter/src/widgets/framework.dart:2071:13)
#258    _InactiveElements._unmount.<anonymous closure> (package:flutter/src/widgets/framework.dart:2073:7)
#259    ComponentElement.visitChildren (package:flutter/src/widgets/framework.dart:5763:14)
#260    _InactiveElements._unmount (package:flutter/src/widgets/framework.dart:2071:13)
#261    _InactiveElements._unmount.<anonymous closure> (package:flutter/src/widgets/framework.dart:2073:7)
#262    SingleChildRenderObjectElement.visitChildren (package:flutter/src/widgets/framework.dart:6994:14)
#263    _InactiveElements._unmount (package:flutter/src/widgets/framework.dart:2071:13)
#264    _InactiveElements._unmount.<anonymous closure> (package:flutter/src/widgets/framework.dart:2073:7)
#265    ComponentElement.visitChildren (package:flutter/src/widgets/framework.dart:5763:14)
#266    _InactiveElements._unmount (package:flutter/src/widgets/framework.dart:2071:13)
#267    _InactiveElements._unmount.<anonymous closure> (package:flutter/src/widgets/framework.dart:2073:7)
#268    ComponentElement.visitChildren (package:flutter/src/widgets/framework.dart:5763:14)
#269    _InactiveElements._unmount (package:flutter/src/widgets/framework.dart:2071:13)
#270    _InactiveElements._unmount.<anonymous closure> (package:flutter/src/widgets/framework.dart:2073:7)
#271    ComponentElement.visitChildren (package:flutter/src/widgets/framework.dart:5763:14)
#272    _InactiveElements._unmount (package:flutter/src/widgets/framework.dart:2071:13)
#273    _InactiveElements._unmount.<anonymous closure> (package:flutter/src/widgets/framework.dart:2073:7)
#274    ComponentElement.visitChildren (package:flutter/src/widgets/framework.dart:5763:14)
#275    _InactiveElements._unmount (package:flutter/src/widgets/framework.dart:2071:13)
#276    _InactiveElements._unmount.<anonymous closure> (package:flutter/src/widgets/framework.dart:2073:7)
#277    ComponentElement.visitChildren (package:flutter/src/widgets/framework.dart:5763:14)
#278    _InactiveElements._unmount (package:flutter/src/widgets/framework.dart:2071:13)
#279    _InactiveElements._unmount.<anonymous closure> (package:flutter/src/widgets/framework.dart:2073:7)
#280    SingleChildRenderObjectElement.visitChildren (package:flutter/src/widgets/framework.dart:6994:14)
#281    _InactiveElements._unmount (package:flutter/src/widgets/framework.dart:2071:13)
#282    _InactiveElements._unmount.<anonymous closure> (package:flutter/src/widgets/framework.dart:2073:7)
#283    ComponentElement.visitChildren (package:flutter/src/widgets/framework.dart:5763:14)
#284    _InactiveElements._unmount (package:flutter/src/widgets/framework.dart:2071:13)
#285    _InactiveElements._unmount.<anonymous closure> (package:flutter/src/widgets/framework.dart:2073:7)
#286    ComponentElement.visitChildren (package:flutter/src/widgets/framework.dart:5763:14)
#287    _InactiveElements._unmount (package:flutter/src/widgets/framework.dart:2071:13)
#288    _InactiveElements._unmount.<anonymous closure> (package:flutter/src/widgets/framework.dart:2073:7)
#289    ComponentElement.visitChildren (package:flutter/src/widgets/framework.dart:5763:14)
#290    _InactiveElements._unmount (package:flutter/src/widgets/framework.dart:2071:13)
#291    _InactiveElements._unmount.<anonymous closure> (package:flutter/src/widgets/framework.dart:2073:7)
#292    ComponentElement.visitChildren (package:flutter/src/widgets/framework.dart:5763:14)
#293    _InactiveElements._unmount (package:flutter/src/widgets/framework.dart:2071:13)
#294    _InactiveElements._unmount.<anonymous closure> (package:flutter/src/widgets/framework.dart:2073:7)
#295    ComponentElement.visitChildren (package:flutter/src/widgets/framework.dart:5763:14)
#296    _InactiveElements._unmount (package:flutter/src/widgets/framework.dart:2071:13)
#297    _InactiveElements._unmount.<anonymous closure> (package:flutter/src/widgets/framework.dart:2073:7)
#298    SingleChildRenderObjectElement.visitChildren (package:flutter/src/widgets/framework.dart:6994:14)
#299    _InactiveElements._unmount (package:flutter/src/widgets/framework.dart:2071:13)
#300    _InactiveElements._unmount.<anonymous closure> (package:flutter/src/widgets/framework.dart:2073:7)
#301    ComponentElement.visitChildren (package:flutter/src/widgets/framework.dart:5763:14)
#302    _InactiveElements._unmount (package:flutter/src/widgets/framework.dart:2071:13)
#303    _InactiveElements._unmount.<anonymous closure> (package:flutter/src/widgets/framework.dart:2073:7)
#304    ComponentElement.visitChildren (package:flutter/src/widgets/framework.dart:5763:14)
#305    _InactiveElements._unmount (package:flutter/src/widgets/framework.dart:2071:13)
#306    _InactiveElements._unmount.<anonymous closure> (package:flutter/src/widgets/framework.dart:2073:7)
#307    ComponentElement.visitChildren (package:flutter/src/widgets/framework.dart:5763:14)
#308    _InactiveElements._unmount (package:flutter/src/widgets/framework.dart:2071:13)
#309    _InactiveElements._unmount.<anonymous closure> (package:flutter/src/widgets/framework.dart:2073:7)
#310    ComponentElement.visitChildren (package:flutter/src/widgets/framework.dart:5763:14)
#311    _InactiveElements._unmount (package:flutter/src/widgets/framework.dart:2071:13)
#312    _InactiveElements._unmount.<anonymous closure> (package:flutter/src/widgets/framework.dart:2073:7)
#313    SingleChildRenderObjectElement.visitChildren (package:flutter/src/widgets/framework.dart:6994:14)
#314    _InactiveElements._unmount (package:flutter/src/widgets/framework.dart:2071:13)
#315    _InactiveElements._unmount.<anonymous closure> (package:flutter/src/widgets/framework.dart:2073:7)
#316    ComponentElement.visitChildren (package:flutter/src/widgets/framework.dart:5763:14)
#317    _InactiveElements._unmount (package:flutter/src/widgets/framework.dart:2071:13)
#318    _InactiveElements._unmount.<anonymous closure> (package:flutter/src/widgets/framework.dart:2073:7)
#319    ComponentElement.visitChildren (package:flutter/src/widgets/framework.dart:5763:14)
#320    _InactiveElements._unmount (package:flutter/src/widgets/framework.dart:2071:13)
#321    _InactiveElements._unmount.<anonymous closure> (package:flutter/src/widgets/framework.dart:2073:7)
#322    ComponentElement.visitChildren (package:flutter/src/widgets/framework.dart:5763:14)
#323    _InactiveElements._unmount (package:flutter/src/widgets/framework.dart:2071:13)
#324    _InactiveElements._unmount.<anonymous closure> (package:flutter/src/widgets/framework.dart:2073:7)
#325    ComponentElement.visitChildren (package:flutter/src/widgets/framework.dart:5763:14)
#326    _InactiveElements._unmount (package:flutter/src/widgets/framework.dart:2071:13)
#327    _InactiveElements._unmount.<anonymous closure> (package:flutter/src/widgets/framework.dart:2073:7)
#328    ComponentElement.visitChildren (package:flutter/src/widgets/framework.dart:5763:14)
#329    _InactiveElements._unmount (package:flutter/src/widgets/framework.dart:2071:13)
#330    _InactiveElements._unmount.<anonymous closure> (package:flutter/src/widgets/framework.dart:2073:7)
#331    ComponentElement.visitChildren (package:flutter/src/widgets/framework.dart:5763:14)
#332    _InactiveElements._unmount (package:flutter/src/widgets/framework.dart:2071:13)
#333    _InactiveElements._unmount.<anonymous closure> (package:flutter/src/widgets/framework.dart:2073:7)
#334    ComponentElement.visitChildren (package:flutter/src/widgets/framework.dart:5763:14)
#335    _InactiveElements._unmount (package:flutter/src/widgets/framework.dart:2071:13)
#336    _InactiveElements._unmount.<anonymous closure> (package:flutter/src/widgets/framework.dart:2073:7)
#337    ComponentElement.visitChildren (package:flutter/src/widgets/framework.dart:5763:14)
#338    _InactiveElements._unmount (package:flutter/src/widgets/framework.dart:2071:13)
#339    _InactiveElements._unmount.<anonymous closure> (package:flutter/src/widgets/framework.dart:2073:7)
#340    ComponentElement.visitChildren (package:flutter/src/widgets/framework.dart:5763:14)
#341    _InactiveElements._unmount (package:flutter/src/widgets/framework.dart:2071:13)
#342    _InactiveElements._unmount.<anonymous closure> (package:flutter/src/widgets/framework.dart:2073:7)
#343    ComponentElement.visitChildren (package:flutter/src/widgets/framework.dart:5763:14)
#344    _InactiveElements._unmount (package:flutter/src/widgets/framework.dart:2071:13)
#345    _InactiveElements._unmount.<anonymous closure> (package:flutter/src/widgets/framework.dart:2073:7)
#346    ComponentElement.visitChildren (package:flutter/src/widgets/framework.dart:5763:14)
#347    _InactiveElements._unmount (package:flutter/src/widgets/framework.dart:2071:13)
#348    _InactiveElements._unmount.<anonymous closure> (package:flutter/src/widgets/framework.dart:2073:7)
#349    SingleChildRenderObjectElement.visitChildren (package:flutter/src/widgets/framework.dart:6994:14)
#350    _InactiveElements._unmount (package:flutter/src/widgets/framework.dart:2071:13)
#351    _InactiveElements._unmount.<anonymous closure> (package:flutter/src/widgets/framework.dart:2073:7)
#352    ComponentElement.visitChildren (package:flutter/src/widgets/framework.dart:5763:14)
#353    _InactiveElements._unmount (package:flutter/src/widgets/framework.dart:2071:13)
#354    _InactiveElements._unmount.<anonymous closure> (package:flutter/src/widgets/framework.dart:2073:7)
#355    ComponentElement.visitChildren (package:flutter/src/widgets/framework.dart:5763:14)
#356    _InactiveElements._unmount (package:flutter/src/widgets/framework.dart:2071:13)
#357    _InactiveElements._unmount.<anonymous closure> (package:flutter/src/widgets/framework.dart:2073:7)
#358    ComponentElement.visitChildren (package:flutter/src/widgets/framework.dart:5763:14)
#359    _InactiveElements._unmount (package:flutter/src/widgets/framework.dart:2071:13)
#360    _InactiveElements._unmount.<anonymous closure> (package:flutter/src/widgets/framework.dart:2073:7)
#361    ComponentElement.visitChildren (package:flutter/src/widgets/framework.dart:5763:14)
#362    _InactiveElements._unmount (package:flutter/src/widgets/framework.dart:2071:13)
#363    _InactiveElements._unmount.<anonymous closure> (package:flutter/src/widgets/framework.dart:2073:7)
#364    ComponentElement.visitChildren (package:flutter/src/widgets/framework.dart:5763:14)
#365    _InactiveElements._unmount (package:flutter/src/widgets/framework.dart:2071:13)
#366    _InactiveElements._unmount.<anonymous closure> (package:flutter/src/widgets/framework.dart:2073:7)
#367    ComponentElement.visitChildren (package:flutter/src/widgets/framework.dart:5763:14)
#368    _InactiveElements._unmount (package:flutter/src/widgets/framework.dart:2071:13)
#369    _InactiveElements._unmount.<anonymous closure> (package:flutter/src/widgets/framework.dart:2073:7)
#370    ComponentElement.visitChildren (package:flutter/src/widgets/framework.dart:5763:14)
#371    _InactiveElements._unmount (package:flutter/src/widgets/framework.dart:2071:13)
#372    ListIterable.forEach (dart:_internal/iterable.dart:49:13)
#373    _InactiveElements._unmountAll (package:flutter/src/widgets/framework.dart:2084:25)
#374    BuildOwner.lockState (package:flutter/src/widgets/framework.dart:2965:15)
#375    BuildOwner.finalizeTree (package:flutter/src/widgets/framework.dart:3288:7)
#376    AutomatedTestWidgetsFlutterBinding.drawFrame (package:flutter_test/src/binding.dart:1537:19)
#377    RendererBinding._handlePersistentFrameCallback (package:flutter/src/rendering/binding.dart:495:5)
#378    SchedulerBinding._invokeFrameCallback (package:flutter/src/scheduler/binding.dart:1438:15)
#379    SchedulerBinding.handleDrawFrame (package:flutter/src/scheduler/binding.dart:1351:9)
#380    AutomatedTestWidgetsFlutterBinding.scheduleWarmUpFrame (package:flutter_test/src/binding.dart:1441:5)
#381    _runWidget (package:flutter/src/widgets/binding.dart:1558:7)
#382    runApp (package:flutter/src/widgets/binding.dart:1491:3)
#383    TestWidgetsFlutterBinding._runTestBody (package:flutter_test/src/binding.dart:1071:7)
<asynchronous suspension>
<asynchronous suspension>
(elided 5 frames from dart:async and package:stack_trace)

══╡ EXCEPTION CAUGHT BY FLUTTER TEST FRAMEWORK ╞════════════════════════════════════════════════════
The following assertion was thrown running a test:
A Timer is still pending even after the widget tree was disposed.
'package:flutter_test/src/binding.dart':
Failed assertion: line 1626 pos 12: '!timersPending'

When the exception was thrown, this was the stack:
#2      AutomatedTestWidgetsFlutterBinding._verifyInvariants (package:flutter_test/src/binding.dart:1626:12)
#3      TestWidgetsFlutterBinding._runTestBody (package:flutter_test/src/binding.dart:1083:7)
<asynchronous suspension>
<asynchronous suspension>
(elided 3 frames from class _AssertionError and package:stack_trace)

The test description was:
  should navigate to join room screen when requested
════════════════════════════════════════════════════════════════════════════════════════════════════
00:06 +4 -3: /mnt/d/dev/Ojyx/test/core/config/router_config_test.dart: Router Navigation Behavior should navigate to join room screen when requested [E]                                               
  Test failed. See exception logs above.
  The test description was: should navigate to join room screen when requested
  

To run this test again: /home/hyminix/flutter/bin/cache/dart-sdk/bin/dart test /mnt/d/dev/Ojyx/test/core/config/router_config_test.dart -p vm --plain-name 'Router Navigation Behavior should navigate to join room screen when requested'
00:06 +4 -3: /mnt/d/dev/Ojyx/test/core/config/router_config_test.dart: Router Navigation Behavior should navigate to room lobby with roomId parameter                                                  00:06 +4 -3: /mnt/d/dev/Ojyx/test/core/config/router_config_test.dart: Router Navigation Behavior should navigate to room lobby with roomId parameter                                                  
Pending timers:
Timer (duration: 0:00:00.000000, periodic: false), created:
#0      new FakeTimer._ (package:fake_async/fake_async.dart:342:62)
#1      FakeAsync._createTimer (package:fake_async/fake_async.dart:260:29)
#2      FakeAsync.run.<anonymous closure> (package:fake_async/fake_async.dart:185:15)
#7      _defaultVsync (package:riverpod/src/framework/scheduler.dart:9:3)
#8      ProviderScheduler._scheduleTask (package:riverpod/src/framework/scheduler.dart:80:10)
#9      ProviderScheduler.scheduleProviderDispose (package:riverpod/src/framework/scheduler.dart:116:5)
#10     AutoDisposeProviderElementMixin.mayNeedDispose (package:riverpod/src/framework/auto_dispose.dart:25:28)
#11     ProviderElementBase._onRemoveListener (package:riverpod/src/framework/element.dart:886:5)
#12     _ProviderStateSubscription.close (package:riverpod/src/framework/provider_base.dart:188:23)
#13     ConsumerStatefulElement.unmount (package:flutter_riverpod/src/consumer.dart:578:18)
#14     _InactiveElements._unmount (package:flutter/src/widgets/framework.dart:2075:13)
#15     _InactiveElements._unmount.<anonymous closure> (package:flutter/src/widgets/framework.dart:2073:7)
#16     ComponentElement.visitChildren (package:flutter/src/widgets/framework.dart:5763:14)
#17     _InactiveElements._unmount (package:flutter/src/widgets/framework.dart:2071:13)
#18     _InactiveElements._unmount.<anonymous closure> (package:flutter/src/widgets/framework.dart:2073:7)
#19     SingleChildRenderObjectElement.visitChildren (package:flutter/src/widgets/framework.dart:6994:14)
#20     _InactiveElements._unmount (package:flutter/src/widgets/framework.dart:2071:13)
#21     _InactiveElements._unmount.<anonymous closure> (package:flutter/src/widgets/framework.dart:2073:7)
#22     ComponentElement.visitChildren (package:flutter/src/widgets/framework.dart:5763:14)
#23     _InactiveElements._unmount (package:flutter/src/widgets/framework.dart:2071:13)
#24     _InactiveElements._unmount.<anonymous closure> (package:flutter/src/widgets/framework.dart:2073:7)
#25     SingleChildRenderObjectElement.visitChildren (package:flutter/src/widgets/framework.dart:6994:14)
#26     _InactiveElements._unmount (package:flutter/src/widgets/framework.dart:2071:13)
#27     _InactiveElements._unmount.<anonymous closure> (package:flutter/src/widgets/framework.dart:2073:7)
#28     SingleChildRenderObjectElement.visitChildren (package:flutter/src/widgets/framework.dart:6994:14)
#29     _InactiveElements._unmount (package:flutter/src/widgets/framework.dart:2071:13)
#30     _InactiveElements._unmount.<anonymous closure> (package:flutter/src/widgets/framework.dart:2073:7)
#31     ComponentElement.visitChildren (package:flutter/src/widgets/framework.dart:5763:14)
#32     _InactiveElements._unmount (package:flutter/src/widgets/framework.dart:2071:13)
#33     _InactiveElements._unmount.<anonymous closure> (package:flutter/src/widgets/framework.dart:2073:7)
#34     SingleChildRenderObjectElement.visitChildren (package:flutter/src/widgets/framework.dart:6994:14)
#35     _InactiveElements._unmount (package:flutter/src/widgets/framework.dart:2071:13)
#36     _InactiveElements._unmount.<anonymous closure> (package:flutter/src/widgets/framework.dart:2073:7)
#37     ComponentElement.visitChildren (package:flutter/src/widgets/framework.dart:5763:14)
#38     _InactiveElements._unmount (package:flutter/src/widgets/framework.dart:2071:13)
#39     _InactiveElements._unmount.<anonymous closure> (package:flutter/src/widgets/framework.dart:2073:7)
#40     SingleChildRenderObjectElement.visitChildren (package:flutter/src/widgets/framework.dart:6994:14)
#41     _InactiveElements._unmount (package:flutter/src/widgets/framework.dart:2071:13)
#42     _InactiveElements._unmount.<anonymous closure> (package:flutter/src/widgets/framework.dart:2073:7)
#43     ComponentElement.visitChildren (package:flutter/src/widgets/framework.dart:5763:14)
#44     _InactiveElements._unmount (package:flutter/src/widgets/framework.dart:2071:13)
#45     _InactiveElements._unmount.<anonymous closure> (package:flutter/src/widgets/framework.dart:2073:7)
#46     ComponentElement.visitChildren (package:flutter/src/widgets/framework.dart:5763:14)
#47     _InactiveElements._unmount (package:flutter/src/widgets/framework.dart:2071:13)
#48     _InactiveElements._unmount.<anonymous closure> (package:flutter/src/widgets/framework.dart:2073:7)
#49     SingleChildRenderObjectElement.visitChildren (package:flutter/src/widgets/framework.dart:6994:14)
#50     _InactiveElements._unmount (package:flutter/src/widgets/framework.dart:2071:13)
#51     _InactiveElements._unmount.<anonymous closure> (package:flutter/src/widgets/framework.dart:2073:7)
#52     ComponentElement.visitChildren (package:flutter/src/widgets/framework.dart:5763:14)
#53     _InactiveElements._unmount (package:flutter/src/widgets/framework.dart:2071:13)
#54     _InactiveElements._unmount.<anonymous closure> (package:flutter/src/widgets/framework.dart:2073:7)
#55     SingleChildRenderObjectElement.visitChildren (package:flutter/src/widgets/framework.dart:6994:14)
#56     _InactiveElements._unmount (package:flutter/src/widgets/framework.dart:2071:13)
#57     _InactiveElements._unmount.<anonymous closure> (package:flutter/src/widgets/framework.dart:2073:7)
#58     ComponentElement.visitChildren (package:flutter/src/widgets/framework.dart:5763:14)
#59     _InactiveElements._unmount (package:flutter/src/widgets/framework.dart:2071:13)
#60     _InactiveElements._unmount.<anonymous closure> (package:flutter/src/widgets/framework.dart:2073:7)
#61     ComponentElement.visitChildren (package:flutter/src/widgets/framework.dart:5763:14)
#62     _InactiveElements._unmount (package:flutter/src/widgets/framework.dart:2071:13)
#63     _InactiveElements._unmount.<anonymous closure> (package:flutter/src/widgets/framework.dart:2073:7)
#64     ComponentElement.visitChildren (package:flutter/src/widgets/framework.dart:5763:14)
#65     _InactiveElements._unmount (package:flutter/src/widgets/framework.dart:2071:13)
#66     _InactiveElements._unmount.<anonymous closure> (package:flutter/src/widgets/framework.dart:2073:7)
#67     ComponentElement.visitChildren (package:flutter/src/widgets/framework.dart:5763:14)
#68     _InactiveElements._unmount (package:flutter/src/widgets/framework.dart:2071:13)
#69     _InactiveElements._unmount.<anonymous closure> (package:flutter/src/widgets/framework.dart:2073:7)
#70     ComponentElement.visitChildren (package:flutter/src/widgets/framework.dart:5763:14)
#71     _InactiveElements._unmount (package:flutter/src/widgets/framework.dart:2071:13)
#72     _InactiveElements._unmount.<anonymous closure> (package:flutter/src/widgets/framework.dart:2073:7)
#73     SingleChildRenderObjectElement.visitChildren (package:flutter/src/widgets/framework.dart:6994:14)
#74     _InactiveElements._unmount (package:flutter/src/widgets/framework.dart:2071:13)
#75     _InactiveElements._unmount.<anonymous closure> (package:flutter/src/widgets/framework.dart:2073:7)
#76     ComponentElement.visitChildren (package:flutter/src/widgets/framework.dart:5763:14)
#77     _InactiveElements._unmount (package:flutter/src/widgets/framework.dart:2071:13)
#78     _InactiveElements._unmount.<anonymous closure> (package:flutter/src/widgets/framework.dart:2073:7)
#79     SingleChildRenderObjectElement.visitChildren (package:flutter/src/widgets/framework.dart:6994:14)
#80     _InactiveElements._unmount (package:flutter/src/widgets/framework.dart:2071:13)
#81     _InactiveElements._unmount.<anonymous closure> (package:flutter/src/widgets/framework.dart:2073:7)
#82     ComponentElement.visitChildren (package:flutter/src/widgets/framework.dart:5763:14)
#83     _InactiveElements._unmount (package:flutter/src/widgets/framework.dart:2071:13)
#84     _InactiveElements._unmount.<anonymous closure> (package:flutter/src/widgets/framework.dart:2073:7)
#85     ComponentElement.visitChildren (package:flutter/src/widgets/framework.dart:5763:14)
#86     _InactiveElements._unmount (package:flutter/src/widgets/framework.dart:2071:13)
#87     _InactiveElements._unmount.<anonymous closure> (package:flutter/src/widgets/framework.dart:2073:7)
#88     ComponentElement.visitChildren (package:flutter/src/widgets/framework.dart:5763:14)
#89     _InactiveElements._unmount (package:flutter/src/widgets/framework.dart:2071:13)
#90     _InactiveElements._unmount.<anonymous closure> (package:flutter/src/widgets/framework.dart:2073:7)
#91     ComponentElement.visitChildren (package:flutter/src/widgets/framework.dart:5763:14)
#92     _InactiveElements._unmount (package:flutter/src/widgets/framework.dart:2071:13)
#93     _InactiveElements._unmount.<anonymous closure> (package:flutter/src/widgets/framework.dart:2073:7)
#94     ComponentElement.visitChildren (package:flutter/src/widgets/framework.dart:5763:14)
#95     _InactiveElements._unmount (package:flutter/src/widgets/framework.dart:2071:13)
#96     _InactiveElements._unmount.<anonymous closure> (package:flutter/src/widgets/framework.dart:2073:7)
#97     ComponentElement.visitChildren (package:flutter/src/widgets/framework.dart:5763:14)
#98     _InactiveElements._unmount (package:flutter/src/widgets/framework.dart:2071:13)
#99     _InactiveElements._unmount.<anonymous closure> (package:flutter/src/widgets/framework.dart:2073:7)
#100    SingleChildRenderObjectElement.visitChildren (package:flutter/src/widgets/framework.dart:6994:14)
#101    _InactiveElements._unmount (package:flutter/src/widgets/framework.dart:2071:13)
#102    _InactiveElements._unmount.<anonymous closure> (package:flutter/src/widgets/framework.dart:2073:7)
#103    ComponentElement.visitChildren (package:flutter/src/widgets/framework.dart:5763:14)
#104    _InactiveElements._unmount (package:flutter/src/widgets/framework.dart:2071:13)
#105    _InactiveElements._unmount.<anonymous closure> (package:flutter/src/widgets/framework.dart:2073:7)
#106    ComponentElement.visitChildren (package:flutter/src/widgets/framework.dart:5763:14)
#107    _InactiveElements._unmount (package:flutter/src/widgets/framework.dart:2071:13)
#108    _InactiveElements._unmount.<anonymous closure> (package:flutter/src/widgets/framework.dart:2073:7)
#109    ComponentElement.visitChildren (package:flutter/src/widgets/framework.dart:5763:14)
#110    _InactiveElements._unmount (package:flutter/src/widgets/framework.dart:2071:13)
#111    _InactiveElements._unmount.<anonymous closure> (package:flutter/src/widgets/framework.dart:2073:7)
#112    ComponentElement.visitChildren (package:flutter/src/widgets/framework.dart:5763:14)
#113    _InactiveElements._unmount (package:flutter/src/widgets/framework.dart:2071:13)
#114    _InactiveElements._unmount.<anonymous closure> (package:flutter/src/widgets/framework.dart:2073:7)
#115    ComponentElement.visitChildren (package:flutter/src/widgets/framework.dart:5763:14)
#116    _InactiveElements._unmount (package:flutter/src/widgets/framework.dart:2071:13)
#117    _InactiveElements._unmount.<anonymous closure> (package:flutter/src/widgets/framework.dart:2073:7)
#118    SingleChildRenderObjectElement.visitChildren (package:flutter/src/widgets/framework.dart:6994:14)
#119    _InactiveElements._unmount (package:flutter/src/widgets/framework.dart:2071:13)
#120    _InactiveElements._unmount.<anonymous closure> (package:flutter/src/widgets/framework.dart:2073:7)
#121    ComponentElement.visitChildren (package:flutter/src/widgets/framework.dart:5763:14)
#122    _InactiveElements._unmount (package:flutter/src/widgets/framework.dart:2071:13)
#123    _InactiveElements._unmount.<anonymous closure> (package:flutter/src/widgets/framework.dart:2073:7)
#124    ComponentElement.visitChildren (package:flutter/src/widgets/framework.dart:5763:14)
#125    _InactiveElements._unmount (package:flutter/src/widgets/framework.dart:2071:13)
#126    _InactiveElements._unmount.<anonymous closure> (package:flutter/src/widgets/framework.dart:2073:7)
#127    ComponentElement.visitChildren (package:flutter/src/widgets/framework.dart:5763:14)
#128    _InactiveElements._unmount (package:flutter/src/widgets/framework.dart:2071:13)
#129    _InactiveElements._unmount.<anonymous closure> (package:flutter/src/widgets/framework.dart:2073:7)
#130    ComponentElement.visitChildren (package:flutter/src/widgets/framework.dart:5763:14)
#131    _InactiveElements._unmount (package:flutter/src/widgets/framework.dart:2071:13)
#132    _InactiveElements._unmount.<anonymous closure> (package:flutter/src/widgets/framework.dart:2073:7)
#133    MultiChildRenderObjectElement.visitChildren (package:flutter/src/widgets/framework.dart:7118:16)
#134    _InactiveElements._unmount (package:flutter/src/widgets/framework.dart:2071:13)
#135    _InactiveElements._unmount.<anonymous closure> (package:flutter/src/widgets/framework.dart:2073:7)
#136    ComponentElement.visitChildren (package:flutter/src/widgets/framework.dart:5763:14)
#137    _InactiveElements._unmount (package:flutter/src/widgets/framework.dart:2071:13)
#138    _InactiveElements._unmount.<anonymous closure> (package:flutter/src/widgets/framework.dart:2073:7)
#139    ComponentElement.visitChildren (package:flutter/src/widgets/framework.dart:5763:14)
#140    _InactiveElements._unmount (package:flutter/src/widgets/framework.dart:2071:13)
#141    _InactiveElements._unmount.<anonymous closure> (package:flutter/src/widgets/framework.dart:2073:7)
#142    ComponentElement.visitChildren (package:flutter/src/widgets/framework.dart:5763:14)
#143    _InactiveElements._unmount (package:flutter/src/widgets/framework.dart:2071:13)
#144    _InactiveElements._unmount.<anonymous closure> (package:flutter/src/widgets/framework.dart:2073:7)
#145    ComponentElement.visitChildren (package:flutter/src/widgets/framework.dart:5763:14)
#146    _InactiveElements._unmount (package:flutter/src/widgets/framework.dart:2071:13)
#147    _InactiveElements._unmount.<anonymous closure> (package:flutter/src/widgets/framework.dart:2073:7)
#148    ComponentElement.visitChildren (package:flutter/src/widgets/framework.dart:5763:14)
#149    _InactiveElements._unmount (package:flutter/src/widgets/framework.dart:2071:13)
#150    _InactiveElements._unmount.<anonymous closure> (package:flutter/src/widgets/framework.dart:2073:7)
#151    ComponentElement.visitChildren (package:flutter/src/widgets/framework.dart:5763:14)
#152    _InactiveElements._unmount (package:flutter/src/widgets/framework.dart:2071:13)
#153    _InactiveElements._unmount.<anonymous closure> (package:flutter/src/widgets/framework.dart:2073:7)
#154    ComponentElement.visitChildren (package:flutter/src/widgets/framework.dart:5763:14)
#155    _InactiveElements._unmount (package:flutter/src/widgets/framework.dart:2071:13)
#156    _InactiveElements._unmount.<anonymous closure> (package:flutter/src/widgets/framework.dart:2073:7)
#157    SingleChildRenderObjectElement.visitChildren (package:flutter/src/widgets/framework.dart:6994:14)
#158    _InactiveElements._unmount (package:flutter/src/widgets/framework.dart:2071:13)
#159    _InactiveElements._unmount.<anonymous closure> (package:flutter/src/widgets/framework.dart:2073:7)
#160    SingleChildRenderObjectElement.visitChildren (package:flutter/src/widgets/framework.dart:6994:14)
#161    _InactiveElements._unmount (package:flutter/src/widgets/framework.dart:2071:13)
#162    _InactiveElements._unmount.<anonymous closure> (package:flutter/src/widgets/framework.dart:2073:7)
#163    ComponentElement.visitChildren (package:flutter/src/widgets/framework.dart:5763:14)
#164    _InactiveElements._unmount (package:flutter/src/widgets/framework.dart:2071:13)
#165    _InactiveElements._unmount.<anonymous closure> (package:flutter/src/widgets/framework.dart:2073:7)
#166    ComponentElement.visitChildren (package:flutter/src/widgets/framework.dart:5763:14)
#167    _InactiveElements._unmount (package:flutter/src/widgets/framework.dart:2071:13)
#168    _InactiveElements._unmount.<anonymous closure> (package:flutter/src/widgets/framework.dart:2073:7)
#169    ComponentElement.visitChildren (package:flutter/src/widgets/framework.dart:5763:14)
#170    _InactiveElements._unmount (package:flutter/src/widgets/framework.dart:2071:13)
#171    _InactiveElements._unmount.<anonymous closure> (package:flutter/src/widgets/framework.dart:2073:7)
#172    ComponentElement.visitChildren (package:flutter/src/widgets/framework.dart:5763:14)
#173    _InactiveElements._unmount (package:flutter/src/widgets/framework.dart:2071:13)
#174    _InactiveElements._unmount.<anonymous closure> (package:flutter/src/widgets/framework.dart:2073:7)
#175    ComponentElement.visitChildren (package:flutter/src/widgets/framework.dart:5763:14)
#176    _InactiveElements._unmount (package:flutter/src/widgets/framework.dart:2071:13)
#177    _InactiveElements._unmount.<anonymous closure> (package:flutter/src/widgets/framework.dart:2073:7)
#178    ComponentElement.visitChildren (package:flutter/src/widgets/framework.dart:5763:14)
#179    _InactiveElements._unmount (package:flutter/src/widgets/framework.dart:2071:13)
#180    _InactiveElements._unmount.<anonymous closure> (package:flutter/src/widgets/framework.dart:2073:7)
#181    ComponentElement.visitChildren (package:flutter/src/widgets/framework.dart:5763:14)
#182    _InactiveElements._unmount (package:flutter/src/widgets/framework.dart:2071:13)
#183    _InactiveElements._unmount.<anonymous closure> (package:flutter/src/widgets/framework.dart:2073:7)
#184    ComponentElement.visitChildren (package:flutter/src/widgets/framework.dart:5763:14)
#185    _InactiveElements._unmount (package:flutter/src/widgets/framework.dart:2071:13)
#186    _InactiveElements._unmount.<anonymous closure> (package:flutter/src/widgets/framework.dart:2073:7)
#187    ComponentElement.visitChildren (package:flutter/src/widgets/framework.dart:5763:14)
#188    _InactiveElements._unmount (package:flutter/src/widgets/framework.dart:2071:13)
#189    _InactiveElements._unmount.<anonymous closure> (package:flutter/src/widgets/framework.dart:2073:7)
#190    ComponentElement.visitChildren (package:flutter/src/widgets/framework.dart:5763:14)
#191    _InactiveElements._unmount (package:flutter/src/widgets/framework.dart:2071:13)
#192    _InactiveElements._unmount.<anonymous closure> (package:flutter/src/widgets/framework.dart:2073:7)
#193    ComponentElement.visitChildren (package:flutter/src/widgets/framework.dart:5763:14)
#194    _InactiveElements._unmount (package:flutter/src/widgets/framework.dart:2071:13)
#195    _InactiveElements._unmount.<anonymous closure> (package:flutter/src/widgets/framework.dart:2073:7)
#196    ComponentElement.visitChildren (package:flutter/src/widgets/framework.dart:5763:14)
#197    _InactiveElements._unmount (package:flutter/src/widgets/framework.dart:2071:13)
#198    _InactiveElements._unmount.<anonymous closure> (package:flutter/src/widgets/framework.dart:2073:7)
#199    ComponentElement.visitChildren (package:flutter/src/widgets/framework.dart:5763:14)
#200    _InactiveElements._unmount (package:flutter/src/widgets/framework.dart:2071:13)
#201    _InactiveElements._unmount.<anonymous closure> (package:flutter/src/widgets/framework.dart:2073:7)
#202    ComponentElement.visitChildren (package:flutter/src/widgets/framework.dart:5763:14)
#203    _InactiveElements._unmount (package:flutter/src/widgets/framework.dart:2071:13)
#204    _InactiveElements._unmount.<anonymous closure> (package:flutter/src/widgets/framework.dart:2073:7)
#205    ComponentElement.visitChildren (package:flutter/src/widgets/framework.dart:5763:14)
#206    _InactiveElements._unmount (package:flutter/src/widgets/framework.dart:2071:13)
#207    _InactiveElements._unmount.<anonymous closure> (package:flutter/src/widgets/framework.dart:2073:7)
#208    ComponentElement.visitChildren (package:flutter/src/widgets/framework.dart:5763:14)
#209    _InactiveElements._unmount (package:flutter/src/widgets/framework.dart:2071:13)
#210    _InactiveElements._unmount.<anonymous closure> (package:flutter/src/widgets/framework.dart:2073:7)
#211    ComponentElement.visitChildren (package:flutter/src/widgets/framework.dart:5763:14)
#212    _InactiveElements._unmount (package:flutter/src/widgets/framework.dart:2071:13)
#213    _InactiveElements._unmount.<anonymous closure> (package:flutter/src/widgets/framework.dart:2073:7)
#214    ComponentElement.visitChildren (package:flutter/src/widgets/framework.dart:5763:14)
#215    _InactiveElements._unmount (package:flutter/src/widgets/framework.dart:2071:13)
#216    _InactiveElements._unmount.<anonymous closure> (package:flutter/src/widgets/framework.dart:2073:7)
#217    ComponentElement.visitChildren (package:flutter/src/widgets/framework.dart:5763:14)
#218    _InactiveElements._unmount (package:flutter/src/widgets/framework.dart:2071:13)
#219    _InactiveElements._unmount.<anonymous closure> (package:flutter/src/widgets/framework.dart:2073:7)
#220    ComponentElement.visitChildren (package:flutter/src/widgets/framework.dart:5763:14)
#221    _InactiveElements._unmount (package:flutter/src/widgets/framework.dart:2071:13)
#222    _InactiveElements._unmount.<anonymous closure> (package:flutter/src/widgets/framework.dart:2073:7)
#223    ComponentElement.visitChildren (package:flutter/src/widgets/framework.dart:5763:14)
#224    _InactiveElements._unmount (package:flutter/src/widgets/framework.dart:2071:13)
#225    _InactiveElements._unmount.<anonymous closure> (package:flutter/src/widgets/framework.dart:2073:7)
#226    ComponentElement.visitChildren (package:flutter/src/widgets/framework.dart:5763:14)
#227    _InactiveElements._unmount (package:flutter/src/widgets/framework.dart:2071:13)
#228    _InactiveElements._unmount.<anonymous closure> (package:flutter/src/widgets/framework.dart:2073:7)
#229    ComponentElement.visitChildren (package:flutter/src/widgets/framework.dart:5763:14)
#230    _InactiveElements._unmount (package:flutter/src/widgets/framework.dart:2071:13)
#231    _InactiveElements._unmount.<anonymous closure> (package:flutter/src/widgets/framework.dart:2073:7)
#232    ComponentElement.visitChildren (package:flutter/src/widgets/framework.dart:5763:14)
#233    _InactiveElements._unmount (package:flutter/src/widgets/framework.dart:2071:13)
#234    _InactiveElements._unmount.<anonymous closure> (package:flutter/src/widgets/framework.dart:2073:7)
#235    ComponentElement.visitChildren (package:flutter/src/widgets/framework.dart:5763:14)
#236    _InactiveElements._unmount (package:flutter/src/widgets/framework.dart:2071:13)
#237    _InactiveElements._unmount.<anonymous closure> (package:flutter/src/widgets/framework.dart:2073:7)
#238    SingleChildRenderObjectElement.visitChildren (package:flutter/src/widgets/framework.dart:6994:14)
#239    _InactiveElements._unmount (package:flutter/src/widgets/framework.dart:2071:13)
#240    _InactiveElements._unmount.<anonymous closure> (package:flutter/src/widgets/framework.dart:2073:7)
#241    ComponentElement.visitChildren (package:flutter/src/widgets/framework.dart:5763:14)
#242    _InactiveElements._unmount (package:flutter/src/widgets/framework.dart:2071:13)
#243    _InactiveElements._unmount.<anonymous closure> (package:flutter/src/widgets/framework.dart:2073:7)
#244    ComponentElement.visitChildren (package:flutter/src/widgets/framework.dart:5763:14)
#245    _InactiveElements._unmount (package:flutter/src/widgets/framework.dart:2071:13)
#246    _InactiveElements._unmount.<anonymous closure> (package:flutter/src/widgets/framework.dart:2073:7)
#247    ComponentElement.visitChildren (package:flutter/src/widgets/framework.dart:5763:14)
#248    _InactiveElements._unmount (package:flutter/src/widgets/framework.dart:2071:13)
#249    _InactiveElements._unmount.<anonymous closure> (package:flutter/src/widgets/framework.dart:2073:7)
#250    ComponentElement.visitChildren (package:flutter/src/widgets/framework.dart:5763:14)
#251    _InactiveElements._unmount (package:flutter/src/widgets/framework.dart:2071:13)
#252    _InactiveElements._unmount.<anonymous closure> (package:flutter/src/widgets/framework.dart:2073:7)
#253    ComponentElement.visitChildren (package:flutter/src/widgets/framework.dart:5763:14)
#254    _InactiveElements._unmount (package:flutter/src/widgets/framework.dart:2071:13)
#255    _InactiveElements._unmount.<anonymous closure> (package:flutter/src/widgets/framework.dart:2073:7)
#256    SingleChildRenderObjectElement.visitChildren (package:flutter/src/widgets/framework.dart:6994:14)
#257    _InactiveElements._unmount (package:flutter/src/widgets/framework.dart:2071:13)
#258    _InactiveElements._unmount.<anonymous closure> (package:flutter/src/widgets/framework.dart:2073:7)
#259    ComponentElement.visitChildren (package:flutter/src/widgets/framework.dart:5763:14)
#260    _InactiveElements._unmount (package:flutter/src/widgets/framework.dart:2071:13)
#261    _InactiveElements._unmount.<anonymous closure> (package:flutter/src/widgets/framework.dart:2073:7)
#262    SingleChildRenderObjectElement.visitChildren (package:flutter/src/widgets/framework.dart:6994:14)
#263    _InactiveElements._unmount (package:flutter/src/widgets/framework.dart:2071:13)
#264    _InactiveElements._unmount.<anonymous closure> (package:flutter/src/widgets/framework.dart:2073:7)
#265    ComponentElement.visitChildren (package:flutter/src/widgets/framework.dart:5763:14)
#266    _InactiveElements._unmount (package:flutter/src/widgets/framework.dart:2071:13)
#267    _InactiveElements._unmount.<anonymous closure> (package:flutter/src/widgets/framework.dart:2073:7)
#268    ComponentElement.visitChildren (package:flutter/src/widgets/framework.dart:5763:14)
#269    _InactiveElements._unmount (package:flutter/src/widgets/framework.dart:2071:13)
#270    _InactiveElements._unmount.<anonymous closure> (package:flutter/src/widgets/framework.dart:2073:7)
#271    ComponentElement.visitChildren (package:flutter/src/widgets/framework.dart:5763:14)
#272    _InactiveElements._unmount (package:flutter/src/widgets/framework.dart:2071:13)
#273    _InactiveElements._unmount.<anonymous closure> (package:flutter/src/widgets/framework.dart:2073:7)
#274    ComponentElement.visitChildren (package:flutter/src/widgets/framework.dart:5763:14)
#275    _InactiveElements._unmount (package:flutter/src/widgets/framework.dart:2071:13)
#276    _InactiveElements._unmount.<anonymous closure> (package:flutter/src/widgets/framework.dart:2073:7)
#277    ComponentElement.visitChildren (package:flutter/src/widgets/framework.dart:5763:14)
#278    _InactiveElements._unmount (package:flutter/src/widgets/framework.dart:2071:13)
#279    _InactiveElements._unmount.<anonymous closure> (package:flutter/src/widgets/framework.dart:2073:7)
#280    SingleChildRenderObjectElement.visitChildren (package:flutter/src/widgets/framework.dart:6994:14)
#281    _InactiveElements._unmount (package:flutter/src/widgets/framework.dart:2071:13)
#282    _InactiveElements._unmount.<anonymous closure> (package:flutter/src/widgets/framework.dart:2073:7)
#283    ComponentElement.visitChildren (package:flutter/src/widgets/framework.dart:5763:14)
#284    _InactiveElements._unmount (package:flutter/src/widgets/framework.dart:2071:13)
#285    _InactiveElements._unmount.<anonymous closure> (package:flutter/src/widgets/framework.dart:2073:7)
#286    ComponentElement.visitChildren (package:flutter/src/widgets/framework.dart:5763:14)
#287    _InactiveElements._unmount (package:flutter/src/widgets/framework.dart:2071:13)
#288    _InactiveElements._unmount.<anonymous closure> (package:flutter/src/widgets/framework.dart:2073:7)
#289    ComponentElement.visitChildren (package:flutter/src/widgets/framework.dart:5763:14)
#290    _InactiveElements._unmount (package:flutter/src/widgets/framework.dart:2071:13)
#291    _InactiveElements._unmount.<anonymous closure> (package:flutter/src/widgets/framework.dart:2073:7)
#292    ComponentElement.visitChildren (package:flutter/src/widgets/framework.dart:5763:14)
#293    _InactiveElements._unmount (package:flutter/src/widgets/framework.dart:2071:13)
#294    _InactiveElements._unmount.<anonymous closure> (package:flutter/src/widgets/framework.dart:2073:7)
#295    ComponentElement.visitChildren (package:flutter/src/widgets/framework.dart:5763:14)
#296    _InactiveElements._unmount (package:flutter/src/widgets/framework.dart:2071:13)
#297    _InactiveElements._unmount.<anonymous closure> (package:flutter/src/widgets/framework.dart:2073:7)
#298    SingleChildRenderObjectElement.visitChildren (package:flutter/src/widgets/framework.dart:6994:14)
#299    _InactiveElements._unmount (package:flutter/src/widgets/framework.dart:2071:13)
#300    _InactiveElements._unmount.<anonymous closure> (package:flutter/src/widgets/framework.dart:2073:7)
#301    ComponentElement.visitChildren (package:flutter/src/widgets/framework.dart:5763:14)
#302    _InactiveElements._unmount (package:flutter/src/widgets/framework.dart:2071:13)
#303    _InactiveElements._unmount.<anonymous closure> (package:flutter/src/widgets/framework.dart:2073:7)
#304    ComponentElement.visitChildren (package:flutter/src/widgets/framework.dart:5763:14)
#305    _InactiveElements._unmount (package:flutter/src/widgets/framework.dart:2071:13)
#306    _InactiveElements._unmount.<anonymous closure> (package:flutter/src/widgets/framework.dart:2073:7)
#307    ComponentElement.visitChildren (package:flutter/src/widgets/framework.dart:5763:14)
#308    _InactiveElements._unmount (package:flutter/src/widgets/framework.dart:2071:13)
#309    _InactiveElements._unmount.<anonymous closure> (package:flutter/src/widgets/framework.dart:2073:7)
#310    ComponentElement.visitChildren (package:flutter/src/widgets/framework.dart:5763:14)
#311    _InactiveElements._unmount (package:flutter/src/widgets/framework.dart:2071:13)
#312    _InactiveElements._unmount.<anonymous closure> (package:flutter/src/widgets/framework.dart:2073:7)
#313    SingleChildRenderObjectElement.visitChildren (package:flutter/src/widgets/framework.dart:6994:14)
#314    _InactiveElements._unmount (package:flutter/src/widgets/framework.dart:2071:13)
#315    _InactiveElements._unmount.<anonymous closure> (package:flutter/src/widgets/framework.dart:2073:7)
#316    ComponentElement.visitChildren (package:flutter/src/widgets/framework.dart:5763:14)
#317    _InactiveElements._unmount (package:flutter/src/widgets/framework.dart:2071:13)
#318    _InactiveElements._unmount.<anonymous closure> (package:flutter/src/widgets/framework.dart:2073:7)
#319    ComponentElement.visitChildren (package:flutter/src/widgets/framework.dart:5763:14)
#320    _InactiveElements._unmount (package:flutter/src/widgets/framework.dart:2071:13)
#321    _InactiveElements._unmount.<anonymous closure> (package:flutter/src/widgets/framework.dart:2073:7)
#322    ComponentElement.visitChildren (package:flutter/src/widgets/framework.dart:5763:14)
#323    _InactiveElements._unmount (package:flutter/src/widgets/framework.dart:2071:13)
#324    _InactiveElements._unmount.<anonymous closure> (package:flutter/src/widgets/framework.dart:2073:7)
#325    ComponentElement.visitChildren (package:flutter/src/widgets/framework.dart:5763:14)
#326    _InactiveElements._unmount (package:flutter/src/widgets/framework.dart:2071:13)
#327    _InactiveElements._unmount.<anonymous closure> (package:flutter/src/widgets/framework.dart:2073:7)
#328    ComponentElement.visitChildren (package:flutter/src/widgets/framework.dart:5763:14)
#329    _InactiveElements._unmount (package:flutter/src/widgets/framework.dart:2071:13)
#330    _InactiveElements._unmount.<anonymous closure> (package:flutter/src/widgets/framework.dart:2073:7)
#331    ComponentElement.visitChildren (package:flutter/src/widgets/framework.dart:5763:14)
#332    _InactiveElements._unmount (package:flutter/src/widgets/framework.dart:2071:13)
#333    _InactiveElements._unmount.<anonymous closure> (package:flutter/src/widgets/framework.dart:2073:7)
#334    ComponentElement.visitChildren (package:flutter/src/widgets/framework.dart:5763:14)
#335    _InactiveElements._unmount (package:flutter/src/widgets/framework.dart:2071:13)
#336    _InactiveElements._unmount.<anonymous closure> (package:flutter/src/widgets/framework.dart:2073:7)
#337    ComponentElement.visitChildren (package:flutter/src/widgets/framework.dart:5763:14)
#338    _InactiveElements._unmount (package:flutter/src/widgets/framework.dart:2071:13)
#339    _InactiveElements._unmount.<anonymous closure> (package:flutter/src/widgets/framework.dart:2073:7)
#340    ComponentElement.visitChildren (package:flutter/src/widgets/framework.dart:5763:14)
#341    _InactiveElements._unmount (package:flutter/src/widgets/framework.dart:2071:13)
#342    _InactiveElements._unmount.<anonymous closure> (package:flutter/src/widgets/framework.dart:2073:7)
#343    ComponentElement.visitChildren (package:flutter/src/widgets/framework.dart:5763:14)
#344    _InactiveElements._unmount (package:flutter/src/widgets/framework.dart:2071:13)
#345    _InactiveElements._unmount.<anonymous closure> (package:flutter/src/widgets/framework.dart:2073:7)
#346    ComponentElement.visitChildren (package:flutter/src/widgets/framework.dart:5763:14)
#347    _InactiveElements._unmount (package:flutter/src/widgets/framework.dart:2071:13)
#348    _InactiveElements._unmount.<anonymous closure> (package:flutter/src/widgets/framework.dart:2073:7)
#349    SingleChildRenderObjectElement.visitChildren (package:flutter/src/widgets/framework.dart:6994:14)
#350    _InactiveElements._unmount (package:flutter/src/widgets/framework.dart:2071:13)
#351    _InactiveElements._unmount.<anonymous closure> (package:flutter/src/widgets/framework.dart:2073:7)
#352    ComponentElement.visitChildren (package:flutter/src/widgets/framework.dart:5763:14)
#353    _InactiveElements._unmount (package:flutter/src/widgets/framework.dart:2071:13)
#354    _InactiveElements._unmount.<anonymous closure> (package:flutter/src/widgets/framework.dart:2073:7)
#355    ComponentElement.visitChildren (package:flutter/src/widgets/framework.dart:5763:14)
#356    _InactiveElements._unmount (package:flutter/src/widgets/framework.dart:2071:13)
#357    _InactiveElements._unmount.<anonymous closure> (package:flutter/src/widgets/framework.dart:2073:7)
#358    ComponentElement.visitChildren (package:flutter/src/widgets/framework.dart:5763:14)
#359    _InactiveElements._unmount (package:flutter/src/widgets/framework.dart:2071:13)
#360    _InactiveElements._unmount.<anonymous closure> (package:flutter/src/widgets/framework.dart:2073:7)
#361    ComponentElement.visitChildren (package:flutter/src/widgets/framework.dart:5763:14)
#362    _InactiveElements._unmount (package:flutter/src/widgets/framework.dart:2071:13)
#363    _InactiveElements._unmount.<anonymous closure> (package:flutter/src/widgets/framework.dart:2073:7)
#364    ComponentElement.visitChildren (package:flutter/src/widgets/framework.dart:5763:14)
#365    _InactiveElements._unmount (package:flutter/src/widgets/framework.dart:2071:13)
#366    _InactiveElements._unmount.<anonymous closure> (package:flutter/src/widgets/framework.dart:2073:7)
#367    ComponentElement.visitChildren (package:flutter/src/widgets/framework.dart:5763:14)
#368    _InactiveElements._unmount (package:flutter/src/widgets/framework.dart:2071:13)
#369    _InactiveElements._unmount.<anonymous closure> (package:flutter/src/widgets/framework.dart:2073:7)
#370    ComponentElement.visitChildren (package:flutter/src/widgets/framework.dart:5763:14)
#371    _InactiveElements._unmount (package:flutter/src/widgets/framework.dart:2071:13)
#372    ListIterable.forEach (dart:_internal/iterable.dart:49:13)
#373    _InactiveElements._unmountAll (package:flutter/src/widgets/framework.dart:2084:25)
#374    BuildOwner.lockState (package:flutter/src/widgets/framework.dart:2965:15)
#375    BuildOwner.finalizeTree (package:flutter/src/widgets/framework.dart:3288:7)
#376    AutomatedTestWidgetsFlutterBinding.drawFrame (package:flutter_test/src/binding.dart:1537:19)
#377    RendererBinding._handlePersistentFrameCallback (package:flutter/src/rendering/binding.dart:495:5)
#378    SchedulerBinding._invokeFrameCallback (package:flutter/src/scheduler/binding.dart:1438:15)
#379    SchedulerBinding.handleDrawFrame (package:flutter/src/scheduler/binding.dart:1351:9)
#380    AutomatedTestWidgetsFlutterBinding.scheduleWarmUpFrame (package:flutter_test/src/binding.dart:1441:5)
#381    _runWidget (package:flutter/src/widgets/binding.dart:1558:7)
#382    runApp (package:flutter/src/widgets/binding.dart:1491:3)
#383    TestWidgetsFlutterBinding._runTestBody (package:flutter_test/src/binding.dart:1071:7)
<asynchronous suspension>
<asynchronous suspension>
(elided 5 frames from dart:async and package:stack_trace)

══╡ EXCEPTION CAUGHT BY FLUTTER TEST FRAMEWORK ╞════════════════════════════════════════════════════
The following assertion was thrown running a test:
A Timer is still pending even after the widget tree was disposed.
'package:flutter_test/src/binding.dart':
Failed assertion: line 1626 pos 12: '!timersPending'

When the exception was thrown, this was the stack:
#2      AutomatedTestWidgetsFlutterBinding._verifyInvariants (package:flutter_test/src/binding.dart:1626:12)
#3      TestWidgetsFlutterBinding._runTestBody (package:flutter_test/src/binding.dart:1083:7)
<asynchronous suspension>
<asynchronous suspension>
(elided 3 frames from class _AssertionError and package:stack_trace)

The test description was:
  should navigate to room lobby with roomId parameter
════════════════════════════════════════════════════════════════════════════════════════════════════
00:06 +4 -4: /mnt/d/dev/Ojyx/test/core/config/router_config_test.dart: Router Navigation Behavior should navigate to room lobby with roomId parameter [E]                                              
  Test failed. See exception logs above.
  The test description was: should navigate to room lobby with roomId parameter
  

To run this test again: /home/hyminix/flutter/bin/cache/dart-sdk/bin/dart test /mnt/d/dev/Ojyx/test/core/config/router_config_test.dart -p vm --plain-name 'Router Navigation Behavior should navigate to room lobby with roomId parameter'
00:06 +4 -4: /mnt/d/dev/Ojyx/test/core/config/router_config_test.dart: Router Navigation Behavior should navigate to game screen with roomId parameter                                                 00:06 +4 -4: /mnt/d/dev/Ojyx/test/core/config/router_config_test.dart: Router Navigation Behavior should navigate to game screen with roomId parameter                                                 
Pending timers:
Timer (duration: 0:00:00.000000, periodic: false), created:
#0      new FakeTimer._ (package:fake_async/fake_async.dart:342:62)
#1      FakeAsync._createTimer (package:fake_async/fake_async.dart:260:29)
#2      FakeAsync.run.<anonymous closure> (package:fake_async/fake_async.dart:185:15)
#7      _defaultVsync (package:riverpod/src/framework/scheduler.dart:9:3)
#8      ProviderScheduler._scheduleTask (package:riverpod/src/framework/scheduler.dart:80:10)
#9      ProviderScheduler.scheduleProviderDispose (package:riverpod/src/framework/scheduler.dart:116:5)
#10     AutoDisposeProviderElementMixin.mayNeedDispose (package:riverpod/src/framework/auto_dispose.dart:25:28)
#11     ProviderBase.read (package:riverpod/src/framework/provider_base.dart:110:13)
#12     ProviderContainer.read (package:riverpod/src/framework/container.dart:241:21)
#13     ProviderElementBase.read (package:riverpod/src/framework/element.dart:692:23)
#14     MultiplayerGameNotifier.build (package:ojyx/features/multiplayer/presentation/providers/multiplayer_game_notifier.dart:25:24)
#15     MultiplayerGameNotifierProvider.runNotifierBuild (package:ojyx/features/multiplayer/presentation/providers/multiplayer_game_notifier.g.dart:109:21)
#16     AsyncNotifierProviderElement.create.<anonymous closure>.<anonymous closure> (package:riverpod/src/async_notifier/base.dart:547:26)
#17     FutureHandlerProviderElementMixin.handleFuture.<anonymous closure> (package:riverpod/src/async_notifier/base.dart:341:30)
#18     FutureHandlerProviderElementMixin._handleAsync (package:riverpod/src/async_notifier/base.dart:388:47)
#19     FutureHandlerProviderElementMixin.handleFuture (package:riverpod/src/async_notifier/base.dart:335:5)
#20     AsyncNotifierProviderElement.create.<anonymous closure> (package:riverpod/src/async_notifier/base.dart:546:9)
#21     ResultData.when (package:riverpod/src/result.dart:82:16)
#22     AsyncNotifierProviderElement.create (package:riverpod/src/async_notifier/base.dart:541:20)
#23     ProviderElementBase.buildState (package:riverpod/src/framework/element.dart:426:7)
#24     ProviderElementBase.mount (package:riverpod/src/framework/element.dart:228:5)
#25     _StateReader._create (package:riverpod/src/framework/container.dart:47:11)
#26     _StateReader.getElement (package:riverpod/src/framework/container.dart:35:52)
#27     ProviderContainer.readProviderElement.<anonymous closure> (package:riverpod/src/framework/container.dart:440:40)
#28     ProviderContainer.readProviderElement (package:riverpod/src/framework/container.dart:475:8)
#29     ProviderBase.read (package:riverpod/src/framework/provider_base.dart:105:26)
#30     ProviderContainer.read (package:riverpod/src/framework/container.dart:241:21)
#31     ConsumerStatefulElement.read (package:flutter_riverpod/src/consumer.dart:620:59)
#32     _GameScreenState.initState.<anonymous closure> (package:ojyx/features/game/presentation/screens/game_screen.dart:40:11)
#43     FakeAsync.run.<anonymous closure>.<anonymous closure> (package:fake_async/fake_async.dart:189:18)
#44     FakeAsync.flushMicrotasks (package:fake_async/fake_async.dart:200:32)
#45     AutomatedTestWidgetsFlutterBinding.pump.<anonymous closure> (package:flutter_test/src/binding.dart:1342:26)
#48     TestAsyncUtils.guard (package:flutter_test/src/test_async_utils.dart:74:41)
#49     AutomatedTestWidgetsFlutterBinding.pump (package:flutter_test/src/binding.dart:1329:27)
#50     WidgetTester.pump.<anonymous closure> (package:flutter_test/src/widget_tester.dart:653:53)
#53     TestAsyncUtils.guard (package:flutter_test/src/test_async_utils.dart:74:41)
#54     WidgetTester.pump (package:flutter_test/src/widget_tester.dart:653:27)
#55     main.<anonymous closure>.<anonymous closure> (file:///mnt/d/dev/Ojyx/test/core/config/router_config_test.dart:106:20)
<asynchronous suspension>
#56     testWidgets.<anonymous closure>.<anonymous closure> (package:flutter_test/src/widget_tester.dart:193:15)
<asynchronous suspension>
#57     TestWidgetsFlutterBinding._runTestBody (package:flutter_test/src/binding.dart:1064:5)
<asynchronous suspension>
<asynchronous suspension>
(elided 19 frames from dart:async and package:stack_trace)

test/core/config/sentry_config_test.dart:26:27: Error: Member not found: 'dsn'.
      expect(SentryConfig.dsn, isNotEmpty,
                          ^^^
test/core/config/sentry_config_test.dart:29:27: Error: Member not found: 'environment'.
      expect(SentryConfig.environment, equals('production'),
                          ^^^^^^^^^^^
test/core/config/sentry_config_test.dart:32:27: Error: Member not found: 'tracesSampleRate'.
      expect(SentryConfig.tracesSampleRate, greaterThan(0),
                          ^^^^^^^^^^^^^^^^
test/core/config/sentry_config_test.dart:38:47: Error: Member not found: 'beforeSend'.
      final beforeSendCallback = SentryConfig.beforeSend;
                                              ^^^^^^^^^^
test/core/config/sentry_config_test.dart:43:27: Error: Member not found: 'debug'.
      expect(SentryConfig.debug, equals(kDebugMode),
                          ^^^^^
test/core/config/sentry_config_test.dart:49:51: Error: Member not found: 'attachStacktrace'.
      final attachStacktraceConfig = SentryConfig.attachStacktrace;
                                                  ^^^^^^^^^^^^^^^^
test/core/config/sentry_config_test.dart:53:56: Error: Member not found: 'captureFailedRequests'.
      final captureFailedRequestsConfig = SentryConfig.captureFailedRequests;
                                                       ^^^^^^^^^^^^^^^^^^^^^
test/core/config/sentry_config_test.dart:60:45: Error: Member not found: 'tracesSampleRate'.
      final tracesSampleRate = SentryConfig.tracesSampleRate;
                                            ^^^^^^^^^^^^^^^^
test/core/config/sentry_config_test.dart:65:27: Error: Member not found: 'enableAutoSessionTracking'.
      expect(SentryConfig.enableAutoSessionTracking, isTrue,
                          ^^^^^^^^^^^^^^^^^^^^^^^^^
test/core/config/sentry_config_test.dart:71:50: Error: Member not found: 'beforeSendTransaction'.
      final beforeSendTransaction = SentryConfig.beforeSendTransaction;
                                                 ^^^^^^^^^^^^^^^^^^^^^
test/core/config/sentry_config_test.dart:76:27: Error: Member not found: 'sendDefaultPii'.
      expect(SentryConfig.sendDefaultPii, isFalse,
                          ^^^^^^^^^^^^^^
══╡ EXCEPTION CAUGHT BY FLUTTER TEST FRAMEWORK ╞════════════════════════════════════════════════════
The following assertion was thrown running a test:
A Timer is still pending even after the widget tree was disposed.
'package:flutter_test/src/binding.dart':
Failed assertion: line 1626 pos 12: '!timersPending'

When the exception was thrown, this was the stack:
#2      AutomatedTestWidgetsFlutterBinding._verifyInvariants (package:flutter_test/src/binding.dart:1626:12)
#3      TestWidgetsFlutterBinding._runTestBody (package:flutter_test/src/binding.dart:1083:7)
<asynchronous suspension>
<asynchronous suspension>
(elided 3 frames from class _AssertionError and package:stack_trace)

The test description was:
  should navigate to game screen with roomId parameter
════════════════════════════════════════════════════════════════════════════════════════════════════
00:06 +4 -5: /mnt/d/dev/Ojyx/test/core/config/router_config_test.dart: Router Navigation Behavior should navigate to game screen with roomId parameter [E]                                             
  Test failed. See exception logs above.
  The test description was: should navigate to game screen with roomId parameter
  

To run this test again: /home/hyminix/flutter/bin/cache/dart-sdk/bin/dart test /mnt/d/dev/Ojyx/test/core/config/router_config_test.dart -p vm --plain-name 'Router Navigation Behavior should navigate to game screen with roomId parameter'
00:06 +4 -5: /mnt/d/dev/Ojyx/test/core/config/router_config_test.dart: Router Navigation Behavior should handle navigation errors gracefully                                                           00:06 +4 -5: /mnt/d/dev/Ojyx/test/core/config/router_config_test.dart: Router Navigation Behavior should handle navigation errors gracefully                                                           
Pending timers:
Timer (duration: 0:00:00.000000, periodic: false), created:
#0      new FakeTimer._ (package:fake_async/fake_async.dart:342:62)
#1      FakeAsync._createTimer (package:fake_async/fake_async.dart:260:29)
#2      FakeAsync.run.<anonymous closure> (package:fake_async/fake_async.dart:185:15)
#7      _defaultVsync (package:riverpod/src/framework/scheduler.dart:9:3)
#8      ProviderScheduler._scheduleTask (package:riverpod/src/framework/scheduler.dart:80:10)
#9      ProviderScheduler.scheduleProviderDispose (package:riverpod/src/framework/scheduler.dart:116:5)
#10     AutoDisposeProviderElementMixin.mayNeedDispose (package:riverpod/src/framework/auto_dispose.dart:25:28)
#11     ProviderElementBase._onRemoveListener (package:riverpod/src/framework/element.dart:886:5)
#12     _ProviderStateSubscription.close (package:riverpod/src/framework/provider_base.dart:188:23)
#13     ConsumerStatefulElement.unmount (package:flutter_riverpod/src/consumer.dart:578:18)
#14     _InactiveElements._unmount (package:flutter/src/widgets/framework.dart:2075:13)
#15     _InactiveElements._unmount.<anonymous closure> (package:flutter/src/widgets/framework.dart:2073:7)
#16     ComponentElement.visitChildren (package:flutter/src/widgets/framework.dart:5763:14)
#17     _InactiveElements._unmount (package:flutter/src/widgets/framework.dart:2071:13)
#18     _InactiveElements._unmount.<anonymous closure> (package:flutter/src/widgets/framework.dart:2073:7)
#19     SingleChildRenderObjectElement.visitChildren (package:flutter/src/widgets/framework.dart:6994:14)
#20     _InactiveElements._unmount (package:flutter/src/widgets/framework.dart:2071:13)
#21     _InactiveElements._unmount.<anonymous closure> (package:flutter/src/widgets/framework.dart:2073:7)
#22     ComponentElement.visitChildren (package:flutter/src/widgets/framework.dart:5763:14)
#23     _InactiveElements._unmount (package:flutter/src/widgets/framework.dart:2071:13)
#24     _InactiveElements._unmount.<anonymous closure> (package:flutter/src/widgets/framework.dart:2073:7)
#25     SingleChildRenderObjectElement.visitChildren (package:flutter/src/widgets/framework.dart:6994:14)
#26     _InactiveElements._unmount (package:flutter/src/widgets/framework.dart:2071:13)
#27     _InactiveElements._unmount.<anonymous closure> (package:flutter/src/widgets/framework.dart:2073:7)
#28     SingleChildRenderObjectElement.visitChildren (package:flutter/src/widgets/framework.dart:6994:14)
#29     _InactiveElements._unmount (package:flutter/src/widgets/framework.dart:2071:13)
#30     _InactiveElements._unmount.<anonymous closure> (package:flutter/src/widgets/framework.dart:2073:7)
#31     ComponentElement.visitChildren (package:flutter/src/widgets/framework.dart:5763:14)
#32     _InactiveElements._unmount (package:flutter/src/widgets/framework.dart:2071:13)
#33     _InactiveElements._unmount.<anonymous closure> (package:flutter/src/widgets/framework.dart:2073:7)
#34     SingleChildRenderObjectElement.visitChildren (package:flutter/src/widgets/framework.dart:6994:14)
#35     _InactiveElements._unmount (package:flutter/src/widgets/framework.dart:2071:13)
#36     _InactiveElements._unmount.<anonymous closure> (package:flutter/src/widgets/framework.dart:2073:7)
#37     ComponentElement.visitChildren (package:flutter/src/widgets/framework.dart:5763:14)
#38     _InactiveElements._unmount (package:flutter/src/widgets/framework.dart:2071:13)
#39     _InactiveElements._unmount.<anonymous closure> (package:flutter/src/widgets/framework.dart:2073:7)
#40     SingleChildRenderObjectElement.visitChildren (package:flutter/src/widgets/framework.dart:6994:14)
#41     _InactiveElements._unmount (package:flutter/src/widgets/framework.dart:2071:13)
#42     _InactiveElements._unmount.<anonymous closure> (package:flutter/src/widgets/framework.dart:2073:7)
#43     ComponentElement.visitChildren (package:flutter/src/widgets/framework.dart:5763:14)
#44     _InactiveElements._unmount (package:flutter/src/widgets/framework.dart:2071:13)
#45     _InactiveElements._unmount.<anonymous closure> (package:flutter/src/widgets/framework.dart:2073:7)
#46     ComponentElement.visitChildren (package:flutter/src/widgets/framework.dart:5763:14)
#47     _InactiveElements._unmount (package:flutter/src/widgets/framework.dart:2071:13)
#48     _InactiveElements._unmount.<anonymous closure> (package:flutter/src/widgets/framework.dart:2073:7)
#49     SingleChildRenderObjectElement.visitChildren (package:flutter/src/widgets/framework.dart:6994:14)
#50     _InactiveElements._unmount (package:flutter/src/widgets/framework.dart:2071:13)
#51     _InactiveElements._unmount.<anonymous closure> (package:flutter/src/widgets/framework.dart:2073:7)
#52     ComponentElement.visitChildren (package:flutter/src/widgets/framework.dart:5763:14)
#53     _InactiveElements._unmount (package:flutter/src/widgets/framework.dart:2071:13)
#54     _InactiveElements._unmount.<anonymous closure> (package:flutter/src/widgets/framework.dart:2073:7)
#55     SingleChildRenderObjectElement.visitChildren (package:flutter/src/widgets/framework.dart:6994:14)
#56     _InactiveElements._unmount (package:flutter/src/widgets/framework.dart:2071:13)
#57     _InactiveElements._unmount.<anonymous closure> (package:flutter/src/widgets/framework.dart:2073:7)
#58     ComponentElement.visitChildren (package:flutter/src/widgets/framework.dart:5763:14)
#59     _InactiveElements._unmount (package:flutter/src/widgets/framework.dart:2071:13)
#60     _InactiveElements._unmount.<anonymous closure> (package:flutter/src/widgets/framework.dart:2073:7)
#61     ComponentElement.visitChildren (package:flutter/src/widgets/framework.dart:5763:14)
#62     _InactiveElements._unmount (package:flutter/src/widgets/framework.dart:2071:13)
#63     _InactiveElements._unmount.<anonymous closure> (package:flutter/src/widgets/framework.dart:2073:7)
#64     ComponentElement.visitChildren (package:flutter/src/widgets/framework.dart:5763:14)
#65     _InactiveElements._unmount (package:flutter/src/widgets/framework.dart:2071:13)
#66     _InactiveElements._unmount.<anonymous closure> (package:flutter/src/widgets/framework.dart:2073:7)
#67     ComponentElement.visitChildren (package:flutter/src/widgets/framework.dart:5763:14)
#68     _InactiveElements._unmount (package:flutter/src/widgets/framework.dart:2071:13)
#69     _InactiveElements._unmount.<anonymous closure> (package:flutter/src/widgets/framework.dart:2073:7)
#70     ComponentElement.visitChildren (package:flutter/src/widgets/framework.dart:5763:14)
#71     _InactiveElements._unmount (package:flutter/src/widgets/framework.dart:2071:13)
#72     _InactiveElements._unmount.<anonymous closure> (package:flutter/src/widgets/framework.dart:2073:7)
#73     SingleChildRenderObjectElement.visitChildren (package:flutter/src/widgets/framework.dart:6994:14)
#74     _InactiveElements._unmount (package:flutter/src/widgets/framework.dart:2071:13)
#75     _InactiveElements._unmount.<anonymous closure> (package:flutter/src/widgets/framework.dart:2073:7)
#76     ComponentElement.visitChildren (package:flutter/src/widgets/framework.dart:5763:14)
#77     _InactiveElements._unmount (package:flutter/src/widgets/framework.dart:2071:13)
#78     _InactiveElements._unmount.<anonymous closure> (package:flutter/src/widgets/framework.dart:2073:7)
#79     SingleChildRenderObjectElement.visitChildren (package:flutter/src/widgets/framework.dart:6994:14)
#80     _InactiveElements._unmount (package:flutter/src/widgets/framework.dart:2071:13)
#81     _InactiveElements._unmount.<anonymous closure> (package:flutter/src/widgets/framework.dart:2073:7)
#82     ComponentElement.visitChildren (package:flutter/src/widgets/framework.dart:5763:14)
#83     _InactiveElements._unmount (package:flutter/src/widgets/framework.dart:2071:13)
#84     _InactiveElements._unmount.<anonymous closure> (package:flutter/src/widgets/framework.dart:2073:7)
#85     ComponentElement.visitChildren (package:flutter/src/widgets/framework.dart:5763:14)
#86     _InactiveElements._unmount (package:flutter/src/widgets/framework.dart:2071:13)
#87     _InactiveElements._unmount.<anonymous closure> (package:flutter/src/widgets/framework.dart:2073:7)
#88     ComponentElement.visitChildren (package:flutter/src/widgets/framework.dart:5763:14)
#89     _InactiveElements._unmount (package:flutter/src/widgets/framework.dart:2071:13)
#90     _InactiveElements._unmount.<anonymous closure> (package:flutter/src/widgets/framework.dart:2073:7)
#91     ComponentElement.visitChildren (package:flutter/src/widgets/framework.dart:5763:14)
#92     _InactiveElements._unmount (package:flutter/src/widgets/framework.dart:2071:13)
#93     _InactiveElements._unmount.<anonymous closure> (package:flutter/src/widgets/framework.dart:2073:7)
#94     ComponentElement.visitChildren (package:flutter/src/widgets/framework.dart:5763:14)
#95     _InactiveElements._unmount (package:flutter/src/widgets/framework.dart:2071:13)
#96     _InactiveElements._unmount.<anonymous closure> (package:flutter/src/widgets/framework.dart:2073:7)
#97     ComponentElement.visitChildren (package:flutter/src/widgets/framework.dart:5763:14)
#98     _InactiveElements._unmount (package:flutter/src/widgets/framework.dart:2071:13)
#99     _InactiveElements._unmount.<anonymous closure> (package:flutter/src/widgets/framework.dart:2073:7)
#100    SingleChildRenderObjectElement.visitChildren (package:flutter/src/widgets/framework.dart:6994:14)
#101    _InactiveElements._unmount (package:flutter/src/widgets/framework.dart:2071:13)
#102    _InactiveElements._unmount.<anonymous closure> (package:flutter/src/widgets/framework.dart:2073:7)
#103    ComponentElement.visitChildren (package:flutter/src/widgets/framework.dart:5763:14)
#104    _InactiveElements._unmount (package:flutter/src/widgets/framework.dart:2071:13)
#105    _InactiveElements._unmount.<anonymous closure> (package:flutter/src/widgets/framework.dart:2073:7)
#106    ComponentElement.visitChildren (package:flutter/src/widgets/framework.dart:5763:14)
#107    _InactiveElements._unmount (package:flutter/src/widgets/framework.dart:2071:13)
#108    _InactiveElements._unmount.<anonymous closure> (package:flutter/src/widgets/framework.dart:2073:7)
#109    ComponentElement.visitChildren (package:flutter/src/widgets/framework.dart:5763:14)
#110    _InactiveElements._unmount (package:flutter/src/widgets/framework.dart:2071:13)
#111    _InactiveElements._unmount.<anonymous closure> (package:flutter/src/widgets/framework.dart:2073:7)
#112    ComponentElement.visitChildren (package:flutter/src/widgets/framework.dart:5763:14)
#113    _InactiveElements._unmount (package:flutter/src/widgets/framework.dart:2071:13)
#114    _InactiveElements._unmount.<anonymous closure> (package:flutter/src/widgets/framework.dart:2073:7)
#115    ComponentElement.visitChildren (package:flutter/src/widgets/framework.dart:5763:14)
#116    _InactiveElements._unmount (package:flutter/src/widgets/framework.dart:2071:13)
#117    _InactiveElements._unmount.<anonymous closure> (package:flutter/src/widgets/framework.dart:2073:7)
#118    SingleChildRenderObjectElement.visitChildren (package:flutter/src/widgets/framework.dart:6994:14)
#119    _InactiveElements._unmount (package:flutter/src/widgets/framework.dart:2071:13)
#120    _InactiveElements._unmount.<anonymous closure> (package:flutter/src/widgets/framework.dart:2073:7)
#121    ComponentElement.visitChildren (package:flutter/src/widgets/framework.dart:5763:14)
#122    _InactiveElements._unmount (package:flutter/src/widgets/framework.dart:2071:13)
#123    _InactiveElements._unmount.<anonymous closure> (package:flutter/src/widgets/framework.dart:2073:7)
#124    ComponentElement.visitChildren (package:flutter/src/widgets/framework.dart:5763:14)
#125    _InactiveElements._unmount (package:flutter/src/widgets/framework.dart:2071:13)
#126    _InactiveElements._unmount.<anonymous closure> (package:flutter/src/widgets/framework.dart:2073:7)
#127    ComponentElement.visitChildren (package:flutter/src/widgets/framework.dart:5763:14)
#128    _InactiveElements._unmount (package:flutter/src/widgets/framework.dart:2071:13)
#129    _InactiveElements._unmount.<anonymous closure> (package:flutter/src/widgets/framework.dart:2073:7)
#130    ComponentElement.visitChildren (package:flutter/src/widgets/framework.dart:5763:14)
#131    _InactiveElements._unmount (package:flutter/src/widgets/framework.dart:2071:13)
#132    _InactiveElements._unmount.<anonymous closure> (package:flutter/src/widgets/framework.dart:2073:7)
#133    MultiChildRenderObjectElement.visitChildren (package:flutter/src/widgets/framework.dart:7118:16)
#134    _InactiveElements._unmount (package:flutter/src/widgets/framework.dart:2071:13)
#135    _InactiveElements._unmount.<anonymous closure> (package:flutter/src/widgets/framework.dart:2073:7)
#136    ComponentElement.visitChildren (package:flutter/src/widgets/framework.dart:5763:14)
#137    _InactiveElements._unmount (package:flutter/src/widgets/framework.dart:2071:13)
#138    _InactiveElements._unmount.<anonymous closure> (package:flutter/src/widgets/framework.dart:2073:7)
#139    ComponentElement.visitChildren (package:flutter/src/widgets/framework.dart:5763:14)
#140    _InactiveElements._unmount (package:flutter/src/widgets/framework.dart:2071:13)
#141    _InactiveElements._unmount.<anonymous closure> (package:flutter/src/widgets/framework.dart:2073:7)
#142    ComponentElement.visitChildren (package:flutter/src/widgets/framework.dart:5763:14)
#143    _InactiveElements._unmount (package:flutter/src/widgets/framework.dart:2071:13)
#144    _InactiveElements._unmount.<anonymous closure> (package:flutter/src/widgets/framework.dart:2073:7)
#145    ComponentElement.visitChildren (package:flutter/src/widgets/framework.dart:5763:14)
#146    _InactiveElements._unmount (package:flutter/src/widgets/framework.dart:2071:13)
#147    _InactiveElements._unmount.<anonymous closure> (package:flutter/src/widgets/framework.dart:2073:7)
#148    ComponentElement.visitChildren (package:flutter/src/widgets/framework.dart:5763:14)
#149    _InactiveElements._unmount (package:flutter/src/widgets/framework.dart:2071:13)
#150    _InactiveElements._unmount.<anonymous closure> (package:flutter/src/widgets/framework.dart:2073:7)
#151    ComponentElement.visitChildren (package:flutter/src/widgets/framework.dart:5763:14)
#152    _InactiveElements._unmount (package:flutter/src/widgets/framework.dart:2071:13)
#153    _InactiveElements._unmount.<anonymous closure> (package:flutter/src/widgets/framework.dart:2073:7)
#154    ComponentElement.visitChildren (package:flutter/src/widgets/framework.dart:5763:14)
#155    _InactiveElements._unmount (package:flutter/src/widgets/framework.dart:2071:13)
#156    _InactiveElements._unmount.<anonymous closure> (package:flutter/src/widgets/framework.dart:2073:7)
#157    SingleChildRenderObjectElement.visitChildren (package:flutter/src/widgets/framework.dart:6994:14)
#158    _InactiveElements._unmount (package:flutter/src/widgets/framework.dart:2071:13)
#159    _InactiveElements._unmount.<anonymous closure> (package:flutter/src/widgets/framework.dart:2073:7)
#160    SingleChildRenderObjectElement.visitChildren (package:flutter/src/widgets/framework.dart:6994:14)
#161    _InactiveElements._unmount (package:flutter/src/widgets/framework.dart:2071:13)
#162    _InactiveElements._unmount.<anonymous closure> (package:flutter/src/widgets/framework.dart:2073:7)
#163    ComponentElement.visitChildren (package:flutter/src/widgets/framework.dart:5763:14)
#164    _InactiveElements._unmount (package:flutter/src/widgets/framework.dart:2071:13)
#165    _InactiveElements._unmount.<anonymous closure> (package:flutter/src/widgets/framework.dart:2073:7)
#166    ComponentElement.visitChildren (package:flutter/src/widgets/framework.dart:5763:14)
#167    _InactiveElements._unmount (package:flutter/src/widgets/framework.dart:2071:13)
#168    _InactiveElements._unmount.<anonymous closure> (package:flutter/src/widgets/framework.dart:2073:7)
#169    ComponentElement.visitChildren (package:flutter/src/widgets/framework.dart:5763:14)
#170    _InactiveElements._unmount (package:flutter/src/widgets/framework.dart:2071:13)
#171    _InactiveElements._unmount.<anonymous closure> (package:flutter/src/widgets/framework.dart:2073:7)
#172    ComponentElement.visitChildren (package:flutter/src/widgets/framework.dart:5763:14)
#173    _InactiveElements._unmount (package:flutter/src/widgets/framework.dart:2071:13)
#174    _InactiveElements._unmount.<anonymous closure> (package:flutter/src/widgets/framework.dart:2073:7)
#175    ComponentElement.visitChildren (package:flutter/src/widgets/framework.dart:5763:14)
#176    _InactiveElements._unmount (package:flutter/src/widgets/framework.dart:2071:13)
#177    _InactiveElements._unmount.<anonymous closure> (package:flutter/src/widgets/framework.dart:2073:7)
#178    ComponentElement.visitChildren (package:flutter/src/widgets/framework.dart:5763:14)
#179    _InactiveElements._unmount (package:flutter/src/widgets/framework.dart:2071:13)
#180    _InactiveElements._unmount.<anonymous closure> (package:flutter/src/widgets/framework.dart:2073:7)
#181    ComponentElement.visitChildren (package:flutter/src/widgets/framework.dart:5763:14)
#182    _InactiveElements._unmount (package:flutter/src/widgets/framework.dart:2071:13)
#183    _InactiveElements._unmount.<anonymous closure> (package:flutter/src/widgets/framework.dart:2073:7)
#184    ComponentElement.visitChildren (package:flutter/src/widgets/framework.dart:5763:14)
#185    _InactiveElements._unmount (package:flutter/src/widgets/framework.dart:2071:13)
#186    _InactiveElements._unmount.<anonymous closure> (package:flutter/src/widgets/framework.dart:2073:7)
#187    ComponentElement.visitChildren (package:flutter/src/widgets/framework.dart:5763:14)
#188    _InactiveElements._unmount (package:flutter/src/widgets/framework.dart:2071:13)
#189    _InactiveElements._unmount.<anonymous closure> (package:flutter/src/widgets/framework.dart:2073:7)
#190    ComponentElement.visitChildren (package:flutter/src/widgets/framework.dart:5763:14)
#191    _InactiveElements._unmount (package:flutter/src/widgets/framework.dart:2071:13)
#192    _InactiveElements._unmount.<anonymous closure> (package:flutter/src/widgets/framework.dart:2073:7)
#193    ComponentElement.visitChildren (package:flutter/src/widgets/framework.dart:5763:14)
#194    _InactiveElements._unmount (package:flutter/src/widgets/framework.dart:2071:13)
#195    _InactiveElements._unmount.<anonymous closure> (package:flutter/src/widgets/framework.dart:2073:7)
#196    ComponentElement.visitChildren (package:flutter/src/widgets/framework.dart:5763:14)
#197    _InactiveElements._unmount (package:flutter/src/widgets/framework.dart:2071:13)
#198    _InactiveElements._unmount.<anonymous closure> (package:flutter/src/widgets/framework.dart:2073:7)
#199    ComponentElement.visitChildren (package:flutter/src/widgets/framework.dart:5763:14)
#200    _InactiveElements._unmount (package:flutter/src/widgets/framework.dart:2071:13)
#201    _InactiveElements._unmount.<anonymous closure> (package:flutter/src/widgets/framework.dart:2073:7)
#202    ComponentElement.visitChildren (package:flutter/src/widgets/framework.dart:5763:14)
#203    _InactiveElements._unmount (package:flutter/src/widgets/framework.dart:2071:13)
#204    _InactiveElements._unmount.<anonymous closure> (package:flutter/src/widgets/framework.dart:2073:7)
#205    ComponentElement.visitChildren (package:flutter/src/widgets/framework.dart:5763:14)
#206    _InactiveElements._unmount (package:flutter/src/widgets/framework.dart:2071:13)
#207    _InactiveElements._unmount.<anonymous closure> (package:flutter/src/widgets/framework.dart:2073:7)
#208    ComponentElement.visitChildren (package:flutter/src/widgets/framework.dart:5763:14)
#209    _InactiveElements._unmount (package:flutter/src/widgets/framework.dart:2071:13)
#210    _InactiveElements._unmount.<anonymous closure> (package:flutter/src/widgets/framework.dart:2073:7)
#211    ComponentElement.visitChildren (package:flutter/src/widgets/framework.dart:5763:14)
#212    _InactiveElements._unmount (package:flutter/src/widgets/framework.dart:2071:13)
#213    _InactiveElements._unmount.<anonymous closure> (package:flutter/src/widgets/framework.dart:2073:7)
#214    ComponentElement.visitChildren (package:flutter/src/widgets/framework.dart:5763:14)
#215    _InactiveElements._unmount (package:flutter/src/widgets/framework.dart:2071:13)
#216    _InactiveElements._unmount.<anonymous closure> (package:flutter/src/widgets/framework.dart:2073:7)
#217    ComponentElement.visitChildren (package:flutter/src/widgets/framework.dart:5763:14)
#218    _InactiveElements._unmount (package:flutter/src/widgets/framework.dart:2071:13)
#219    _InactiveElements._unmount.<anonymous closure> (package:flutter/src/widgets/framework.dart:2073:7)
#220    ComponentElement.visitChildren (package:flutter/src/widgets/framework.dart:5763:14)
#221    _InactiveElements._unmount (package:flutter/src/widgets/framework.dart:2071:13)
#222    _InactiveElements._unmount.<anonymous closure> (package:flutter/src/widgets/framework.dart:2073:7)
#223    ComponentElement.visitChildren (package:flutter/src/widgets/framework.dart:5763:14)
#224    _InactiveElements._unmount (package:flutter/src/widgets/framework.dart:2071:13)
#225    _InactiveElements._unmount.<anonymous closure> (package:flutter/src/widgets/framework.dart:2073:7)
#226    ComponentElement.visitChildren (package:flutter/src/widgets/framework.dart:5763:14)
#227    _InactiveElements._unmount (package:flutter/src/widgets/framework.dart:2071:13)
#228    _InactiveElements._unmount.<anonymous closure> (package:flutter/src/widgets/framework.dart:2073:7)
#229    ComponentElement.visitChildren (package:flutter/src/widgets/framework.dart:5763:14)
#230    _InactiveElements._unmount (package:flutter/src/widgets/framework.dart:2071:13)
#231    _InactiveElements._unmount.<anonymous closure> (package:flutter/src/widgets/framework.dart:2073:7)
#232    ComponentElement.visitChildren (package:flutter/src/widgets/framework.dart:5763:14)
#233    _InactiveElements._unmount (package:flutter/src/widgets/framework.dart:2071:13)
#234    _InactiveElements._unmount.<anonymous closure> (package:flutter/src/widgets/framework.dart:2073:7)
#235    ComponentElement.visitChildren (package:flutter/src/widgets/framework.dart:5763:14)
#236    _InactiveElements._unmount (package:flutter/src/widgets/framework.dart:2071:13)
#237    _InactiveElements._unmount.<anonymous closure> (package:flutter/src/widgets/framework.dart:2073:7)
#238    SingleChildRenderObjectElement.visitChildren (package:flutter/src/widgets/framework.dart:6994:14)
#239    _InactiveElements._unmount (package:flutter/src/widgets/framework.dart:2071:13)
#240    _InactiveElements._unmount.<anonymous closure> (package:flutter/src/widgets/framework.dart:2073:7)
#241    ComponentElement.visitChildren (package:flutter/src/widgets/framework.dart:5763:14)
#242    _InactiveElements._unmount (package:flutter/src/widgets/framework.dart:2071:13)
#243    _InactiveElements._unmount.<anonymous closure> (package:flutter/src/widgets/framework.dart:2073:7)
#244    ComponentElement.visitChildren (package:flutter/src/widgets/framework.dart:5763:14)
#245    _InactiveElements._unmount (package:flutter/src/widgets/framework.dart:2071:13)
#246    _InactiveElements._unmount.<anonymous closure> (package:flutter/src/widgets/framework.dart:2073:7)
#247    ComponentElement.visitChildren (package:flutter/src/widgets/framework.dart:5763:14)
#248    _InactiveElements._unmount (package:flutter/src/widgets/framework.dart:2071:13)
#249    _InactiveElements._unmount.<anonymous closure> (package:flutter/src/widgets/framework.dart:2073:7)
#250    ComponentElement.visitChildren (package:flutter/src/widgets/framework.dart:5763:14)
#251    _InactiveElements._unmount (package:flutter/src/widgets/framework.dart:2071:13)
#252    _InactiveElements._unmount.<anonymous closure> (package:flutter/src/widgets/framework.dart:2073:7)
#253    ComponentElement.visitChildren (package:flutter/src/widgets/framework.dart:5763:14)
#254    _InactiveElements._unmount (package:flutter/src/widgets/framework.dart:2071:13)
#255    _InactiveElements._unmount.<anonymous closure> (package:flutter/src/widgets/framework.dart:2073:7)
#256    SingleChildRenderObjectElement.visitChildren (package:flutter/src/widgets/framework.dart:6994:14)
#257    _InactiveElements._unmount (package:flutter/src/widgets/framework.dart:2071:13)
#258    _InactiveElements._unmount.<anonymous closure> (package:flutter/src/widgets/framework.dart:2073:7)
#259    ComponentElement.visitChildren (package:flutter/src/widgets/framework.dart:5763:14)
#260    _InactiveElements._unmount (package:flutter/src/widgets/framework.dart:2071:13)
#261    _InactiveElements._unmount.<anonymous closure> (package:flutter/src/widgets/framework.dart:2073:7)
#262    SingleChildRenderObjectElement.visitChildren (package:flutter/src/widgets/framework.dart:6994:14)
#263    _InactiveElements._unmount (package:flutter/src/widgets/framework.dart:2071:13)
#264    _InactiveElements._unmount.<anonymous closure> (package:flutter/src/widgets/framework.dart:2073:7)
#265    ComponentElement.visitChildren (package:flutter/src/widgets/framework.dart:5763:14)
#266    _InactiveElements._unmount (package:flutter/src/widgets/framework.dart:2071:13)
#267    _InactiveElements._unmount.<anonymous closure> (package:flutter/src/widgets/framework.dart:2073:7)
#268    ComponentElement.visitChildren (package:flutter/src/widgets/framework.dart:5763:14)
#269    _InactiveElements._unmount (package:flutter/src/widgets/framework.dart:2071:13)
#270    _InactiveElements._unmount.<anonymous closure> (package:flutter/src/widgets/framework.dart:2073:7)
#271    ComponentElement.visitChildren (package:flutter/src/widgets/framework.dart:5763:14)
#272    _InactiveElements._unmount (package:flutter/src/widgets/framework.dart:2071:13)
#273    _InactiveElements._unmount.<anonymous closure> (package:flutter/src/widgets/framework.dart:2073:7)
#274    ComponentElement.visitChildren (package:flutter/src/widgets/framework.dart:5763:14)
#275    _InactiveElements._unmount (package:flutter/src/widgets/framework.dart:2071:13)
#276    _InactiveElements._unmount.<anonymous closure> (package:flutter/src/widgets/framework.dart:2073:7)
#277    ComponentElement.visitChildren (package:flutter/src/widgets/framework.dart:5763:14)
#278    _InactiveElements._unmount (package:flutter/src/widgets/framework.dart:2071:13)
#279    _InactiveElements._unmount.<anonymous closure> (package:flutter/src/widgets/framework.dart:2073:7)
#280    SingleChildRenderObjectElement.visitChildren (package:flutter/src/widgets/framework.dart:6994:14)
#281    _InactiveElements._unmount (package:flutter/src/widgets/framework.dart:2071:13)
#282    _InactiveElements._unmount.<anonymous closure> (package:flutter/src/widgets/framework.dart:2073:7)
#283    ComponentElement.visitChildren (package:flutter/src/widgets/framework.dart:5763:14)
#284    _InactiveElements._unmount (package:flutter/src/widgets/framework.dart:2071:13)
#285    _InactiveElements._unmount.<anonymous closure> (package:flutter/src/widgets/framework.dart:2073:7)
#286    ComponentElement.visitChildren (package:flutter/src/widgets/framework.dart:5763:14)
#287    _InactiveElements._unmount (package:flutter/src/widgets/framework.dart:2071:13)
#288    _InactiveElements._unmount.<anonymous closure> (package:flutter/src/widgets/framework.dart:2073:7)
#289    ComponentElement.visitChildren (package:flutter/src/widgets/framework.dart:5763:14)
#290    _InactiveElements._unmount (package:flutter/src/widgets/framework.dart:2071:13)
#291    _InactiveElements._unmount.<anonymous closure> (package:flutter/src/widgets/framework.dart:2073:7)
#292    ComponentElement.visitChildren (package:flutter/src/widgets/framework.dart:5763:14)
#293    _InactiveElements._unmount (package:flutter/src/widgets/framework.dart:2071:13)
#294    _InactiveElements._unmount.<anonymous closure> (package:flutter/src/widgets/framework.dart:2073:7)
#295    ComponentElement.visitChildren (package:flutter/src/widgets/framework.dart:5763:14)
#296    _InactiveElements._unmount (package:flutter/src/widgets/framework.dart:2071:13)
#297    _InactiveElements._unmount.<anonymous closure> (package:flutter/src/widgets/framework.dart:2073:7)
#298    SingleChildRenderObjectElement.visitChildren (package:flutter/src/widgets/framework.dart:6994:14)
#299    _InactiveElements._unmount (package:flutter/src/widgets/framework.dart:2071:13)
#300    _InactiveElements._unmount.<anonymous closure> (package:flutter/src/widgets/framework.dart:2073:7)
#301    ComponentElement.visitChildren (package:flutter/src/widgets/framework.dart:5763:14)
#302    _InactiveElements._unmount (package:flutter/src/widgets/framework.dart:2071:13)
#303    _InactiveElements._unmount.<anonymous closure> (package:flutter/src/widgets/framework.dart:2073:7)
#304    ComponentElement.visitChildren (package:flutter/src/widgets/framework.dart:5763:14)
#305    _InactiveElements._unmount (package:flutter/src/widgets/framework.dart:2071:13)
#306    _InactiveElements._unmount.<anonymous closure> (package:flutter/src/widgets/framework.dart:2073:7)
#307    ComponentElement.visitChildren (package:flutter/src/widgets/framework.dart:5763:14)
#308    _InactiveElements._unmount (package:flutter/src/widgets/framework.dart:2071:13)
#309    _InactiveElements._unmount.<anonymous closure> (package:flutter/src/widgets/framework.dart:2073:7)
#310    ComponentElement.visitChildren (package:flutter/src/widgets/framework.dart:5763:14)
#311    _InactiveElements._unmount (package:flutter/src/widgets/framework.dart:2071:13)
#312    _InactiveElements._unmount.<anonymous closure> (package:flutter/src/widgets/framework.dart:2073:7)
#313    SingleChildRenderObjectElement.visitChildren (package:flutter/src/widgets/framework.dart:6994:14)
#314    _InactiveElements._unmount (package:flutter/src/widgets/framework.dart:2071:13)
#315    _InactiveElements._unmount.<anonymous closure> (package:flutter/src/widgets/framework.dart:2073:7)
#316    ComponentElement.visitChildren (package:flutter/src/widgets/framework.dart:5763:14)
#317    _InactiveElements._unmount (package:flutter/src/widgets/framework.dart:2071:13)
#318    _InactiveElements._unmount.<anonymous closure> (package:flutter/src/widgets/framework.dart:2073:7)
#319    ComponentElement.visitChildren (package:flutter/src/widgets/framework.dart:5763:14)
#320    _InactiveElements._unmount (package:flutter/src/widgets/framework.dart:2071:13)
#321    _InactiveElements._unmount.<anonymous closure> (package:flutter/src/widgets/framework.dart:2073:7)
#322    ComponentElement.visitChildren (package:flutter/src/widgets/framework.dart:5763:14)
#323    _InactiveElements._unmount (package:flutter/src/widgets/framework.dart:2071:13)
#324    _InactiveElements._unmount.<anonymous closure> (package:flutter/src/widgets/framework.dart:2073:7)
#325    ComponentElement.visitChildren (package:flutter/src/widgets/framework.dart:5763:14)
#326    _InactiveElements._unmount (package:flutter/src/widgets/framework.dart:2071:13)
#327    _InactiveElements._unmount.<anonymous closure> (package:flutter/src/widgets/framework.dart:2073:7)
#328    ComponentElement.visitChildren (package:flutter/src/widgets/framework.dart:5763:14)
#329    _InactiveElements._unmount (package:flutter/src/widgets/framework.dart:2071:13)
#330    _InactiveElements._unmount.<anonymous closure> (package:flutter/src/widgets/framework.dart:2073:7)
#331    ComponentElement.visitChildren (package:flutter/src/widgets/framework.dart:5763:14)
#332    _InactiveElements._unmount (package:flutter/src/widgets/framework.dart:2071:13)
#333    _InactiveElements._unmount.<anonymous closure> (package:flutter/src/widgets/framework.dart:2073:7)
#334    ComponentElement.visitChildren (package:flutter/src/widgets/framework.dart:5763:14)
#335    _InactiveElements._unmount (package:flutter/src/widgets/framework.dart:2071:13)
#336    _InactiveElements._unmount.<anonymous closure> (package:flutter/src/widgets/framework.dart:2073:7)
#337    ComponentElement.visitChildren (package:flutter/src/widgets/framework.dart:5763:14)
#338    _InactiveElements._unmount (package:flutter/src/widgets/framework.dart:2071:13)
#339    _InactiveElements._unmount.<anonymous closure> (package:flutter/src/widgets/framework.dart:2073:7)
#340    ComponentElement.visitChildren (package:flutter/src/widgets/framework.dart:5763:14)
#341    _InactiveElements._unmount (package:flutter/src/widgets/framework.dart:2071:13)
#342    _InactiveElements._unmount.<anonymous closure> (package:flutter/src/widgets/framework.dart:2073:7)
#343    ComponentElement.visitChildren (package:flutter/src/widgets/framework.dart:5763:14)
#344    _InactiveElements._unmount (package:flutter/src/widgets/framework.dart:2071:13)
#345    _InactiveElements._unmount.<anonymous closure> (package:flutter/src/widgets/framework.dart:2073:7)
#346    ComponentElement.visitChildren (package:flutter/src/widgets/framework.dart:5763:14)
#347    _InactiveElements._unmount (package:flutter/src/widgets/framework.dart:2071:13)
#348    _InactiveElements._unmount.<anonymous closure> (package:flutter/src/widgets/framework.dart:2073:7)
#349    SingleChildRenderObjectElement.visitChildren (package:flutter/src/widgets/framework.dart:6994:14)
#350    _InactiveElements._unmount (package:flutter/src/widgets/framework.dart:2071:13)
#351    _InactiveElements._unmount.<anonymous closure> (package:flutter/src/widgets/framework.dart:2073:7)
#352    ComponentElement.visitChildren (package:flutter/src/widgets/framework.dart:5763:14)
#353    _InactiveElements._unmount (package:flutter/src/widgets/framework.dart:2071:13)
#354    _InactiveElements._unmount.<anonymous closure> (package:flutter/src/widgets/framework.dart:2073:7)
#355    ComponentElement.visitChildren (package:flutter/src/widgets/framework.dart:5763:14)
#356    _InactiveElements._unmount (package:flutter/src/widgets/framework.dart:2071:13)
#357    _InactiveElements._unmount.<anonymous closure> (package:flutter/src/widgets/framework.dart:2073:7)
#358    ComponentElement.visitChildren (package:flutter/src/widgets/framework.dart:5763:14)
#359    _InactiveElements._unmount (package:flutter/src/widgets/framework.dart:2071:13)
#360    _InactiveElements._unmount.<anonymous closure> (package:flutter/src/widgets/framework.dart:2073:7)
#361    ComponentElement.visitChildren (package:flutter/src/widgets/framework.dart:5763:14)
#362    _InactiveElements._unmount (package:flutter/src/widgets/framework.dart:2071:13)
#363    _InactiveElements._unmount.<anonymous closure> (package:flutter/src/widgets/framework.dart:2073:7)
#364    ComponentElement.visitChildren (package:flutter/src/widgets/framework.dart:5763:14)
#365    _InactiveElements._unmount (package:flutter/src/widgets/framework.dart:2071:13)
#366    _InactiveElements._unmount.<anonymous closure> (package:flutter/src/widgets/framework.dart:2073:7)
#367    ComponentElement.visitChildren (package:flutter/src/widgets/framework.dart:5763:14)
#368    _InactiveElements._unmount (package:flutter/src/widgets/framework.dart:2071:13)
#369    _InactiveElements._unmount.<anonymous closure> (package:flutter/src/widgets/framework.dart:2073:7)
#370    ComponentElement.visitChildren (package:flutter/src/widgets/framework.dart:5763:14)
#371    _InactiveElements._unmount (package:flutter/src/widgets/framework.dart:2071:13)
#372    ListIterable.forEach (dart:_internal/iterable.dart:49:13)
#373    _InactiveElements._unmountAll (package:flutter/src/widgets/framework.dart:2084:25)
#374    BuildOwner.lockState (package:flutter/src/widgets/framework.dart:2965:15)
#375    BuildOwner.finalizeTree (package:flutter/src/widgets/framework.dart:3288:7)
#376    AutomatedTestWidgetsFlutterBinding.drawFrame (package:flutter_test/src/binding.dart:1537:19)
#377    RendererBinding._handlePersistentFrameCallback (package:flutter/src/rendering/binding.dart:495:5)
#378    SchedulerBinding._invokeFrameCallback (package:flutter/src/scheduler/binding.dart:1438:15)
#379    SchedulerBinding.handleDrawFrame (package:flutter/src/scheduler/binding.dart:1351:9)
#380    AutomatedTestWidgetsFlutterBinding.scheduleWarmUpFrame (package:flutter_test/src/binding.dart:1441:5)
#381    _runWidget (package:flutter/src/widgets/binding.dart:1558:7)
#382    runApp (package:flutter/src/widgets/binding.dart:1491:3)
#383    TestWidgetsFlutterBinding._runTestBody (package:flutter_test/src/binding.dart:1071:7)
<asynchronous suspension>
<asynchronous suspension>
(elided 5 frames from dart:async and package:stack_trace)

══╡ EXCEPTION CAUGHT BY FLUTTER TEST FRAMEWORK ╞════════════════════════════════════════════════════
The following assertion was thrown running a test:
A Timer is still pending even after the widget tree was disposed.
'package:flutter_test/src/binding.dart':
Failed assertion: line 1626 pos 12: '!timersPending'

When the exception was thrown, this was the stack:
#2      AutomatedTestWidgetsFlutterBinding._verifyInvariants (package:flutter_test/src/binding.dart:1626:12)
#3      TestWidgetsFlutterBinding._runTestBody (package:flutter_test/src/binding.dart:1083:7)
<asynchronous suspension>
<asynchronous suspension>
(elided 3 frames from class _AssertionError and package:stack_trace)

The test description was:
  should handle navigation errors gracefully
════════════════════════════════════════════════════════════════════════════════════════════════════
00:06 +4 -6: /mnt/d/dev/Ojyx/test/core/config/router_config_test.dart: Router Navigation Behavior should handle navigation errors gracefully [E]                                                       
  Test failed. See exception logs above.
  The test description was: should handle navigation errors gracefully
  

To run this test again: /home/hyminix/flutter/bin/cache/dart-sdk/bin/dart test /mnt/d/dev/Ojyx/test/core/config/router_config_test.dart -p vm --plain-name 'Router Navigation Behavior should handle navigation errors gracefully'
00:06 +4 -6: /mnt/d/dev/Ojyx/test/core/config/router_config_test.dart: Router Navigation Behavior should support back navigation                                                                       00:07 +4 -6: /mnt/d/dev/Ojyx/test/core/config/router_config_test.dart: Router Navigation Behavior should support back navigation                                                                       00:07 +4 -6: /mnt/d/dev/Ojyx/test/core/config/router_config_test.dart: Router Navigation Behavior should support back navigation                                                                       
══╡ EXCEPTION CAUGHT BY FLUTTER TEST FRAMEWORK ╞════════════════════════════════════════════════════
The following GoError was thrown running a test:
There is nothing to pop

When the exception was thrown, this was the stack:
#0      GoRouterDelegate.pop (package:go_router/src/delegate.dart:101:7)
#1      GoRouter.pop (package:go_router/src/router.dart:504:20)
#2      main.<anonymous closure>.<anonymous closure> (file:///mnt/d/dev/Ojyx/test/core/config/router_config_test.dart:141:14)
<asynchronous suspension>
#3      testWidgets.<anonymous closure>.<anonymous closure> (package:flutter_test/src/widget_tester.dart:193:15)
<asynchronous suspension>
#4      TestWidgetsFlutterBinding._runTestBody (package:flutter_test/src/binding.dart:1064:5)
<asynchronous suspension>
<asynchronous suspension>
(elided one frame from package:stack_trace)

The test description was:
  should support back navigation
════════════════════════════════════════════════════════════════════════════════════════════════════
00:07 +4 -7: /mnt/d/dev/Ojyx/test/core/config/router_config_test.dart: Router Navigation Behavior should support back navigation [E]                                                                   
  Test failed. See exception logs above.
  The test description was: should support back navigation
  

To run this test again: /home/hyminix/flutter/bin/cache/dart-sdk/bin/dart test /mnt/d/dev/Ojyx/test/core/config/router_config_test.dart -p vm --plain-name 'Router Navigation Behavior should support back navigation'
00:07 +4 -7: /mnt/d/dev/Ojyx/test/core/config/router_config_test.dart: (tearDownAll)                                                                                                                   00:08 +4 -7: /mnt/d/dev/Ojyx/test/core/config/router_config_test.dart: (tearDownAll)                                                                                                                   00:09 +4 -7: /mnt/d/dev/Ojyx/test/core/config/router_config_test.dart: (tearDownAll)                                                                                                                   00:09 +4 -8: loading /mnt/d/dev/Ojyx/test/core/config/sentry_config_test.dart [E]                                                                                                                      
  Failed to load "/mnt/d/dev/Ojyx/test/core/config/sentry_config_test.dart":
  Compilation failed for testPath=/mnt/d/dev/Ojyx/test/core/config/sentry_config_test.dart: test/core/config/sentry_config_test.dart:26:27: Error: Member not found: 'dsn'.
        expect(SentryConfig.dsn, isNotEmpty,
                            ^^^
  test/core/config/sentry_config_test.dart:29:27: Error: Member not found: 'environment'.
        expect(SentryConfig.environment, equals('production'),
                            ^^^^^^^^^^^
  test/core/config/sentry_config_test.dart:32:27: Error: Member not found: 'tracesSampleRate'.
        expect(SentryConfig.tracesSampleRate, greaterThan(0),
                            ^^^^^^^^^^^^^^^^
  test/core/config/sentry_config_test.dart:38:47: Error: Member not found: 'beforeSend'.
        final beforeSendCallback = SentryConfig.beforeSend;
                                                ^^^^^^^^^^
  test/core/config/sentry_config_test.dart:43:27: Error: Member not found: 'debug'.
        expect(SentryConfig.debug, equals(kDebugMode),
                            ^^^^^
  test/core/config/sentry_config_test.dart:49:51: Error: Member not found: 'attachStacktrace'.
        final attachStacktraceConfig = SentryConfig.attachStacktrace;
                                                    ^^^^^^^^^^^^^^^^
  test/core/config/sentry_config_test.dart:53:56: Error: Member not found: 'captureFailedRequests'.
        final captureFailedRequestsConfig = SentryConfig.captureFailedRequests;
                                                         ^^^^^^^^^^^^^^^^^^^^^
  test/core/config/sentry_config_test.dart:60:45: Error: Member not found: 'tracesSampleRate'.
        final tracesSampleRate = SentryConfig.tracesSampleRate;
                                              ^^^^^^^^^^^^^^^^
  test/core/config/sentry_config_test.dart:65:27: Error: Member not found: 'enableAutoSessionTracking'.
        expect(SentryConfig.enableAutoSessionTracking, isTrue,
                            ^^^^^^^^^^^^^^^^^^^^^^^^^
  test/core/config/sentry_config_test.dart:71:50: Error: Member not found: 'beforeSendTransaction'.
        final beforeSendTransaction = SentryConfig.beforeSendTransaction;
                                                   ^^^^^^^^^^^^^^^^^^^^^
  test/core/config/sentry_config_test.dart:76:27: Error: Member not found: 'sendDefaultPii'.
        expect(SentryConfig.sendDefaultPii, isFalse,
                            ^^^^^^^^^^^^^^
  .

To run this test again: /home/hyminix/flutter/bin/cache/dart-sdk/bin/dart test /mnt/d/dev/Ojyx/test/core/config/sentry_config_test.dart -p vm --plain-name 'loading /mnt/d/dev/Ojyx/test/core/config/sentry_config_test.dart'
test/core/config/supabase_config_test.dart:12:56: Error: Expected 0 type arguments.
class MockSupabaseQueryBuilder extends Mock implements SupabaseQueryBuilder<dynamic, dynamic, dynamic> {}
                                                       ^^^^^^^^^^^^^^^^^^^^
test/core/config/supabase_config_test.dart:26:29: Error: Undefined name 'RealtimeListenTypes'.
      registerFallbackValue(RealtimeListenTypes.postgresChanges);
                            ^^^^^^^^^^^^^^^^^^^
test/core/config/supabase_config_test.dart:27:29: Error: Method not found: 'ChannelFilter'.
      registerFallbackValue(ChannelFilter(event: '*', schema: 'public', table: 'test'));
                            ^^^^^^^^^^^^^
test/core/config/supabase_config_test.dart:95:15: Error: Undefined name 'RealtimeListenTypes'.
          .on(RealtimeListenTypes.postgresChanges, 
              ^^^^^^^^^^^^^^^^^^^
test/core/config/supabase_config_test.dart:96:15: Error: Method not found: 'ChannelFilter'.
              ChannelFilter(event: '*', schema: 'public', table: 'game_states'),
              ^^^^^^^^^^^^^
test/core/config/supabase_config_test.dart:37:23: Error: The argument type 'GoTrueClient' can't be assigned to the parameter type 'dynamic Function()'.
 - 'GoTrueClient' is from 'package:gotrue/src/gotrue_client.dart' ('/home/hyminix/.pub-cache/hosted/pub.dev/gotrue-2.13.0/lib/src/gotrue_client.dart').
      when(mockClient.auth).thenReturn(mockAuth);
                      ^
test/core/config/supabase_config_test.dart:38:23: Error: The argument type 'SupabaseStorageClient' can't be assigned to the parameter type 'dynamic Function()'.
 - 'SupabaseStorageClient' is from 'package:storage_client/src/storage_client.dart' ('/home/hyminix/.pub-cache/hosted/pub.dev/storage_client-2.4.0/lib/src/storage_client.dart').
      when(mockClient.storage).thenReturn(mockStorage);
                      ^
test/core/config/supabase_config_test.dart:39:23: Error: The argument type 'RealtimeClient' can't be assigned to the parameter type 'dynamic Function()'.
 - 'RealtimeClient' is from 'package:realtime_client/src/realtime_client.dart' ('/home/hyminix/.pub-cache/hosted/pub.dev/realtime_client-2.5.1/lib/src/realtime_client.dart').
      when(mockClient.realtime).thenReturn(mockRealtime);
                      ^
test/core/config/supabase_config_test.dart:85:30: Error: The method 'on' isn't defined for the class 'MockRealtimeChannel'.
 - 'MockRealtimeChannel' is from 'test/core/config/supabase_config_test.dart'.
Try correcting the name to the name of an existing method, or defining a method named 'on'.
      when(() => mockChannel.on(
                             ^^
test/core/config/supabase_config_test.dart:90:59: Error: The argument type 'Future<MockRealtimeChannel> Function(Invocation)' can't be assigned to the parameter type 'RealtimeChannel Function(Invocation)'.
 - 'Future' is from 'dart:async'.
 - 'MockRealtimeChannel' is from 'test/core/config/supabase_config_test.dart'.
 - 'Invocation' is from 'dart:core'.
 - 'RealtimeChannel' is from 'package:realtime_client/src/realtime_channel.dart' ('/home/hyminix/.pub-cache/hosted/pub.dev/realtime_client-2.5.1/lib/src/realtime_channel.dart').
      when(() => mockChannel.subscribe(any())).thenAnswer((_) async => mockChannel);
                                                          ^
test/core/config/supabase_config_test.dart:95:12: Error: The method 'on' isn't defined for the class 'RealtimeChannel'.
 - 'RealtimeChannel' is from 'package:realtime_client/src/realtime_channel.dart' ('/home/hyminix/.pub-cache/hosted/pub.dev/realtime_client-2.5.1/lib/src/realtime_channel.dart').
Try correcting the name to the name of an existing method, or defining a method named 'on'.
          .on(RealtimeListenTypes.postgresChanges, 
           ^^
test/core/config/supabase_config_test.dart:144:53: Error: The argument type 'MockSupabaseQueryBuilder' can't be assigned to the parameter type 'SupabaseQueryBuilder'.
 - 'MockSupabaseQueryBuilder' is from 'test/core/config/supabase_config_test.dart'.
 - 'SupabaseQueryBuilder' is from 'package:supabase/src/supabase_query_builder.dart' ('/home/hyminix/.pub-cache/hosted/pub.dev/supabase-2.8.0/lib/src/supabase_query_builder.dart').
      when(() => mockClient.from(any())).thenReturn(mockQueryBuilder);
                                                    ^
test/core/config/supabase_config_test.dart:162:63: Error: A non-null value must be returned since the return type 'List<String>' doesn't allow null.
 - 'List' is from 'dart:core'.
      when(() => mockRealtime.removeAllChannels()).thenAnswer((_) async {});
                                                              ^
00:12 +4 -9: loading /mnt/d/dev/Ojyx/test/core/config/supabase_config_test.dart [E]                                                                                                                    
  Failed to load "/mnt/d/dev/Ojyx/test/core/config/supabase_config_test.dart":
  Compilation failed for testPath=/mnt/d/dev/Ojyx/test/core/config/supabase_config_test.dart: test/core/config/supabase_config_test.dart:12:56: Error: Expected 0 type arguments.
  class MockSupabaseQueryBuilder extends Mock implements SupabaseQueryBuilder<dynamic, dynamic, dynamic> {}
                                                         ^^^^^^^^^^^^^^^^^^^^
  test/core/config/supabase_config_test.dart:26:29: Error: Undefined name 'RealtimeListenTypes'.
        registerFallbackValue(RealtimeListenTypes.postgresChanges);
                              ^^^^^^^^^^^^^^^^^^^
  test/core/config/supabase_config_test.dart:27:29: Error: Method not found: 'ChannelFilter'.
        registerFallbackValue(ChannelFilter(event: '*', schema: 'public', table: 'test'));
                              ^^^^^^^^^^^^^
  test/core/config/supabase_config_test.dart:95:15: Error: Undefined name 'RealtimeListenTypes'.
            .on(RealtimeListenTypes.postgresChanges, 
                ^^^^^^^^^^^^^^^^^^^
  test/core/config/supabase_config_test.dart:96:15: Error: Method not found: 'ChannelFilter'.
                ChannelFilter(event: '*', schema: 'public', table: 'game_states'),
                ^^^^^^^^^^^^^
  test/core/config/supabase_config_test.dart:37:23: Error: The argument type 'GoTrueClient' can't be assigned to the parameter type 'dynamic Function()'.
   - 'GoTrueClient' is from 'package:gotrue/src/gotrue_client.dart' ('/home/hyminix/.pub-cache/hosted/pub.dev/gotrue-2.13.0/lib/src/gotrue_client.dart').
        when(mockClient.auth).thenReturn(mockAuth);
                        ^
  test/core/config/supabase_config_test.dart:38:23: Error: The argument type 'SupabaseStorageClient' can't be assigned to the parameter type 'dynamic Function()'.
   - 'SupabaseStorageClient' is from 'package:storage_client/src/storage_client.dart' ('/home/hyminix/.pub-cache/hosted/pub.dev/storage_client-2.4.0/lib/src/storage_client.dart').
        when(mockClient.storage).thenReturn(mockStorage);
                        ^
  test/core/config/supabase_config_test.dart:39:23: Error: The argument type 'RealtimeClient' can't be assigned to the parameter type 'dynamic Function()'.
   - 'RealtimeClient' is from 'package:realtime_client/src/realtime_client.dart' ('/home/hyminix/.pub-cache/hosted/pub.dev/realtime_client-2.5.1/lib/src/realtime_client.dart').
        when(mockClient.realtime).thenReturn(mockRealtime);
                        ^
  test/core/config/supabase_config_test.dart:85:30: Error: The method 'on' isn't defined for the class 'MockRealtimeChannel'.
   - 'MockRealtimeChannel' is from 'test/core/config/supabase_config_test.dart'.
  Try correcting the name to the name of an existing method, or defining a method named 'on'.
        when(() => mockChannel.on(
                               ^^
  test/core/config/supabase_config_test.dart:90:59: Error: The argument type 'Future<MockRealtimeChannel> Function(Invocation)' can't be assigned to the parameter type 'RealtimeChannel Function(Invocation)'.
   - 'Future' is from 'dart:async'.
   - 'MockRealtimeChannel' is from 'test/core/config/supabase_config_test.dart'.
   - 'Invocation' is from 'dart:core'.
   - 'RealtimeChannel' is from 'package:realtime_client/src/realtime_channel.dart' ('/home/hyminix/.pub-cache/hosted/pub.dev/realtime_client-2.5.1/lib/src/realtime_channel.dart').
        when(() => mockChannel.subscribe(any())).thenAnswer((_) async => mockChannel);
                                                            ^
  test/core/config/supabase_config_test.dart:95:12: Error: The method 'on' isn't defined for the class 'RealtimeChannel'.
   - 'RealtimeChannel' is from 'package:realtime_client/src/realtime_channel.dart' ('/home/hyminix/.pub-cache/hosted/pub.dev/realtime_client-2.5.1/lib/src/realtime_channel.dart').
  Try correcting the name to the name of an existing method, or defining a method named 'on'.
            .on(RealtimeListenTypes.postgresChanges, 
             ^^
  test/core/config/supabase_config_test.dart:144:53: Error: The argument type 'MockSupabaseQueryBuilder' can't be assigned to the parameter type 'SupabaseQueryBuilder'.
   - 'MockSupabaseQueryBuilder' is from 'test/core/config/supabase_config_test.dart'.
   - 'SupabaseQueryBuilder' is from 'package:supabase/src/supabase_query_builder.dart' ('/home/hyminix/.pub-cache/hosted/pub.dev/supabase-2.8.0/lib/src/supabase_query_builder.dart').
        when(() => mockClient.from(any())).thenReturn(mockQueryBuilder);
                                                      ^
  test/core/config/supabase_config_test.dart:162:63: Error: A non-null value must be returned since the return type 'List<String>' doesn't allow null.
   - 'List' is from 'dart:core'.
        when(() => mockRealtime.removeAllChannels()).thenAnswer((_) async {});
                                                                ^
  .

To run this test again: /home/hyminix/flutter/bin/cache/dart-sdk/bin/dart test /mnt/d/dev/Ojyx/test/core/config/supabase_config_test.dart -p vm --plain-name 'loading /mnt/d/dev/Ojyx/test/core/config/supabase_config_test.dart'
00:16 +4 -9: loading /mnt/d/dev/Ojyx/test/core/errors/failures_test.dart                                                                                                                               00:16 +4 -9: /mnt/d/dev/Ojyx/test/core/errors/failures_test.dart: Failure should create all Failure types correctly                                                                                    00:16 +5 -9: /mnt/d/dev/Ojyx/test/core/errors/failures_test.dart: Failure should create all Failure types correctly                                                                                    00:16 +5 -9: /mnt/d/dev/Ojyx/test/core/errors/failures_test.dart: Failure should support equality                                                                                                      00:16 +6 -9: /mnt/d/dev/Ojyx/test/core/errors/failures_test.dart: Failure should support equality                                                                                                      00:17 +6 -9: /mnt/d/dev/Ojyx/test/core/errors/failures_test.dart: Failure should support equality                                                                                                      00:17 +6 -9: loading /mnt/d/dev/Ojyx/test/core/providers/supabase_provider_test.dart                                                                                                                   00:17 +6 -9: /mnt/d/dev/Ojyx/test/core/providers/supabase_provider_test.dart: supabaseClientProvider should provide SupabaseClient instance                                                            00:17 +7 -9: /mnt/d/dev/Ojyx/test/core/providers/supabase_provider_test.dart: supabaseClientProvider should provide SupabaseClient instance                                                            00:17 +7 -9: /mnt/d/dev/Ojyx/test/core/providers/supabase_provider_test.dart: supabaseClientProvider provider should be of correct type                                                                00:17 +8 -9: /mnt/d/dev/Ojyx/test/core/providers/supabase_provider_test.dart: supabaseClientProvider provider should be of correct type                                                                00:18 +8 -9: loading /mnt/d/dev/Ojyx/test/core/usecases/usecase_test.dart                                                                                                                              00:18 +8 -9: /mnt/d/dev/Ojyx/test/core/usecases/usecase_test.dart: UseCase should return success result when params are valid                                                                          00:18 +9 -9: /mnt/d/dev/Ojyx/test/core/usecases/usecase_test.dart: UseCase should return success result when params are valid                                                                          00:18 +9 -9: /mnt/d/dev/Ojyx/test/core/usecases/usecase_test.dart: UseCase should return failure when params indicate failure                                                                          00:18 +10 -9: /mnt/d/dev/Ojyx/test/core/usecases/usecase_test.dart: UseCase should return failure when params indicate failure                                                                         00:18 +10 -9: /mnt/d/dev/Ojyx/test/core/usecases/usecase_test.dart: UseCaseNoParams should return success result without params                                                                        00:18 +11 -9: /mnt/d/dev/Ojyx/test/core/usecases/usecase_test.dart: UseCaseNoParams should return success result without params                                                                        00:18 +11 -9: /mnt/d/dev/Ojyx/test/core/usecases/usecase_test.dart: UseCaseNoParams should return failure when configured to fail                                                                      00:18 +12 -9: /mnt/d/dev/Ojyx/test/core/usecases/usecase_test.dart: UseCaseNoParams should return failure when configured to fail                                                                      00:18 +12 -9: /mnt/d/dev/Ojyx/test/core/usecases/usecase_test.dart: NoParams should be constructable                                                                                                   00:18 +13 -9: /mnt/d/dev/Ojyx/test/core/usecases/usecase_test.dart: NoParams should be constructable                                                                                                   00:18 +13 -9: loading /mnt/d/dev/Ojyx/test/core/utils/extensions_test.dart                                                                                                                             00:18 +13 -9: /mnt/d/dev/Ojyx/test/core/utils/extensions_test.dart: CardValueExtensions Strategic Color Communication Behavior should communicate card value risk levels through strategic color coding00:18 +14 -9: /mnt/d/dev/Ojyx/test/core/utils/extensions_test.dart: CardValueExtensions Strategic Color Communication Behavior should communicate card value risk levels through strategic color coding00:18 +14 -9: /mnt/d/dev/Ojyx/test/core/utils/extensions_test.dart: CardValueExtensions Strategic Color Communication Behavior should provide visually distinct colors for competitive card recognition00:18 +15 -9: /mnt/d/dev/Ojyx/test/core/utils/extensions_test.dart: CardValueExtensions Strategic Color Communication Behavior should provide visually distinct colors for competitive card recognition00:18 +15 -9: /mnt/d/dev/Ojyx/test/core/utils/extensions_test.dart: ... Strategic Color Communication Behavior should maintain color consistency across entire value range for strategic planning      00:18 +16 -9: /mnt/d/dev/Ojyx/test/core/utils/extensions_test.dart: ... Strategic Color Communication Behavior should maintain color consistency across entire value range for strategic planning      00:18 +16 -9: /mnt/d/dev/Ojyx/test/core/utils/extensions_test.dart: ListExtensions Gameplay Utility Behavior should enable fair deck shuffling without affecting original deck order                   00:18 +17 -9: /mnt/d/dev/Ojyx/test/core/utils/extensions_test.dart: ListExtensions Gameplay Utility Behavior should enable fair deck shuffling without affecting original deck order                   00:18 +17 -9: /mnt/d/dev/Ojyx/test/core/utils/extensions_test.dart: ListExtensions Gameplay Utility Behavior should enable strategic card distribution for multiplayer game setup                      00:18 +18 -9: /mnt/d/dev/Ojyx/test/core/utils/extensions_test.dart: ListExtensions Gameplay Utility Behavior should enable strategic card distribution for multiplayer game setup                      00:19 +18 -9: /mnt/d/dev/Ojyx/test/core/utils/extensions_test.dart: ListExtensions Gameplay Utility Behavior should enable strategic card distribution for multiplayer game setup                      00:19 +18 -9: loading /mnt/d/dev/Ojyx/test/database/migrations/action_card_functions_test.dart                                                                                                         00:19 +18 -9: loading /mnt/d/dev/Ojyx/test/database/migrations/enable_rls_existing_tables_test.dart                                                                                                    00:20 +18 -9: loading /mnt/d/dev/Ojyx/test/database/migrations/enable_rls_existing_tables_test.dart                                                                                                    00:20 +18 -9: loading /mnt/d/dev/Ojyx/test/database/migrations/game_actions_table_test.dart                                                                                                            00:21 +18 -9: loading /mnt/d/dev/Ojyx/test/database/migrations/game_actions_table_test.dart                                                                                                            00:21 +18 -9: loading /mnt/d/dev/Ojyx/test/database/migrations/game_states_table_test.dart                                                                                                             00:21 +18 -9: loading /mnt/d/dev/Ojyx/test/database/migrations/game_state_management_test.dart                                                                                                         00:22 +18 -9: loading /mnt/d/dev/Ojyx/test/database/migrations/game_state_management_test.dart                                                                                                         00:22 +18 -9: loading /mnt/d/dev/Ojyx/test/database/migrations/game_validation_functions_test.dart                                                                                                     00:22 +18 -9: loading /mnt/d/dev/Ojyx/test/database/migrations/global_scores_table_test.dart                                                                                                           00:23 +18 -9: loading /mnt/d/dev/Ojyx/test/database/migrations/global_scores_table_test.dart                                                                                                           00:23 +18 -9: loading /mnt/d/dev/Ojyx/test/database/migrations/players_table_test.dart                                                                                                                 00:24 +18 -9: loading /mnt/d/dev/Ojyx/test/database/migrations/players_table_test.dart                                                                                                                 00:24 +18 -9: loading /mnt/d/dev/Ojyx/test/features/auth/presentation/providers/auth_provider_test.dart                                                                                                00:24 +18 -9: /mnt/d/dev/Ojyx/test/features/auth/presentation/providers/auth_provider_test.dart: AuthNotifier should return existing user if already authenticated                                     00:24 +19 -9: /mnt/d/dev/Ojyx/test/features/auth/presentation/providers/auth_provider_test.dart: AuthNotifier should return existing user if already authenticated                                     00:24 +19 -9: /mnt/d/dev/Ojyx/test/features/auth/presentation/providers/auth_provider_test.dart: AuthNotifier should sign in anonymously if no current user                                            00:24 +20 -9: /mnt/d/dev/Ojyx/test/features/auth/presentation/providers/auth_provider_test.dart: AuthNotifier should sign in anonymously if no current user                                            00:24 +20 -9: /mnt/d/dev/Ojyx/test/features/auth/presentation/providers/auth_provider_test.dart: AuthNotifier should return null if anonymous sign in fails                                            00:24 +21 -9: /mnt/d/dev/Ojyx/test/features/auth/presentation/providers/auth_provider_test.dart: AuthNotifier should return null if anonymous sign in fails                                            00:24 +21 -9: /mnt/d/dev/Ojyx/test/features/auth/presentation/providers/auth_provider_test.dart: AuthNotifier signOut should sign out user and invalidate state                                        00:24 +22 -9: /mnt/d/dev/Ojyx/test/features/auth/presentation/providers/auth_provider_test.dart: AuthNotifier signOut should sign out user and invalidate state                                        00:24 +22 -9: /mnt/d/dev/Ojyx/test/features/auth/presentation/providers/auth_provider_test.dart: AuthNotifier currentUserId should return user id when authenticated                                   00:24 +23 -9: /mnt/d/dev/Ojyx/test/features/auth/presentation/providers/auth_provider_test.dart: AuthNotifier currentUserId should return user id when authenticated                                   00:24 +23 -9: /mnt/d/dev/Ojyx/test/features/auth/presentation/providers/auth_provider_test.dart: AuthNotifier currentUserId should return null when not authenticated                                  00:24 +24 -9: /mnt/d/dev/Ojyx/test/features/auth/presentation/providers/auth_provider_test.dart: AuthNotifier currentUserId should return null when not authenticated                                  00:24 +24 -9: /mnt/d/dev/Ojyx/test/features/auth/presentation/providers/auth_provider_test.dart: currentUserId provider should return user id when user is authenticated                               00:24 +25 -9: /mnt/d/dev/Ojyx/test/features/auth/presentation/providers/auth_provider_test.dart: currentUserId provider should return user id when user is authenticated                               00:24 +25 -9: /mnt/d/dev/Ojyx/test/features/auth/presentation/providers/auth_provider_test.dart: currentUserId provider should return null when user is not authenticated                              00:24 +26 -9: /mnt/d/dev/Ojyx/test/features/auth/presentation/providers/auth_provider_test.dart: currentUserId provider should return null when user is not authenticated                              00:24 +26 -9: loading /mnt/d/dev/Ojyx/test/features/end_game/domain/entities/end_game_state_test.dart                                                                                                  00:24 +26 -9: /mnt/d/dev/Ojyx/test/features/end_game/domain/entities/end_game_state_test.dart: EndGameState should create EndGameState with correct properties                                         00:25 +26 -9: /mnt/d/dev/Ojyx/test/features/end_game/domain/entities/end_game_state_test.dart: EndGameState should create EndGameState with correct properties                                         00:25 +27 -9: /mnt/d/dev/Ojyx/test/features/end_game/domain/entities/end_game_state_test.dart: EndGameState should create EndGameState with correct properties                                         00:25 +27 -9: /mnt/d/dev/Ojyx/test/features/end_game/domain/entities/end_game_state_test.dart: EndGameState should calculate ranked players correctly                                                  00:25 +28 -9: /mnt/d/dev/Ojyx/test/features/end_game/domain/entities/end_game_state_test.dart: EndGameState should calculate ranked players correctly                                                  00:25 +28 -9: /mnt/d/dev/Ojyx/test/features/end_game/domain/entities/end_game_state_test.dart: EndGameState should identify winner correctly                                                           00:25 +29 -9: /mnt/d/dev/Ojyx/test/features/end_game/domain/entities/end_game_state_test.dart: EndGameState should identify winner correctly                                                           00:25 +29 -9: /mnt/d/dev/Ojyx/test/features/end_game/domain/entities/end_game_state_test.dart: EndGameState should apply penalty to round initiator when not having lowest score                       00:25 +30 -9: /mnt/d/dev/Ojyx/test/features/end_game/domain/entities/end_game_state_test.dart: EndGameState should apply penalty to round initiator when not having lowest score                       00:25 +30 -9: /mnt/d/dev/Ojyx/test/features/end_game/domain/entities/end_game_state_test.dart: EndGameState should not apply penalty when initiator has lowest score                                   00:25 +31 -9: /mnt/d/dev/Ojyx/test/features/end_game/domain/entities/end_game_state_test.dart: EndGameState should not apply penalty when initiator has lowest score                                   00:25 +31 -9: /mnt/d/dev/Ojyx/test/features/end_game/domain/entities/end_game_state_test.dart: EndGameState should not apply penalty when initiator ties for lowest score                              00:25 +32 -9: /mnt/d/dev/Ojyx/test/features/end_game/domain/entities/end_game_state_test.dart: EndGameState should not apply penalty when initiator ties for lowest score                              00:25 +32 -9: /mnt/d/dev/Ojyx/test/features/end_game/domain/entities/end_game_state_test.dart: EndGameState should have hasVotedToContinue initially false for all players                             00:25 +33 -9: /mnt/d/dev/Ojyx/test/features/end_game/domain/entities/end_game_state_test.dart: EndGameState should have hasVotedToContinue initially false for all players                             00:25 +33 -9: /mnt/d/dev/Ojyx/test/features/end_game/domain/entities/end_game_state_test.dart: EndGameState should update player vote correctly                                                        00:25 +34 -9: /mnt/d/dev/Ojyx/test/features/end_game/domain/entities/end_game_state_test.dart: EndGameState should update player vote correctly                                                        00:25 +34 -9: /mnt/d/dev/Ojyx/test/features/end_game/domain/entities/end_game_state_test.dart: EndGameState should determine if should continue based on votes                                         00:25 +35 -9: /mnt/d/dev/Ojyx/test/features/end_game/domain/entities/end_game_state_test.dart: EndGameState should determine if should continue based on votes                                         00:25 +35 -9: /mnt/d/dev/Ojyx/test/features/end_game/domain/entities/end_game_state_test.dart: EndGameState should be immutable with Freezed                                                           00:25 +36 -9: /mnt/d/dev/Ojyx/test/features/end_game/domain/entities/end_game_state_test.dart: EndGameState should be immutable with Freezed                                                           00:25 +36 -9: /mnt/d/dev/Ojyx/test/features/end_game/domain/entities/end_game_state_test.dart: EndGameState should support json serialization                                                          00:25 +37 -9: /mnt/d/dev/Ojyx/test/features/end_game/domain/entities/end_game_state_test.dart: EndGameState should support json serialization                                                          00:26 +37 -9: /mnt/d/dev/Ojyx/test/features/end_game/domain/entities/end_game_state_test.dart: EndGameState should support json serialization                                                          00:26 +37 -9: loading /mnt/d/dev/Ojyx/test/features/end_game/presentation/integration/save_global_score_integration_test.dart                                                                          00:26 +37 -9: /mnt/d/dev/Ojyx/test/features/end_game/presentation/integration/save_global_score_integration_test.dart: (setUpAll)                                                                      00:26 +37 -9: /mnt/d/dev/Ojyx/test/features/end_game/presentation/integration/save_global_score_integration_test.dart: ... - SaveGlobalScore Integration should save global scores when game ends      00:26 +38 -9: /mnt/d/dev/Ojyx/test/features/end_game/presentation/integration/save_global_score_integration_test.dart: ... - SaveGlobalScore Integration should save global scores when game ends      00:26 +38 -9: /mnt/d/dev/Ojyx/test/features/end_game/presentation/integration/save_global_score_integration_test.dart: EndGameScreen - SaveGlobalScore Integration should handle save errors gracefully00:26 +39 -9: /mnt/d/dev/Ojyx/test/features/end_game/presentation/integration/save_global_score_integration_test.dart: EndGameScreen - SaveGlobalScore Integration should handle save errors gracefully00:26 +39 -9: /mnt/d/dev/Ojyx/test/features/end_game/presentation/integration/save_global_score_integration_test.dart: ... - SaveGlobalScore Integration should not save scores if game not finished   00:26 +40 -9: /mnt/d/dev/Ojyx/test/features/end_game/presentation/integration/save_global_score_integration_test.dart: ... - SaveGlobalScore Integration should not save scores if game not finished   00:26 +40 -9: /mnt/d/dev/Ojyx/test/features/end_game/presentation/integration/save_global_score_integration_test.dart: ... - SaveGlobalScore Integration should handle missing room ID gracefully      00:26 +41 -9: /mnt/d/dev/Ojyx/test/features/end_game/presentation/integration/save_global_score_integration_test.dart: ... - SaveGlobalScore Integration should handle missing room ID gracefully      00:26 +41 -9: /mnt/d/dev/Ojyx/test/features/end_game/presentation/integration/save_global_score_integration_test.dart: (tearDownAll)                                                                   00:27 +41 -9: /mnt/d/dev/Ojyx/test/features/end_game/presentation/integration/save_global_score_integration_test.dart: (tearDownAll)                                                                   00:27 +41 -9: loading /mnt/d/dev/Ojyx/test/features/end_game/presentation/providers/end_game_provider_test.dart                                                                                        00:27 +41 -9: /mnt/d/dev/Ojyx/test/features/end_game/presentation/providers/end_game_provider_test.dart: EndGameProvider should provide EndGameState when round is ended                               00:27 +42 -9: /mnt/d/dev/Ojyx/test/features/end_game/presentation/providers/end_game_provider_test.dart: EndGameProvider should provide EndGameState when round is ended                               00:27 +42 -9: /mnt/d/dev/Ojyx/test/features/end_game/presentation/providers/end_game_provider_test.dart: EndGameProvider should return null when round is not ended                                    00:27 +43 -9: /mnt/d/dev/Ojyx/test/features/end_game/presentation/providers/end_game_provider_test.dart: EndGameProvider should return null when round is not ended                                    00:27 +43 -9: /mnt/d/dev/Ojyx/test/features/end_game/presentation/providers/end_game_provider_test.dart: EndGameProvider should return null when room is not available                                 00:27 +44 -9: /mnt/d/dev/Ojyx/test/features/end_game/presentation/providers/end_game_provider_test.dart: EndGameProvider should return null when room is not available                                 00:27 +44 -9: /mnt/d/dev/Ojyx/test/features/end_game/presentation/providers/end_game_provider_test.dart: EndGameProvider voteToContineProvider should execute without error                            00:27 +45 -9: /mnt/d/dev/Ojyx/test/features/end_game/presentation/providers/end_game_provider_test.dart: EndGameProvider voteToContineProvider should execute without error                            00:27 +45 -9: /mnt/d/dev/Ojyx/test/features/end_game/presentation/providers/end_game_provider_test.dart: EndGameProvider endGameActionProvider should navigate to home                                 00:27 +46 -9: /mnt/d/dev/Ojyx/test/features/end_game/presentation/providers/end_game_provider_test.dart: EndGameProvider endGameActionProvider should navigate to home                                 00:27 +46 -9: /mnt/d/dev/Ojyx/test/features/end_game/presentation/providers/end_game_provider_test.dart: EndGameProvider should watch game state changes                                               00:27 +47 -9: /mnt/d/dev/Ojyx/test/features/end_game/presentation/providers/end_game_provider_test.dart: EndGameProvider should watch game state changes                                               00:28 +47 -9: /mnt/d/dev/Ojyx/test/features/end_game/presentation/providers/end_game_provider_test.dart: EndGameProvider should watch game state changes                                               00:28 +47 -9: loading /mnt/d/dev/Ojyx/test/features/end_game/presentation/screens/end_game_screen_test.dart                                                                                            00:28 +47 -9: /mnt/d/dev/Ojyx/test/features/end_game/presentation/screens/end_game_screen_test.dart: EndGameScreen should display loading indicator when state is loading                              00:28 +48 -9: /mnt/d/dev/Ojyx/test/features/end_game/presentation/screens/end_game_screen_test.dart: EndGameScreen should display loading indicator when state is loading                              00:28 +48 -9: /mnt/d/dev/Ojyx/test/features/end_game/presentation/screens/end_game_screen_test.dart: EndGameScreen should display error when state has error                                           00:28 +49 -9: /mnt/d/dev/Ojyx/test/features/end_game/presentation/screens/end_game_screen_test.dart: EndGameScreen should display error when state has error                                           00:28 +49 -9: /mnt/d/dev/Ojyx/test/features/end_game/presentation/screens/end_game_screen_test.dart: EndGameScreen should display all required UI elements with correct content                        00:28 +50 -9: /mnt/d/dev/Ojyx/test/features/end_game/presentation/widgets/player_score_card_test.dart: PlayerScoreCard should display player name and score                                            00:29 +50 -9: /mnt/d/dev/Ojyx/test/features/end_game/presentation/widgets/player_score_card_test.dart: PlayerScoreCard should display player name and score                                            00:29 +51 -9: /mnt/d/dev/Ojyx/test/features/end_game/presentation/widgets/player_score_card_test.dart: PlayerScoreCard should display player name and score                                            00:29 +52 -9: /mnt/d/dev/Ojyx/test/features/end_game/presentation/widgets/player_score_card_test.dart: PlayerScoreCard should display player name and score                                            00:29 +53 -9: /mnt/d/dev/Ojyx/test/features/end_game/presentation/widgets/player_score_card_test.dart: PlayerScoreCard should display player name and score                                            00:29 +54 -9: /mnt/d/dev/Ojyx/test/features/end_game/presentation/widgets/player_score_card_test.dart: PlayerScoreCard should display player name and score                                            00:29 +55 -9: /mnt/d/dev/Ojyx/test/features/end_game/presentation/widgets/player_score_card_test.dart: PlayerScoreCard should display player name and score                                            00:29 +56 -9: /mnt/d/dev/Ojyx/test/features/end_game/presentation/screens/end_game_screen_test.dart: EndGameScreen should be scrollable on small screens                                               00:29 +57 -9: /mnt/d/dev/Ojyx/test/features/end_game/presentation/widgets/player_score_card_test.dart: PlayerScoreCard rank display should display 1st for rank 1                                      00:29 +58 -9: /mnt/d/dev/Ojyx/test/features/end_game/presentation/widgets/player_score_card_test.dart: PlayerScoreCard rank display should display 1st for rank 1                                      00:29 +58 -9: /mnt/d/dev/Ojyx/test/features/end_game/presentation/widgets/player_score_card_test.dart: PlayerScoreCard rank display should display 2nd for rank 2                                      00:29 +59 -9: /mnt/d/dev/Ojyx/test/features/end_game/presentation/widgets/player_score_card_test.dart: PlayerScoreCard rank display should display 2nd for rank 2                                      00:29 +59 -9: /mnt/d/dev/Ojyx/test/features/end_game/presentation/widgets/player_score_card_test.dart: PlayerScoreCard rank display should display 3rd for rank 3                                      00:29 +60 -9: /mnt/d/dev/Ojyx/test/features/end_game/presentation/widgets/player_score_card_test.dart: PlayerScoreCard rank display should display 3rd for rank 3                                      00:29 +60 -9: /mnt/d/dev/Ojyx/test/features/end_game/presentation/widgets/player_score_card_test.dart: PlayerScoreCard rank display should display Nth for rank > 3                                    00:29 +61 -9: /mnt/d/dev/Ojyx/test/features/end_game/presentation/widgets/vote_section_test.dart: VoteSection should display title and subtitle                                                        00:29 +62 -9: /mnt/d/dev/Ojyx/test/features/end_game/presentation/widgets/vote_section_test.dart: VoteSection should display title and subtitle                                                        00:29 +63 -9: /mnt/d/dev/Ojyx/test/features/end_game/presentation/widgets/vote_section_test.dart: VoteSection should display title and subtitle                                                        00:29 +64 -9: /mnt/d/dev/Ojyx/test/features/end_game/presentation/widgets/vote_section_test.dart: VoteSection should display title and subtitle                                                        00:29 +65 -9: /mnt/d/dev/Ojyx/test/features/end_game/presentation/widgets/vote_section_test.dart: VoteSection should display title and subtitle                                                        00:29 +66 -9: /mnt/d/dev/Ojyx/test/features/end_game/presentation/widgets/vote_section_test.dart: VoteSection should display title and subtitle                                                        00:29 +67 -9: /mnt/d/dev/Ojyx/test/features/end_game/presentation/widgets/vote_section_test.dart: VoteSection should display title and subtitle                                                        00:29 +68 -9: /mnt/d/dev/Ojyx/test/features/end_game/presentation/widgets/vote_section_test.dart: VoteSection should display title and subtitle                                                        00:29 +69 -9: /mnt/d/dev/Ojyx/test/features/end_game/presentation/widgets/vote_section_test.dart: VoteSection should display title and subtitle                                                        00:29 +70 -9: /mnt/d/dev/Ojyx/test/features/end_game/presentation/widgets/vote_section_test.dart: VoteSection should display title and subtitle                                                        00:29 +71 -9: /mnt/d/dev/Ojyx/test/features/end_game/presentation/widgets/vote_section_test.dart: VoteSection should display title and subtitle                                                        00:30 +71 -9: /mnt/d/dev/Ojyx/test/features/end_game/presentation/widgets/vote_section_test.dart: VoteSection should display title and subtitle                                                        00:30 +72 -9: /mnt/d/dev/Ojyx/test/features/end_game/presentation/widgets/vote_section_test.dart: VoteSection should display title and subtitle                                                        00:30 +72 -9: /mnt/d/dev/Ojyx/test/features/end_game/presentation/widgets/vote_section_test.dart: VoteSection should display both buttons with correct labels                                          00:30 +73 -9: /mnt/d/dev/Ojyx/test/features/end_game/presentation/widgets/vote_section_test.dart: VoteSection should display both buttons with correct labels                                          00:30 +73 -9: /mnt/d/dev/Ojyx/test/features/end_game/presentation/widgets/vote_section_test.dart: VoteSection should call onVoteToContinue when continue button is pressed                             00:30 +74 -9: /mnt/d/dev/Ojyx/test/features/end_game/presentation/widgets/winner_announcement_test.dart: WinnerAnnouncement should display winner name and score                                       00:30 +75 -9: /mnt/d/dev/Ojyx/test/features/end_game/presentation/widgets/winner_announcement_test.dart: WinnerAnnouncement should display winner name and score                                       00:30 +76 -9: /mnt/d/dev/Ojyx/test/features/end_game/presentation/widgets/winner_announcement_test.dart: WinnerAnnouncement should display winner name and score                                       00:30 +77 -9: /mnt/d/dev/Ojyx/test/features/end_game/presentation/widgets/winner_announcement_test.dart: WinnerAnnouncement should display winner name and score                                       00:30 +78 -9: /mnt/d/dev/Ojyx/test/features/end_game/presentation/widgets/winner_announcement_test.dart: WinnerAnnouncement should display winner name and score                                       00:30 +79 -9: /mnt/d/dev/Ojyx/test/features/end_game/presentation/widgets/winner_announcement_test.dart: WinnerAnnouncement should display winner name and score                                       00:30 +80 -9: /mnt/d/dev/Ojyx/test/features/end_game/presentation/widgets/winner_announcement_test.dart: WinnerAnnouncement should display winner name and score                                       00:30 +80 -9: /mnt/d/dev/Ojyx/test/features/end_game/presentation/widgets/winner_announcement_test.dart: WinnerAnnouncement should display trophy icon                                                 00:30 +81 -9: /mnt/d/dev/Ojyx/test/features/end_game/presentation/widgets/winner_announcement_test.dart: WinnerAnnouncement should display trophy icon                                                 00:30 +81 -9: /mnt/d/dev/Ojyx/test/features/end_game/presentation/widgets/winner_announcement_test.dart: WinnerAnnouncement should have animated container with amber styling                          00:30 +82 -9: /mnt/d/dev/Ojyx/test/features/end_game/presentation/widgets/winner_announcement_test.dart: WinnerAnnouncement should have animated container with amber styling                          00:30 +82 -9: /mnt/d/dev/Ojyx/test/features/end_game/presentation/widgets/winner_announcement_test.dart: WinnerAnnouncement should display correct score with multiplier                               00:30 +83 -9: /mnt/d/dev/Ojyx/test/features/end_game/presentation/widgets/winner_announcement_test.dart: WinnerAnnouncement should display correct score with multiplier                               00:30 +83 -9: /mnt/d/dev/Ojyx/test/features/end_game/presentation/widgets/winner_announcement_test.dart: WinnerAnnouncement should handle long names properly                                          00:30 +84 -9: /mnt/d/dev/Ojyx/test/features/end_game/presentation/widgets/winner_announcement_test.dart: WinnerAnnouncement should handle long names properly                                          00:30 +85 -9: /mnt/d/dev/Ojyx/test/features/end_game/presentation/widgets/winner_announcement_test.dart: WinnerAnnouncement should handle long names properly                                          00:30 +85 -9: /mnt/d/dev/Ojyx/test/features/game/data/datasources/action_card_local_datasource_impl_test.dart: ActionCardLocalDataSourceImpl should get empty player action cards initially            00:30 +86 -9: /mnt/d/dev/Ojyx/test/features/game/data/datasources/action_card_local_datasource_impl_test.dart: ActionCardLocalDataSourceImpl should get empty player action cards initially            00:30 +86 -9: /mnt/d/dev/Ojyx/test/features/game/data/datasources/action_card_local_datasource_impl_test.dart: ActionCardLocalDataSourceImpl should add action card to player                          00:30 +87 -9: /mnt/d/dev/Ojyx/test/features/game/data/datasources/action_card_local_datasource_impl_test.dart: ActionCardLocalDataSourceImpl should add action card to player                          00:30 +87 -9: /mnt/d/dev/Ojyx/test/features/game/data/datasources/action_card_local_datasource_impl_test.dart: ActionCardLocalDataSourceImpl should add multiple action cards to different players     00:30 +88 -9: /mnt/d/dev/Ojyx/test/features/game/data/datasources/action_card_local_datasource_impl_test.dart: ActionCardLocalDataSourceImpl should add multiple action cards to different players     00:30 +88 -9: /mnt/d/dev/Ojyx/test/features/game/data/datasources/action_card_local_datasource_impl_test.dart: ActionCardLocalDataSourceImpl should throw when adding more than 3 cards to a player    00:30 +89 -9: /mnt/d/dev/Ojyx/test/features/game/data/datasources/action_card_local_datasource_impl_test.dart: ActionCardLocalDataSourceImpl should throw when adding more than 3 cards to a player    00:30 +89 -9: /mnt/d/dev/Ojyx/test/features/game/data/datasources/action_card_local_datasource_impl_test.dart: ActionCardLocalDataSourceImpl should remove action card from player                     00:30 +90 -9: /mnt/d/dev/Ojyx/test/features/game/data/datasources/action_card_local_datasource_impl_test.dart: ActionCardLocalDataSourceImpl should remove action card from player                     00:30 +90 -9: /mnt/d/dev/Ojyx/test/features/game/data/datasources/action_card_local_datasource_impl_test.dart: ActionCardLocalDataSourceImpl should throw when removing card player does not have      00:30 +91 -9: /mnt/d/dev/Ojyx/test/features/game/data/datasources/action_card_local_datasource_impl_test.dart: ActionCardLocalDataSourceImpl should throw when removing card player does not have      00:30 +91 -9: /mnt/d/dev/Ojyx/test/features/game/data/datasources/action_card_local_datasource_impl_test.dart: ActionCardLocalDataSourceImpl should draw action card from pile                         00:30 +92 -9: /mnt/d/dev/Ojyx/test/features/game/data/datasources/action_card_local_datasource_impl_test.dart: ActionCardLocalDataSourceImpl should draw action card from pile                         00:30 +92 -9: /mnt/d/dev/Ojyx/test/features/game/data/datasources/action_card_local_datasource_impl_test.dart: ActionCardLocalDataSourceImpl should return null when drawing from empty pile           00:30 +93 -9: /mnt/d/dev/Ojyx/test/features/game/data/datasources/action_card_local_datasource_impl_test.dart: ActionCardLocalDataSourceImpl should return null when drawing from empty pile           00:30 +93 -9: /mnt/d/dev/Ojyx/test/features/game/data/datasources/action_card_local_datasource_impl_test.dart: ActionCardLocalDataSourceImpl should discard action card                                00:30 +94 -9: /mnt/d/dev/Ojyx/test/features/game/data/datasources/action_card_local_datasource_impl_test.dart: ActionCardLocalDataSourceImpl should discard action card                                00:30 +94 -9: /mnt/d/dev/Ojyx/test/features/game/data/datasources/action_card_local_datasource_impl_test.dart: ActionCardLocalDataSourceImpl should shuffle action cards                               00:31 +95 -9: /mnt/d/dev/Ojyx/test/features/game/data/datasources/action_card_local_datasource_impl_test.dart: ActionCardLocalDataSourceImpl should shuffle action cards                               00:31 +95 -9: /mnt/d/dev/Ojyx/test/features/game/data/datasources/action_card_local_datasource_impl_test.dart: ActionCardLocalDataSourceImpl should maintain player cards after operations             00:31 +96 -9: /mnt/d/dev/Ojyx/test/features/game/data/datasources/action_card_local_datasource_impl_test.dart: ActionCardLocalDataSourceImpl should maintain player cards after operations             00:31 +96 -9: loading /mnt/d/dev/Ojyx/test/features/game/data/datasources/action_card_local_datasource_test.dart                                                                                       00:31 +96 -9: /mnt/d/dev/Ojyx/test/features/game/data/datasources/action_card_local_datasource_test.dart: ActionCardLocalDataSource interface should define getAvailableActionCards method             00:31 +97 -9: /mnt/d/dev/Ojyx/test/features/game/data/datasources/action_card_local_datasource_test.dart: ActionCardLocalDataSource interface should define getAvailableActionCards method             00:31 +97 -9: /mnt/d/dev/Ojyx/test/features/game/data/datasources/action_card_local_datasource_test.dart: ActionCardLocalDataSource interface should define getPlayerActionCards method                00:31 +98 -9: /mnt/d/dev/Ojyx/test/features/game/data/datasources/action_card_local_datasource_test.dart: ActionCardLocalDataSource interface should define getPlayerActionCards method                00:31 +98 -9: /mnt/d/dev/Ojyx/test/features/game/data/datasources/action_card_local_datasource_test.dart: ActionCardLocalDataSource interface should define addActionCardToPlayer method               00:31 +99 -9: /mnt/d/dev/Ojyx/test/features/game/data/datasources/action_card_local_datasource_test.dart: ActionCardLocalDataSource interface should define addActionCardToPlayer method               00:31 +99 -9: /mnt/d/dev/Ojyx/test/features/game/data/datasources/action_card_local_datasource_test.dart: ... interface should handle exception when adding card to player with full hand              00:31 +100 -9: /mnt/d/dev/Ojyx/test/features/game/data/datasources/action_card_local_datasource_test.dart: ... interface should handle exception when adding card to player with full hand             00:31 +100 -9: /mnt/d/dev/Ojyx/test/features/game/data/datasources/action_card_local_datasource_test.dart: ActionCardLocalDataSource interface should define removeActionCardFromPlayer method         00:31 +101 -9: /mnt/d/dev/Ojyx/test/features/game/data/datasources/action_card_local_datasource_test.dart: ActionCardLocalDataSource interface should define removeActionCardFromPlayer method         00:31 +101 -9: /mnt/d/dev/Ojyx/test/features/game/data/datasources/action_card_local_datasource_test.dart: ... interface should handle exception when removing card player doesn't have                00:31 +102 -9: /mnt/d/dev/Ojyx/test/features/game/data/datasources/action_card_local_datasource_test.dart: ... interface should handle exception when removing card player doesn't have                00:31 +102 -9: /mnt/d/dev/Ojyx/test/features/game/data/datasources/action_card_local_datasource_test.dart: ActionCardLocalDataSource interface should define drawActionCard method                     00:31 +103 -9: /mnt/d/dev/Ojyx/test/features/game/data/datasources/action_card_local_datasource_test.dart: ActionCardLocalDataSource interface should define drawActionCard method                     00:31 +103 -9: /mnt/d/dev/Ojyx/test/features/game/data/datasources/action_card_local_datasource_test.dart: ActionCardLocalDataSource interface should return null when draw pile is empty              00:31 +104 -9: /mnt/d/dev/Ojyx/test/features/game/data/datasources/action_card_local_datasource_test.dart: ActionCardLocalDataSource interface should return null when draw pile is empty              00:31 +104 -9: /mnt/d/dev/Ojyx/test/features/game/data/datasources/action_card_local_datasource_test.dart: ActionCardLocalDataSource interface should define discardActionCard method                  00:31 +105 -9: /mnt/d/dev/Ojyx/test/features/game/data/datasources/action_card_local_datasource_test.dart: ActionCardLocalDataSource interface should define discardActionCard method                  00:31 +105 -9: /mnt/d/dev/Ojyx/test/features/game/data/datasources/action_card_local_datasource_test.dart: ActionCardLocalDataSource interface should define shuffleActionCards method                 00:31 +106 -9: /mnt/d/dev/Ojyx/test/features/game/data/datasources/action_card_local_datasource_test.dart: ActionCardLocalDataSource interface should define shuffleActionCards method                 00:31 +106 -9: /mnt/d/dev/Ojyx/test/features/game/data/datasources/action_card_local_datasource_test.dart: ActionCardLocalDataSource interface should handle multiple operations in sequence           00:31 +107 -9: /mnt/d/dev/Ojyx/test/features/game/data/datasources/action_card_local_datasource_test.dart: ActionCardLocalDataSource interface should handle multiple operations in sequence           00:32 +107 -9: /mnt/d/dev/Ojyx/test/features/game/data/datasources/action_card_local_datasource_test.dart: ActionCardLocalDataSource interface should handle multiple operations in sequence           00:32 +107 -9: loading /mnt/d/dev/Ojyx/test/features/game/data/datasources/game_state_datasource_test.dart                                                                                             00:32 +107 -9: /mnt/d/dev/Ojyx/test/features/game/data/datasources/game_state_datasource_test.dart: GameStateDataSource should handle game state creation                                              00:32 +108 -9: /mnt/d/dev/Ojyx/test/features/game/data/datasources/game_state_datasource_test.dart: GameStateDataSource should handle game state creation                                              00:32 +108 -9: /mnt/d/dev/Ojyx/test/features/game/data/datasources/game_state_datasource_test.dart: GameStateDataSource should handle player grid creation                                             00:32 +109 -9: /mnt/d/dev/Ojyx/test/features/game/data/datasources/game_state_datasource_test.dart: GameStateDataSource should handle player grid creation                                             00:32 +109 -9: /mnt/d/dev/Ojyx/test/features/game/data/datasources/game_state_datasource_test.dart: GameStateDataSource should support real-time game state updates                                    00:32 +110 -9: /mnt/d/dev/Ojyx/test/features/game/data/datasources/game_state_datasource_test.dart: GameStateDataSource should support real-time game state updates                                    00:32 +110 -9: /mnt/d/dev/Ojyx/test/features/game/data/datasources/game_state_datasource_test.dart: GameStateDataSource should validate game phases                                                    00:32 +111 -9: /mnt/d/dev/Ojyx/test/features/game/data/datasources/game_state_datasource_test.dart: GameStateDataSource should validate game phases                                                    00:32 +111 -9: /mnt/d/dev/Ojyx/test/features/game/data/datasources/game_state_datasource_test.dart: GameStateDataSource should validate game directions                                                00:32 +112 -9: /mnt/d/dev/Ojyx/test/features/game/data/datasources/game_state_datasource_test.dart: GameStateDataSource should validate game directions                                                00:32 +112 -9: loading /mnt/d/dev/Ojyx/test/features/game/data/datasources/supabase_action_card_datasource_test.dart                                                                                   00:32 +112 -9: /mnt/d/dev/Ojyx/test/features/game/data/datasources/supabase_action_card_datasource_test.dart: SupabaseActionCardDataSource should provide access to game state specific action cards   00:32 +113 -9: /mnt/d/dev/Ojyx/test/features/game/data/datasources/supabase_action_card_datasource_test.dart: SupabaseActionCardDataSource should provide access to game state specific action cards   00:32 +113 -9: /mnt/d/dev/Ojyx/test/features/game/data/datasources/supabase_action_card_datasource_test.dart: ... deck initialization should provide balanced card distribution for fair gameplay      00:32 +114 -9: /mnt/d/dev/Ojyx/test/features/game/data/datasources/supabase_action_card_datasource_test.dart: ... deck initialization should provide balanced card distribution for fair gameplay      00:33 +114 -9: /mnt/d/dev/Ojyx/test/features/game/data/datasources/supabase_action_card_datasource_test.dart: ... deck initialization should provide balanced card distribution for fair gameplay      00:33 +114 -9: loading /mnt/d/dev/Ojyx/test/features/game/data/models/db_player_grid_model_test.dart                                                                                                   00:33 +114 -9: /mnt/d/dev/Ojyx/test/features/game/data/models/db_player_grid_model_test.dart: DbPlayerGridModel should be a data layer model with JSON serialization                                   00:33 +115 -9: /mnt/d/dev/Ojyx/test/features/game/data/models/db_player_grid_model_test.dart: DbPlayerGridModel should be a data layer model with JSON serialization                                   00:33 +115 -9: /mnt/d/dev/Ojyx/test/features/game/data/models/db_player_grid_model_test.dart: DbPlayerGridModel should convert bidirectionally between model and JSON formats                          00:33 +116 -9: /mnt/d/dev/Ojyx/test/features/game/data/models/db_player_grid_model_test.dart: DbPlayerGridModel should convert bidirectionally between model and JSON formats                          00:33 +116 -9: /mnt/d/dev/Ojyx/test/features/game/data/models/db_player_grid_model_test.dart: DbPlayerGridModel should handle empty collections correctly                                              00:33 +117 -9: /mnt/d/dev/Ojyx/test/features/game/data/models/db_player_grid_model_test.dart: DbPlayerGridModel should handle empty collections correctly                                              00:33 +117 -9: /mnt/d/dev/Ojyx/test/features/game/data/models/db_player_grid_model_test.dart: DbPlayerGridModel should support Freezed features                                                        00:33 +118 -9: /mnt/d/dev/Ojyx/test/features/game/data/models/db_player_grid_model_test.dart: DbPlayerGridModel should support Freezed features                                                        test/features/game/data/models/game_state_model_mapping_test.dart:39:25: Error: Undefined name 'ActionCardTarget'.
                target: ActionCardTarget.self,
                        ^^^^^^^^^^^^^^^^
test/features/game/data/models/game_state_model_mapping_test.dart:47:25: Error: Undefined name 'ActionCardTarget'.
                target: ActionCardTarget.any,
                        ^^^^^^^^^^^^^^^^
test/features/game/data/models/game_state_model_mapping_test.dart:51:13: Error: No named parameter with the name 'score'.
            score: 23, // Current calculated score
            ^^^^^
lib/features/game/domain/entities/game_player.dart:12:17: Context: Found this candidate, but the arguments don't match.
  const factory GamePlayer({
                ^
test/features/game/data/models/game_state_model_mapping_test.dart:71:25: Error: Undefined name 'ActionCardTarget'.
                target: ActionCardTarget.opponent,
                        ^^^^^^^^^^^^^^^^
test/features/game/data/models/game_state_model_mapping_test.dart:75:13: Error: No named parameter with the name 'score'.
            score: 31,
            ^^^^^
lib/features/game/domain/entities/game_player.dart:12:17: Context: Found this candidate, but the arguments don't match.
  const factory GamePlayer({
                ^
test/features/game/data/models/game_state_model_mapping_test.dart:90:13: Error: No named parameter with the name 'score'.
            score: 45,
            ^^^^^
lib/features/game/domain/entities/game_player.dart:12:17: Context: Found this candidate, but the arguments don't match.
  const factory GamePlayer({
                ^
test/features/game/data/models/game_state_model_mapping_test.dart:101:27: Error: Required named parameter 'description' must be provided.
          const ActionCard(id: 'deck-1', type: ActionCardType.turnAround, name: 'Demi-tour'),
                          ^
lib/features/game/domain/entities/action_card.dart:48:17: Context: Found this candidate, but the arguments don't match.
  const factory ActionCard({
                ^
test/features/game/data/models/game_state_model_mapping_test.dart:102:63: Error: Member not found: 'spy'.
          const ActionCard(id: 'deck-2', type: ActionCardType.spy, name: 'Espionnage'),
                                                              ^^^
test/features/game/data/models/game_state_model_mapping_test.dart:102:27: Error: Required named parameter 'description' must be provided.
          const ActionCard(id: 'deck-2', type: ActionCardType.spy, name: 'Espionnage'),
                          ^
lib/features/game/domain/entities/action_card.dart:48:17: Context: Found this candidate, but the arguments don't match.
  const factory ActionCard({
                ^
test/features/game/data/models/game_state_model_mapping_test.dart:105:27: Error: Required named parameter 'description' must be provided.
          const ActionCard(id: 'used-1', type: ActionCardType.shield, name: 'Bouclier Usé'),
                          ^
lib/features/game/domain/entities/action_card.dart:48:17: Context: Found this candidate, but the arguments don't match.
  const factory ActionCard({
                ^
test/features/game/data/models/game_state_model_mapping_test.dart:108:38: Error: Member not found: 'counterclockwise'.
        turnDirection: TurnDirection.counterclockwise, // Recently reversed
                                     ^^^^^^^^^^^^^^^^
test/features/game/data/models/game_state_model_mapping_test.dart:152:69: Error: Member not found: 'counterclockwise'.
      expect(reconstructedState.turnDirection, equals(TurnDirection.counterclockwise));
                                                                    ^^^^^^^^^^^^^^^^
test/features/game/data/models/game_state_model_mapping_test.dart:173:48: Error: Undefined name 'ActionCardTarget'.
      expect(bob.actionCards[0].target, equals(ActionCardTarget.opponent));
                                               ^^^^^^^^^^^^^^^^
test/features/game/data/models/game_state_model_mapping_test.dart:273:17: Error: No named parameter with the name 'score'.
                score: 0,
                ^^^^^
lib/features/game/domain/entities/game_player.dart:12:17: Context: Found this candidate, but the arguments don't match.
  const factory GamePlayer({
                ^
test/features/game/data/models/game_state_model_mapping_test.dart:282:17: Error: No named parameter with the name 'score'.
                score: 60,
                ^^^^^
lib/features/game/domain/entities/game_player.dart:12:17: Context: Found this candidate, but the arguments don't match.
  const factory GamePlayer({
                ^
test/features/game/data/models/game_state_model_mapping_test.dart:289:63: Error: Required named parameter 'description' must be provided.
            actionDiscard: List.generate(10, (i) => ActionCard(
                                                              ^
lib/features/game/domain/entities/action_card.dart:48:17: Context: Found this candidate, but the arguments don't match.
  const factory ActionCard({
                ^
test/features/game/data/models/game_state_model_mapping_test.dart:417:97: Error: No named parameter with the name 'score'.
              GamePlayer(id: 'champion', name: 'Tournament Champion', grid: PlayerGrid.empty(), score: 15),
                                                                                          ^^^^^
lib/features/game/domain/entities/game_player.dart:12:17: Context: Found this candidate, but the arguments don't match.
  const factory GamePlayer({
                ^
test/features/game/data/models/game_state_model_mapping_test.dart:418:91: Error: No named parameter with the name 'score'.
              GamePlayer(id: 'runner-up', name: 'Second Place', grid: PlayerGrid.empty(), score: 28),
                                                                                          ^^^^^
lib/features/game/domain/entities/game_player.dart:12:17: Context: Found this candidate, but the arguments don't match.
  const factory GamePlayer({
                ^
test/features/game/data/models/game_state_model_mapping_test.dart:419:86: Error: No named parameter with the name 'score'.
              GamePlayer(id: 'third', name: 'Third Place', grid: PlayerGrid.empty(), score: 35),
                                                                                     ^^^^^
lib/features/game/domain/entities/game_player.dart:12:17: Context: Found this candidate, but the arguments don't match.
  const factory GamePlayer({
                ^
test/features/game/data/models/game_state_model_mapping_test.dart:458:11: Error: No named parameter with the name 'winnerId'.
          winnerId: scenario.model['winnerId'] as String?,
          ^^^^^^^^
lib/features/game/data/models/game_state_model.dart:32:11: Context: Found this candidate, but the arguments don't match.
  factory GameStateModel.fromDomainComplete(
          ^^^^^^^^^^^^^^^^^^
00:33 +118 -10: loading /mnt/d/dev/Ojyx/test/features/game/data/models/game_state_model_mapping_test.dart [E]                                                                                          
  Failed to load "/mnt/d/dev/Ojyx/test/features/game/data/models/game_state_model_mapping_test.dart":
  Compilation failed for testPath=/mnt/d/dev/Ojyx/test/features/game/data/models/game_state_model_mapping_test.dart: test/features/game/data/models/game_state_model_mapping_test.dart:39:25: Error: Undefined name 'ActionCardTarget'.
                  target: ActionCardTarget.self,
                          ^^^^^^^^^^^^^^^^
  test/features/game/data/models/game_state_model_mapping_test.dart:47:25: Error: Undefined name 'ActionCardTarget'.
                  target: ActionCardTarget.any,
                          ^^^^^^^^^^^^^^^^
  test/features/game/data/models/game_state_model_mapping_test.dart:51:13: Error: No named parameter with the name 'score'.
              score: 23, // Current calculated score
              ^^^^^
  lib/features/game/domain/entities/game_player.dart:12:17: Context: Found this candidate, but the arguments don't match.
    const factory GamePlayer({
                  ^
  test/features/game/data/models/game_state_model_mapping_test.dart:71:25: Error: Undefined name 'ActionCardTarget'.
                  target: ActionCardTarget.opponent,
                          ^^^^^^^^^^^^^^^^
  test/features/game/data/models/game_state_model_mapping_test.dart:75:13: Error: No named parameter with the name 'score'.
              score: 31,
              ^^^^^
  lib/features/game/domain/entities/game_player.dart:12:17: Context: Found this candidate, but the arguments don't match.
    const factory GamePlayer({
                  ^
  test/features/game/data/models/game_state_model_mapping_test.dart:90:13: Error: No named parameter with the name 'score'.
              score: 45,
              ^^^^^
  lib/features/game/domain/entities/game_player.dart:12:17: Context: Found this candidate, but the arguments don't match.
    const factory GamePlayer({
                  ^
  test/features/game/data/models/game_state_model_mapping_test.dart:101:27: Error: Required named parameter 'description' must be provided.
            const ActionCard(id: 'deck-1', type: ActionCardType.turnAround, name: 'Demi-tour'),
                            ^
  lib/features/game/domain/entities/action_card.dart:48:17: Context: Found this candidate, but the arguments don't match.
    const factory ActionCard({
                  ^
  test/features/game/data/models/game_state_model_mapping_test.dart:102:63: Error: Member not found: 'spy'.
            const ActionCard(id: 'deck-2', type: ActionCardType.spy, name: 'Espionnage'),
                                                                ^^^
  test/features/game/data/models/game_state_model_mapping_test.dart:102:27: Error: Required named parameter 'description' must be provided.
            const ActionCard(id: 'deck-2', type: ActionCardType.spy, name: 'Espionnage'),
                            ^
  lib/features/game/domain/entities/action_card.dart:48:17: Context: Found this candidate, but the arguments don't match.
    const factory ActionCard({
                  ^
  test/features/game/data/models/game_state_model_mapping_test.dart:105:27: Error: Required named parameter 'description' must be provided.
            const ActionCard(id: 'used-1', type: ActionCardType.shield, name: 'Bouclier Usé'),
                            ^
  lib/features/game/domain/entities/action_card.dart:48:17: Context: Found this candidate, but the arguments don't match.
    const factory ActionCard({
                  ^
  test/features/game/data/models/game_state_model_mapping_test.dart:108:38: Error: Member not found: 'counterclockwise'.
          turnDirection: TurnDirection.counterclockwise, // Recently reversed
                                       ^^^^^^^^^^^^^^^^
  test/features/game/data/models/game_state_model_mapping_test.dart:152:69: Error: Member not found: 'counterclockwise'.
        expect(reconstructedState.turnDirection, equals(TurnDirection.counterclockwise));
                                                                      ^^^^^^^^^^^^^^^^
  test/features/game/data/models/game_state_model_mapping_test.dart:173:48: Error: Undefined name 'ActionCardTarget'.
        expect(bob.actionCards[0].target, equals(ActionCardTarget.opponent));
                                                 ^^^^^^^^^^^^^^^^
  test/features/game/data/models/game_state_model_mapping_test.dart:273:17: Error: No named parameter with the name 'score'.
                  score: 0,
                  ^^^^^
  lib/features/game/domain/entities/game_player.dart:12:17: Context: Found this candidate, but the arguments don't match.
    const factory GamePlayer({
                  ^
  test/features/game/data/models/game_state_model_mapping_test.dart:282:17: Error: No named parameter with the name 'score'.
                  score: 60,
                  ^^^^^
  lib/features/game/domain/entities/game_player.dart:12:17: Context: Found this candidate, but the arguments don't match.
    const factory GamePlayer({
                  ^
  test/features/game/data/models/game_state_model_mapping_test.dart:289:63: Error: Required named parameter 'description' must be provided.
              actionDiscard: List.generate(10, (i) => ActionCard(
                                                                ^
  lib/features/game/domain/entities/action_card.dart:48:17: Context: Found this candidate, but the arguments don't match.
    const factory ActionCard({
                  ^
  test/features/game/data/models/game_state_model_mapping_test.dart:417:97: Error: No named parameter with the name 'score'.
                GamePlayer(id: 'champion', name: 'Tournament Champion', grid: PlayerGrid.empty(), score: 15),
                                                                                                  ^^^^^
  lib/features/game/domain/entities/game_player.dart:12:17: Context: Found this candidate, but the arguments don't match.
    const factory GamePlayer({
                  ^
  test/features/game/data/models/game_state_model_mapping_test.dart:418:91: Error: No named parameter with the name 'score'.
                GamePlayer(id: 'runner-up', name: 'Second Place', grid: PlayerGrid.empty(), score: 28),
                                                                                            ^^^^^
  lib/features/game/domain/entities/game_player.dart:12:17: Context: Found this candidate, but the arguments don't match.
    const factory GamePlayer({
                  ^
  test/features/game/data/models/game_state_model_mapping_test.dart:419:86: Error: No named parameter with the name 'score'.
                GamePlayer(id: 'third', name: 'Third Place', grid: PlayerGrid.empty(), score: 35),
                                                                                       ^^^^^
  lib/features/game/domain/entities/game_player.dart:12:17: Context: Found this candidate, but the arguments don't match.
    const factory GamePlayer({
                  ^
  test/features/game/data/models/game_state_model_mapping_test.dart:458:11: Error: No named parameter with the name 'winnerId'.
            winnerId: scenario.model['winnerId'] as String?,
            ^^^^^^^^
  lib/features/game/data/models/game_state_model.dart:32:11: Context: Found this candidate, but the arguments don't match.
    factory GameStateModel.fromDomainComplete(
            ^^^^^^^^^^^^^^^^^^
  .

To run this test again: /home/hyminix/flutter/bin/cache/dart-sdk/bin/dart test /mnt/d/dev/Ojyx/test/features/game/data/models/game_state_model_mapping_test.dart -p vm --plain-name 'loading /mnt/d/dev/Ojyx/test/features/game/data/models/game_state_model_mapping_test.dart'
test/features/game/data/models/game_state_model_test.dart:128:35: Error: Required named parameter 'description' must be provided.
                  const ActionCard(id: 'stored-1', type: ActionCardType.peek, name: 'Vision'),
                                  ^
lib/features/game/domain/entities/action_card.dart:48:17: Context: Found this candidate, but the arguments don't match.
  const factory ActionCard({
                ^
test/features/game/data/models/game_state_model_test.dart:129:35: Error: Required named parameter 'description' must be provided.
                  const ActionCard(id: 'stored-2', type: ActionCardType.swap, name: 'Échange'),
                                  ^
lib/features/game/domain/entities/action_card.dart:48:17: Context: Found this candidate, but the arguments don't match.
  const factory ActionCard({
                ^
test/features/game/data/models/game_state_model_test.dart:132:17: Error: No named parameter with the name 'score'.
                score: 28,
                ^^^^^
lib/features/game/domain/entities/game_player.dart:12:17: Context: Found this candidate, but the arguments don't match.
  const factory GamePlayer({
                ^
test/features/game/data/models/game_state_model_test.dart:141:17: Error: No named parameter with the name 'score'.
                score: 35,
                ^^^^^
lib/features/game/domain/entities/game_player.dart:12:17: Context: Found this candidate, but the arguments don't match.
  const factory GamePlayer({
                ^
test/features/game/data/models/game_state_model_test.dart:147:59: Error: Required named parameter 'description' must be provided.
            actionDeck: List.generate(5, (i) => ActionCard(id: 'deck-$i', type: ActionCardType.draw, name: 'Pioche')),
                                                          ^
lib/features/game/domain/entities/action_card.dart:48:17: Context: Found this candidate, but the arguments don't match.
  const factory ActionCard({
                ^
test/features/game/data/models/game_state_model_test.dart:148:62: Error: Required named parameter 'description' must be provided.
            actionDiscard: List.generate(8, (i) => ActionCard(id: 'used-$i', type: ActionCardType.shield, name: 'Used')),
                                                             ^
lib/features/game/domain/entities/action_card.dart:48:17: Context: Found this candidate, but the arguments don't match.
  const factory ActionCard({
                ^
test/features/game/data/models/game_state_model_test.dart:150:42: Error: Member not found: 'counterclockwise'.
            turnDirection: TurnDirection.counterclockwise,
                                         ^^^^^^^^^^^^^^^^
test/features/game/data/models/game_state_model_test.dart:183:17: Error: No named parameter with the name 'score'.
                score: 14, // Low winning score
                ^^^^^
lib/features/game/domain/entities/game_player.dart:12:17: Context: Found this candidate, but the arguments don't match.
  const factory GamePlayer({
                ^
test/features/game/data/models/game_state_model_test.dart:192:17: Error: No named parameter with the name 'score'.
                score: 42,
                ^^^^^
lib/features/game/domain/entities/game_player.dart:12:17: Context: Found this candidate, but the arguments don't match.
  const factory GamePlayer({
                ^
test/features/game/data/models/game_state_model_test.dart:199:104: Error: Member not found: 'spy'.
            actionDiscard: List.generate(20, (i) => ActionCard(id: 'all-used-$i', type: ActionCardType.spy, name: 'Used')),
                                                                                          ^^^
test/features/game/data/models/game_state_model_test.dart:199:63: Error: Required named parameter 'description' must be provided.
            actionDiscard: List.generate(20, (i) => ActionCard(id: 'all-used-$i', type: ActionCardType.spy, name: 'Used')),
                                                              ^
lib/features/game/domain/entities/action_card.dart:48:17: Context: Found this candidate, but the arguments don't match.
  const factory ActionCard({
                ^
test/features/game/data/models/game_state_model_test.dart:233:11: Error: No named parameter with the name 'winnerId'.
          winnerId: scenario.modelParams['winnerId'] as String?,
          ^^^^^^^^
lib/features/game/data/models/game_state_model.dart:32:11: Context: Found this candidate, but the arguments don't match.
  factory GameStateModel.fromDomainComplete(
          ^^^^^^^^^^^^^^^^^^
00:36 +118 -11: loading /mnt/d/dev/Ojyx/test/features/game/data/models/game_state_model_test.dart [E]                                                                                                  
  Failed to load "/mnt/d/dev/Ojyx/test/features/game/data/models/game_state_model_test.dart":
  Compilation failed for testPath=/mnt/d/dev/Ojyx/test/features/game/data/models/game_state_model_test.dart: test/features/game/data/models/game_state_model_test.dart:128:35: Error: Required named parameter 'description' must be provided.
                    const ActionCard(id: 'stored-1', type: ActionCardType.peek, name: 'Vision'),
                                    ^
  lib/features/game/domain/entities/action_card.dart:48:17: Context: Found this candidate, but the arguments don't match.
    const factory ActionCard({
                  ^
  test/features/game/data/models/game_state_model_test.dart:129:35: Error: Required named parameter 'description' must be provided.
                    const ActionCard(id: 'stored-2', type: ActionCardType.swap, name: 'Échange'),
                                    ^
  lib/features/game/domain/entities/action_card.dart:48:17: Context: Found this candidate, but the arguments don't match.
    const factory ActionCard({
                  ^
  test/features/game/data/models/game_state_model_test.dart:132:17: Error: No named parameter with the name 'score'.
                  score: 28,
                  ^^^^^
  lib/features/game/domain/entities/game_player.dart:12:17: Context: Found this candidate, but the arguments don't match.
    const factory GamePlayer({
                  ^
  test/features/game/data/models/game_state_model_test.dart:141:17: Error: No named parameter with the name 'score'.
                  score: 35,
                  ^^^^^
  lib/features/game/domain/entities/game_player.dart:12:17: Context: Found this candidate, but the arguments don't match.
    const factory GamePlayer({
                  ^
  test/features/game/data/models/game_state_model_test.dart:147:59: Error: Required named parameter 'description' must be provided.
              actionDeck: List.generate(5, (i) => ActionCard(id: 'deck-$i', type: ActionCardType.draw, name: 'Pioche')),
                                                            ^
  lib/features/game/domain/entities/action_card.dart:48:17: Context: Found this candidate, but the arguments don't match.
    const factory ActionCard({
                  ^
  test/features/game/data/models/game_state_model_test.dart:148:62: Error: Required named parameter 'description' must be provided.
              actionDiscard: List.generate(8, (i) => ActionCard(id: 'used-$i', type: ActionCardType.shield, name: 'Used')),
                                                               ^
  lib/features/game/domain/entities/action_card.dart:48:17: Context: Found this candidate, but the arguments don't match.
    const factory ActionCard({
                  ^
  test/features/game/data/models/game_state_model_test.dart:150:42: Error: Member not found: 'counterclockwise'.
              turnDirection: TurnDirection.counterclockwise,
                                           ^^^^^^^^^^^^^^^^
  test/features/game/data/models/game_state_model_test.dart:183:17: Error: No named parameter with the name 'score'.
                  score: 14, // Low winning score
                  ^^^^^
  lib/features/game/domain/entities/game_player.dart:12:17: Context: Found this candidate, but the arguments don't match.
    const factory GamePlayer({
                  ^
  test/features/game/data/models/game_state_model_test.dart:192:17: Error: No named parameter with the name 'score'.
                  score: 42,
                  ^^^^^
  lib/features/game/domain/entities/game_player.dart:12:17: Context: Found this candidate, but the arguments don't match.
    const factory GamePlayer({
                  ^
  test/features/game/data/models/game_state_model_test.dart:199:104: Error: Member not found: 'spy'.
              actionDiscard: List.generate(20, (i) => ActionCard(id: 'all-used-$i', type: ActionCardType.spy, name: 'Used')),
                                                                                                         ^^^
  test/features/game/data/models/game_state_model_test.dart:199:63: Error: Required named parameter 'description' must be provided.
              actionDiscard: List.generate(20, (i) => ActionCard(id: 'all-used-$i', type: ActionCardType.spy, name: 'Used')),
                                                                ^
  lib/features/game/domain/entities/action_card.dart:48:17: Context: Found this candidate, but the arguments don't match.
    const factory ActionCard({
                  ^
  test/features/game/data/models/game_state_model_test.dart:233:11: Error: No named parameter with the name 'winnerId'.
            winnerId: scenario.modelParams['winnerId'] as String?,
            ^^^^^^^^
  lib/features/game/data/models/game_state_model.dart:32:11: Context: Found this candidate, but the arguments don't match.
    factory GameStateModel.fromDomainComplete(
            ^^^^^^^^^^^^^^^^^^
  .

To run this test again: /home/hyminix/flutter/bin/cache/dart-sdk/bin/dart test /mnt/d/dev/Ojyx/test/features/game/data/models/game_state_model_test.dart -p vm --plain-name 'loading /mnt/d/dev/Ojyx/test/features/game/data/models/game_state_model_test.dart'
00:39 +118 -11: loading /mnt/d/dev/Ojyx/test/features/game/data/models/player_grid_model_test.dart                                                                                                     00:39 +118 -11: /mnt/d/dev/Ojyx/test/features/game/data/models/player_grid_model_test.dart: PlayerGridModel should enable bidirectional data transformation for flexible storage architecture          00:40 +118 -12: /mnt/d/dev/Ojyx/test/features/game/data/models/player_grid_model_test.dart: PlayerGridModel should enable bidirectional data transformation for flexible storage architecture [E]      
  Bad state: No element
  dart:collection                                                      ListBase.firstWhere
  package:ojyx/features/game/data/models/player_grid_model.dart 86:43  PlayerGridModel.toDbPlayerGrid.<fn>
  dart:_internal                                                       ListIterable.toList
  package:ojyx/features/game/data/models/player_grid_model.dart 95:12  PlayerGridModel.toDbPlayerGrid
  test/features/game/data/models/player_grid_model_test.dart 89:40     main.<fn>.<fn>
  

To run this test again: /home/hyminix/flutter/bin/cache/dart-sdk/bin/dart test /mnt/d/dev/Ojyx/test/features/game/data/models/player_grid_model_test.dart -p vm --plain-name 'PlayerGridModel should enable bidirectional data transformation for flexible storage architecture'
00:40 +118 -12: /mnt/d/dev/Ojyx/test/features/game/data/models/player_grid_model_test.dart: ... should maintain data integrity through API serialization for reliable multiplayer synchronization      00:40 +119 -12: /mnt/d/dev/Ojyx/test/features/game/data/models/player_grid_model_test.dart: ... should maintain data integrity through API serialization for reliable multiplayer synchronization      00:41 +119 -12: /mnt/d/dev/Ojyx/test/features/game/data/models/player_grid_model_test.dart: ... should maintain data integrity through API serialization for reliable multiplayer synchronization      00:41 +119 -12: loading /mnt/d/dev/Ojyx/test/features/game/data/repositories/action_card_repository_impl_test.dart                                                                                     00:41 +119 -12: /mnt/d/dev/Ojyx/test/features/game/data/repositories/action_card_repository_impl_test.dart: ActionCardRepositoryImpl should return available action cards when requested               00:41 +120 -12: /mnt/d/dev/Ojyx/test/features/game/data/repositories/action_card_repository_impl_test.dart: ActionCardRepositoryImpl should return available action cards when requested               00:41 +120 -12: /mnt/d/dev/Ojyx/test/features/game/data/repositories/action_card_repository_impl_test.dart: ActionCardRepositoryImpl should return player action cards when requested                  00:41 +121 -12: /mnt/d/dev/Ojyx/test/features/game/data/repositories/action_card_repository_impl_test.dart: ActionCardRepositoryImpl should return player action cards when requested                  00:41 +121 -12: /mnt/d/dev/Ojyx/test/features/game/data/repositories/action_card_repository_impl_test.dart: ActionCardRepositoryImpl should successfully add action card to player                     00:41 +122 -12: /mnt/d/dev/Ojyx/test/features/game/data/repositories/action_card_repository_impl_test.dart: ActionCardRepositoryImpl should successfully add action card to player                     00:41 +122 -12: /mnt/d/dev/Ojyx/test/features/game/data/repositories/action_card_repository_impl_test.dart: ActionCardRepositoryImpl should successfully remove action card from player                00:41 +123 -12: /mnt/d/dev/Ojyx/test/features/game/data/repositories/action_card_repository_impl_test.dart: ActionCardRepositoryImpl should successfully remove action card from player                00:41 +123 -12: /mnt/d/dev/Ojyx/test/features/game/data/repositories/action_card_repository_impl_test.dart: ActionCardRepositoryImpl should return drawn action card when available                    00:41 +124 -12: /mnt/d/dev/Ojyx/test/features/game/data/repositories/action_card_repository_impl_test.dart: ActionCardRepositoryImpl should return drawn action card when available                    00:41 +124 -12: /mnt/d/dev/Ojyx/test/features/game/data/repositories/action_card_repository_impl_test.dart: ActionCardRepositoryImpl should return null when no action cards available to draw         00:41 +125 -12: /mnt/d/dev/Ojyx/test/features/game/data/repositories/action_card_repository_impl_test.dart: ActionCardRepositoryImpl should return null when no action cards available to draw         00:41 +125 -12: /mnt/d/dev/Ojyx/test/features/game/data/repositories/action_card_repository_impl_test.dart: ActionCardRepositoryImpl should successfully discard action card                           00:41 +126 -12: /mnt/d/dev/Ojyx/test/features/game/data/repositories/action_card_repository_impl_test.dart: ActionCardRepositoryImpl should successfully discard action card                           00:41 +126 -12: /mnt/d/dev/Ojyx/test/features/game/data/repositories/action_card_repository_impl_test.dart: ActionCardRepositoryImpl should successfully shuffle action cards                          00:41 +127 -12: /mnt/d/dev/Ojyx/test/features/game/data/repositories/action_card_repository_impl_test.dart: ActionCardRepositoryImpl should successfully shuffle action cards                          00:41 +127 -12: /mnt/d/dev/Ojyx/test/features/game/data/repositories/action_card_repository_impl_test.dart: ... should propagate exception when adding card to player with full hand                   00:41 +128 -12: /mnt/d/dev/Ojyx/test/features/game/data/repositories/action_card_repository_impl_test.dart: ... should propagate exception when adding card to player with full hand                   00:41 +128 -12: /mnt/d/dev/Ojyx/test/features/game/data/repositories/action_card_repository_impl_test.dart: ActionCardRepositoryImpl should propagate exception when removing card player does not have00:41 +129 -12: /mnt/d/dev/Ojyx/test/features/game/data/repositories/action_card_repository_impl_test.dart: ActionCardRepositoryImpl should propagate exception when removing card player does not have00:42 +129 -12: /mnt/d/dev/Ojyx/test/features/game/data/repositories/action_card_repository_impl_test.dart: ActionCardRepositoryImpl should propagate exception when removing card player does not have00:42 +129 -12: loading /mnt/d/dev/Ojyx/test/features/game/data/repositories/server_action_card_repository_test.dart                                                                                   00:42 +129 -12: /mnt/d/dev/Ojyx/test/features/game/data/repositories/server_action_card_repository_test.dart: ... getAvailableActionCards should return list of available action cards                 00:42 +130 -12: /mnt/d/dev/Ojyx/test/features/game/data/repositories/server_action_card_repository_test.dart: ... getAvailableActionCards should return list of available action cards                 00:42 +130 -12: /mnt/d/dev/Ojyx/test/features/game/data/repositories/server_action_card_repository_test.dart: ... getAvailableActionCards should return cards with correct properties                  00:42 +131 -12: /mnt/d/dev/Ojyx/test/features/game/data/repositories/server_action_card_repository_test.dart: ... getAvailableActionCards should return cards with correct properties                  00:42 +131 -12: /mnt/d/dev/Ojyx/test/features/game/data/repositories/server_action_card_repository_test.dart: ... should throw UnsupportedError for deprecated client-side methods                     00:42 +132 -12: /mnt/d/dev/Ojyx/test/features/game/data/repositories/server_action_card_repository_test.dart: ... should throw UnsupportedError for deprecated client-side methods                     00:42 +132 -12: /mnt/d/dev/Ojyx/test/features/game/data/repositories/server_action_card_repository_test.dart: ServerActionCardRepository helper methods getActionCardByType should return correct card 00:42 +133 -12: /mnt/d/dev/Ojyx/test/features/game/data/repositories/server_action_card_repository_test.dart: ServerActionCardRepository helper methods getActionCardByType should return correct card 00:42 +133 -12: /mnt/d/dev/Ojyx/test/features/game/data/repositories/server_action_card_repository_test.dart: ... helper methods getActionCardByType should return null for unknown type               00:42 +134 -12: /mnt/d/dev/Ojyx/test/features/game/data/repositories/server_action_card_repository_test.dart: ... helper methods getActionCardByType should return null for unknown type               00:42 +134 -12: /mnt/d/dev/Ojyx/test/features/game/data/repositories/server_action_card_repository_test.dart: ServerActionCardRepository helper methods should correctly identify action timing types  00:42 +135 -12: /mnt/d/dev/Ojyx/test/features/game/data/repositories/server_action_card_repository_test.dart: ServerActionCardRepository helper methods should correctly identify action timing types  00:42 +135 -12: /mnt/d/dev/Ojyx/test/features/game/data/repositories/server_action_card_repository_test.dart: ServerActionCardRepository should have all server-side methods defined                   00:42 +136 -12: /mnt/d/dev/Ojyx/test/features/game/data/repositories/server_action_card_repository_test.dart: ServerActionCardRepository should have all server-side methods defined                   00:43 +136 -12: /mnt/d/dev/Ojyx/test/features/game/data/repositories/server_action_card_repository_test.dart: ServerActionCardRepository should have all server-side methods defined                   00:43 +136 -12: loading /mnt/d/dev/Ojyx/test/features/game/data/repositories/supabase_action_card_repository_test.dart                                                                                 00:43 +136 -12: /mnt/d/dev/Ojyx/test/features/game/data/repositories/supabase_action_card_repository_test.dart: SupabaseActionCardRepository should return action cards from datasource                00:43 +137 -12: /mnt/d/dev/Ojyx/test/features/game/data/repositories/supabase_action_card_repository_test.dart: SupabaseActionCardRepository should return action cards from datasource                00:43 +137 -12: /mnt/d/dev/Ojyx/test/features/game/data/repositories/supabase_action_card_repository_test.dart: SupabaseActionCardRepository should manage player card operations successfully         00:43 +138 -12: /mnt/d/dev/Ojyx/test/features/game/data/repositories/supabase_action_card_repository_test.dart: SupabaseActionCardRepository should manage player card operations successfully         00:43 +138 -12: /mnt/d/dev/Ojyx/test/features/game/data/repositories/supabase_action_card_repository_test.dart: SupabaseActionCardRepository should handle deck operations correctly                   00:43 +139 -12: /mnt/d/dev/Ojyx/test/features/game/data/repositories/supabase_action_card_repository_test.dart: SupabaseActionCardRepository should handle deck operations correctly                   00:43 +139 -12: loading /mnt/d/dev/Ojyx/test/features/game/domain/entities/action_card_test.dart                                                                                                       00:43 +139 -12: /mnt/d/dev/Ojyx/test/features/game/domain/entities/action_card_test.dart: ActionCard should classify card timing behavior correctly for gameplay                                       00:43 +140 -12: /mnt/d/dev/Ojyx/test/features/game/domain/entities/action_card_test.dart: ActionCard should classify card timing behavior correctly for gameplay                                       00:43 +140 -12: /mnt/d/dev/Ojyx/test/features/game/domain/entities/action_card_test.dart: ActionCard JSON serialization should serialize to JSON correctly                                             00:43 +141 -12: /mnt/d/dev/Ojyx/test/features/game/domain/entities/action_card_test.dart: ActionCard JSON serialization should serialize to JSON correctly                                             00:43 +141 -12: /mnt/d/dev/Ojyx/test/features/game/domain/entities/action_card_test.dart: ActionCard JSON serialization should deserialize from JSON correctly                                         00:43 +142 -12: /mnt/d/dev/Ojyx/test/features/game/domain/entities/action_card_test.dart: ActionCard JSON serialization should deserialize from JSON correctly                                         00:43 +142 -12: /mnt/d/dev/Ojyx/test/features/game/domain/entities/action_card_test.dart: ActionCard should preserve card identity for game state management                                           00:43 +143 -12: /mnt/d/dev/Ojyx/test/features/game/domain/entities/action_card_test.dart: ActionCard should preserve card identity for game state management                                           00:44 +143 -12: /mnt/d/dev/Ojyx/test/features/game/domain/entities/action_card_test.dart: ActionCard should preserve card identity for game state management                                           00:44 +143 -12: loading /mnt/d/dev/Ojyx/test/features/game/domain/entities/card_position_test.dart                                                                                                     00:44 +143 -12: /mnt/d/dev/Ojyx/test/features/game/domain/entities/card_position_test.dart: CardPosition should correctly identify grid positions for game logic                                       00:44 +144 -12: /mnt/d/dev/Ojyx/test/features/game/domain/entities/card_position_test.dart: CardPosition should correctly identify grid positions for game logic                                       00:44 +144 -12: /mnt/d/dev/Ojyx/test/features/game/domain/entities/card_position_test.dart: CardPosition should provide grid coordinate data for action targeting                                      00:44 +145 -12: /mnt/d/dev/Ojyx/test/features/game/domain/entities/card_position_test.dart: CardPosition should provide grid coordinate data for action targeting                                      00:44 +145 -12: /mnt/d/dev/Ojyx/test/features/game/domain/entities/card_position_test.dart: CardPosition should support position equality for game state comparison                                    00:44 +146 -12: /mnt/d/dev/Ojyx/test/features/game/domain/entities/card_position_test.dart: CardPosition should support position equality for game state comparison                                    00:44 +146 -12: /mnt/d/dev/Ojyx/test/features/game/domain/entities/card_position_test.dart: CardPosition should allow position modification for game moves                                             00:44 +147 -12: /mnt/d/dev/Ojyx/test/features/game/domain/entities/card_position_test.dart: CardPosition should allow position modification for game moves                                             00:44 +147 -12: loading /mnt/d/dev/Ojyx/test/features/game/domain/entities/card_test.dart                                                                                                              00:44 +147 -12: /mnt/d/dev/Ojyx/test/features/game/domain/entities/card_test.dart: Card Entity should provide proper visual feedback based on value for player decision                                00:44 +148 -12: /mnt/d/dev/Ojyx/test/features/game/domain/entities/card_test.dart: Card Entity should provide proper visual feedback based on value for player decision                                00:44 +148 -12: /mnt/d/dev/Ojyx/test/features/game/domain/entities/card_test.dart: Card Entity should allow strategic card revelation during gameplay                                                  00:44 +149 -12: /mnt/d/dev/Ojyx/test/features/game/domain/entities/card_test.dart: Card Entity should allow strategic card revelation during gameplay                                                  00:44 +149 -12: /mnt/d/dev/Ojyx/test/features/game/domain/entities/card_test.dart: Card Entity should allow tactical card hiding for bluffing strategy                                                 00:44 +150 -12: /mnt/d/dev/Ojyx/test/features/game/domain/entities/card_test.dart: Card Entity should allow tactical card hiding for bluffing strategy                                                 00:44 +150 -12: /mnt/d/dev/Ojyx/test/features/game/domain/entities/card_test.dart: Card Entity should distinguish cards for game state tracking                                                        00:44 +151 -12: /mnt/d/dev/Ojyx/test/features/game/domain/entities/card_test.dart: Card Entity should distinguish cards for game state tracking                                                        00:44 +151 -12: /mnt/d/dev/Ojyx/test/features/game/domain/entities/card_test.dart: Card Entity should enforce valid card values for fair gameplay                                                      00:44 +152 -12: /mnt/d/dev/Ojyx/test/features/game/domain/entities/card_test.dart: Card Entity should enforce valid card values for fair gameplay                                                      00:45 +152 -12: /mnt/d/dev/Ojyx/test/features/game/domain/entities/card_test.dart: Card Entity should enforce valid card values for fair gameplay                                                      00:45 +152 -12: loading /mnt/d/dev/Ojyx/test/features/game/domain/entities/deck_state_test.dart                                                                                                        00:45 +152 -12: /mnt/d/dev/Ojyx/test/features/game/domain/entities/deck_state_test.dart: DeckState should manage deck state properties correctly for gameplay                                          00:45 +153 -12: /mnt/d/dev/Ojyx/test/features/game/domain/entities/deck_state_test.dart: DeckState should manage deck state properties correctly for gameplay                                          00:45 +153 -12: /mnt/d/dev/Ojyx/test/features/game/domain/entities/deck_state_test.dart: DeckState should handle card operations correctly for game flow                                               00:45 +154 -12: /mnt/d/dev/Ojyx/test/features/game/domain/entities/deck_state_test.dart: DeckState should handle card operations correctly for game flow                                               00:45 +154 -12: /mnt/d/dev/Ojyx/test/features/game/domain/entities/deck_state_test.dart: DeckState should handle deck reshuffling behavior for continuous gameplay                                     00:45 +154 -13: /mnt/d/dev/Ojyx/test/features/game/domain/entities/deck_state_test.dart: DeckState should handle deck reshuffling behavior for continuous gameplay [E]                                 
  Expected: <3>
    Actual: <2>
  Total card count should be preserved during reshuffle with existing draw pile
  
  package:matcher                                                 expect
  package:flutter_test/src/widget_tester.dart 474:18              expect
  test/features/game/domain/entities/deck_state_test.dart 111:11  main.<fn>.<fn>
  

To run this test again: /home/hyminix/flutter/bin/cache/dart-sdk/bin/dart test /mnt/d/dev/Ojyx/test/features/game/domain/entities/deck_state_test.dart -p vm --plain-name 'DeckState should handle deck reshuffling behavior for continuous gameplay'
00:45 +154 -13: /mnt/d/dev/Ojyx/test/features/game/domain/entities/deck_state_test.dart: DeckState should support value equality                                                                       00:45 +155 -13: /mnt/d/dev/Ojyx/test/features/game/domain/entities/deck_state_test.dart: DeckState should support value equality                                                                       00:45 +155 -13: /mnt/d/dev/Ojyx/test/features/game/domain/entities/deck_state_test.dart: DeckState should serialize to and from JSON                                                                   00:45 +156 -13: /mnt/d/dev/Ojyx/test/features/game/domain/entities/deck_state_test.dart: DeckState should serialize to and from JSON                                                                   00:45 +156 -13: /mnt/d/dev/Ojyx/test/features/game/domain/entities/deck_state_test.dart: DeckState should copy with modifications                                                                      00:45 +157 -13: /mnt/d/dev/Ojyx/test/features/game/domain/entities/deck_state_test.dart: DeckState should copy with modifications                                                                      00:45 +157 -13: loading /mnt/d/dev/Ojyx/test/features/game/domain/entities/game_player_test.dart                                                                                                       00:45 +157 -13: /mnt/d/dev/Ojyx/test/features/game/domain/entities/game_player_test.dart: GamePlayer Action Card Management should expand action card options when receiving new cards during gameplay 00:45 +158 -13: /mnt/d/dev/Ojyx/test/features/game/domain/entities/game_player_test.dart: GamePlayer Action Card Management should expand action card options when receiving new cards during gameplay 00:45 +158 -13: /mnt/d/dev/Ojyx/test/features/game/domain/entities/game_player_test.dart: ... Action Card Management should enforce hand limit to maintain game balance when action cards are abundant 00:45 +159 -13: /mnt/d/dev/Ojyx/test/features/game/domain/entities/game_player_test.dart: ... Action Card Management should enforce hand limit to maintain game balance when action cards are abundant 00:45 +159 -13: /mnt/d/dev/Ojyx/test/features/game/domain/entities/game_player_test.dart: GamePlayer Action Card Management should allow strategic card usage by removing cards from hand              00:45 +160 -13: /mnt/d/dev/Ojyx/test/features/game/domain/entities/game_player_test.dart: GamePlayer Action Card Management should allow strategic card usage by removing cards from hand              00:45 +160 -13: /mnt/d/dev/Ojyx/test/features/game/domain/entities/game_player_test.dart: GamePlayer Action Card Management should calculate meaningful score for competitive ranking during end game  00:45 +161 -13: /mnt/d/dev/Ojyx/test/features/game/domain/entities/game_player_test.dart: GamePlayer Action Card Management should calculate meaningful score for competitive ranking during end game  00:46 +161 -13: /mnt/d/dev/Ojyx/test/features/game/domain/entities/game_player_test.dart: GamePlayer Action Card Management should calculate meaningful score for competitive ranking during end game  00:46 +161 -13: loading /mnt/d/dev/Ojyx/test/features/game/domain/entities/game_state_test.dart                                                                                                        00:46 +161 -13: /mnt/d/dev/Ojyx/test/features/game/domain/entities/game_state_test.dart: GameState Entity - Comprehensive Behavior Tests should initialize game with waiting status when created       00:46 +162 -13: /mnt/d/dev/Ojyx/test/features/game/domain/entities/game_state_test.dart: GameState Entity - Comprehensive Behavior Tests should initialize game with waiting status when created       00:46 +162 -13: /mnt/d/dev/Ojyx/test/features/game/domain/entities/game_state_test.dart: GameState Entity - Comprehensive Behavior Tests should return first player as current player when game starts 00:46 +163 -13: /mnt/d/dev/Ojyx/test/features/game/domain/entities/game_state_test.dart: GameState Entity - Comprehensive Behavior Tests should return first player as current player when game starts 00:46 +163 -13: /mnt/d/dev/Ojyx/test/features/game/domain/entities/game_state_test.dart: ... - Comprehensive Behavior Tests should advance turn to next player in clockwise direction when turn ends   00:46 +164 -13: /mnt/d/dev/Ojyx/test/features/game/domain/entities/game_state_test.dart: ... - Comprehensive Behavior Tests should advance turn to next player in clockwise direction when turn ends   00:46 +164 -13: /mnt/d/dev/Ojyx/test/features/game/domain/entities/game_state_test.dart: ... - Comprehensive Behavior Tests should advance turn to previous player when direction is counter-clockwise 00:46 +165 -13: /mnt/d/dev/Ojyx/test/features/game/domain/entities/game_state_test.dart: ... - Comprehensive Behavior Tests should advance turn to previous player when direction is counter-clockwise 00:46 +165 -13: /mnt/d/dev/Ojyx/test/features/game/domain/entities/game_state_test.dart: ... Entity - Comprehensive Behavior Tests should loop back to first player when last player finishes turn     00:46 +166 -13: /mnt/d/dev/Ojyx/test/features/game/domain/entities/game_state_test.dart: ... Entity - Comprehensive Behavior Tests should loop back to first player when last player finishes turn     00:46 +166 -13: /mnt/d/dev/Ojyx/test/features/game/domain/entities/game_state_test.dart: GameState Entity - Comprehensive Behavior Tests should provide top card from deck when player draws           00:46 +167 -13: /mnt/d/dev/Ojyx/test/features/game/domain/entities/game_state_test.dart: GameState Entity - Comprehensive Behavior Tests should provide top card from deck when player draws           00:46 +167 -13: /mnt/d/dev/Ojyx/test/features/game/domain/entities/game_state_test.dart: ... Entity - Comprehensive Behavior Tests should recycle discard pile into deck when no cards remain to draw  00:46 +168 -13: /mnt/d/dev/Ojyx/test/features/game/domain/entities/game_state_test.dart: ... Entity - Comprehensive Behavior Tests should recycle discard pile into deck when no cards remain to draw  00:46 +168 -13: /mnt/d/dev/Ojyx/test/features/game/domain/entities/game_state_test.dart: GameState Entity - Comprehensive Behavior Tests should discard card                                           00:46 +169 -13: /mnt/d/dev/Ojyx/test/features/game/domain/entities/game_state_test.dart: GameState Entity - Comprehensive Behavior Tests should discard card                                           00:46 +169 -13: /mnt/d/dev/Ojyx/test/features/game/domain/entities/game_state_test.dart: GameState Entity - Comprehensive Behavior Tests should check if game can start                                00:46 +170 -13: /mnt/d/dev/Ojyx/test/features/game/domain/entities/game_state_test.dart: GameState Entity - Comprehensive Behavior Tests should check if game can start                                00:46 +170 -13: /mnt/d/dev/Ojyx/test/features/game/domain/entities/game_state_test.dart: GameState Entity - Comprehensive Behavior Tests should detect end of round when player reveals all cards      00:46 +171 -13: /mnt/d/dev/Ojyx/test/features/game/domain/entities/game_state_test.dart: GameState Entity - Comprehensive Behavior Tests should detect end of round when player reveals all cards      00:46 +171 -13: /mnt/d/dev/Ojyx/test/features/game/domain/entities/game_state_test.dart: GameState Entity - Comprehensive Behavior Tests should check if all players finished last round               00:46 +172 -13: /mnt/d/dev/Ojyx/test/features/game/domain/entities/game_state_test.dart: GameState Entity - Comprehensive Behavior Tests should check if all players finished last round               00:46 +172 -13: /mnt/d/dev/Ojyx/test/features/game/domain/entities/game_state_test.dart: GameState Entity - Comprehensive Behavior Tests should calculate scores with penalty for initiator            00:46 +173 -13: /mnt/d/dev/Ojyx/test/features/game/domain/entities/game_state_test.dart: GameState Entity - Comprehensive Behavior Tests should calculate scores with penalty for initiator            00:46 +173 -13: /mnt/d/dev/Ojyx/test/features/game/domain/entities/game_state_test.dart: ... Entity - Comprehensive Behavior Tests should be a pure domain entity without JSON serialization coupling  00:46 +174 -13: /mnt/d/dev/Ojyx/test/features/game/domain/entities/game_state_test.dart: ... Entity - Comprehensive Behavior Tests should be a pure domain entity without JSON serialization coupling  00:46 +174 -13: /mnt/d/dev/Ojyx/test/features/game/domain/entities/game_state_test.dart: GameState Entity - Comprehensive Behavior Tests should maintain all core business logic methods for game flow 00:46 +175 -13: /mnt/d/dev/Ojyx/test/features/game/domain/entities/game_state_test.dart: GameState Entity - Comprehensive Behavior Tests should maintain all core business logic methods for game flow 00:46 +175 -13: /mnt/d/dev/Ojyx/test/features/game/domain/entities/game_state_test.dart: GameState Entity - Comprehensive Behavior Tests should work with immutability pattern using copyWith          00:46 +176 -13: /mnt/d/dev/Ojyx/test/features/game/domain/entities/game_state_test.dart: GameState Entity - Comprehensive Behavior Tests should work with immutability pattern using copyWith          00:47 +176 -13: /mnt/d/dev/Ojyx/test/features/game/domain/entities/game_state_test.dart: GameState Entity - Comprehensive Behavior Tests should work with immutability pattern using copyWith          00:47 +176 -13: loading /mnt/d/dev/Ojyx/test/features/game/domain/entities/player_grid_test.dart                                                                                                       00:47 +176 -13: /mnt/d/dev/Ojyx/test/features/game/domain/entities/player_grid_test.dart: PlayerGrid Gameplay Behavior should enable strategic card placement and management during gameplay           00:47 +177 -13: /mnt/d/dev/Ojyx/test/features/game/domain/entities/player_grid_test.dart: PlayerGrid Gameplay Behavior should enable strategic card placement and management during gameplay           00:47 +177 -13: /mnt/d/dev/Ojyx/test/features/game/domain/entities/player_grid_test.dart: PlayerGrid Gameplay Behavior should support progressive card revelation for information discovery            00:47 +178 -13: /mnt/d/dev/Ojyx/test/features/game/domain/entities/player_grid_test.dart: PlayerGrid Gameplay Behavior should support progressive card revelation for information discovery            00:47 +178 -13: /mnt/d/dev/Ojyx/test/features/game/domain/entities/player_grid_test.dart: PlayerGrid Gameplay Behavior should calculate competitive score reflecting player performance                00:47 +179 -13: /mnt/d/dev/Ojyx/test/features/game/domain/entities/player_grid_test.dart: PlayerGrid Gameplay Behavior should calculate competitive score reflecting player performance                00:47 +179 -13: /mnt/d/dev/Ojyx/test/features/game/domain/entities/player_grid_test.dart: PlayerGrid Gameplay Behavior should trigger round end detection when all cards are revealed                  00:47 +180 -13: /mnt/d/dev/Ojyx/test/features/game/domain/entities/player_grid_test.dart: PlayerGrid Gameplay Behavior should trigger round end detection when all cards are revealed                  00:47 +180 -13: /mnt/d/dev/Ojyx/test/features/game/domain/entities/player_grid_test.dart: PlayerGrid Gameplay Behavior should enforce column elimination rule when three identical cards are revealed  00:47 +181 -13: /mnt/d/dev/Ojyx/test/features/game/domain/entities/player_grid_test.dart: PlayerGrid Gameplay Behavior should enforce column elimination rule when three identical cards are revealed  00:47 +181 -13: /mnt/d/dev/Ojyx/test/features/game/domain/entities/player_grid_test.dart: PlayerGrid Gameplay Behavior should execute column removal maintaining grid integrity for continued play     00:47 +182 -13: /mnt/d/dev/Ojyx/test/features/game/domain/entities/player_grid_test.dart: PlayerGrid Gameplay Behavior should execute column removal maintaining grid integrity for continued play     00:47 +182 -13: loading /mnt/d/dev/Ojyx/test/features/game/domain/entities/player_state_test.dart                                                                                                      00:47 +182 -13: /mnt/d/dev/Ojyx/test/features/game/domain/entities/player_state_test.dart: PlayerState Game Behavior should track player progress and strategic state throughout gameplay              00:47 +183 -13: /mnt/d/dev/Ojyx/test/features/game/domain/entities/player_state_test.dart: PlayerState Game Behavior should track player progress and strategic state throughout gameplay              00:47 +183 -13: /mnt/d/dev/Ojyx/test/features/game/domain/entities/player_state_test.dart: PlayerState Game Behavior should support immutable state transitions for reliable game updates              00:47 +184 -13: /mnt/d/dev/Ojyx/test/features/game/domain/entities/player_state_test.dart: PlayerState Game Behavior should support immutable state transitions for reliable game updates              00:47 +184 -13: /mnt/d/dev/Ojyx/test/features/game/domain/entities/player_state_test.dart: PlayerState Game Behavior should maintain value equality for consistent game state comparison               00:47 +185 -13: /mnt/d/dev/Ojyx/test/features/game/domain/entities/player_state_test.dart: PlayerState Game Behavior should maintain value equality for consistent game state comparison               00:47 +185 -13: /mnt/d/dev/Ojyx/test/features/game/domain/entities/player_state_test.dart: PlayerState Game Behavior should serialize state for network synchronization in multiplayer games           00:47 +186 -13: /mnt/d/dev/Ojyx/test/features/game/domain/entities/player_state_test.dart: PlayerState Game Behavior should serialize state for network synchronization in multiplayer games           00:48 +186 -13: /mnt/d/dev/Ojyx/test/features/game/domain/entities/player_state_test.dart: PlayerState Game Behavior should serialize state for network synchronization in multiplayer games           00:48 +186 -13: loading /mnt/d/dev/Ojyx/test/features/game/domain/use_cases/calculate_scores_test.dart                                                                                                 00:48 +186 -13: /mnt/d/dev/Ojyx/test/features/game/domain/use_cases/calculate_scores_test.dart: ... should provide comprehensive competitive scoring and ranking system for strategic game conclusion  00:48 +187 -13: /mnt/d/dev/Ojyx/test/features/game/domain/use_cases/calculate_scores_test.dart: ... should provide comprehensive competitive scoring and ranking system for strategic game conclusion  00:48 +187 -13: /mnt/d/dev/Ojyx/test/features/game/domain/use_cases/calculate_scores_test.dart: ... scoring scenarios when players achieve negative scores through strategic bonus card collection     00:48 +188 -13: /mnt/d/dev/Ojyx/test/features/game/domain/use_cases/calculate_scores_test.dart: ... scoring scenarios when players achieve negative scores through strategic bonus card collection     00:48 +188 -13: /mnt/d/dev/Ojyx/test/features/game/domain/use_cases/calculate_scores_test.dart: ... competitive scoring scenarios when only revealed cards contribute to competitive final scoring     00:48 +189 -13: /mnt/d/dev/Ojyx/test/features/game/domain/use_cases/calculate_scores_test.dart: ... competitive scoring scenarios when only revealed cards contribute to competitive final scoring     00:48 +189 -13: /mnt/d/dev/Ojyx/test/features/game/domain/use_cases/calculate_scores_test.dart: ... scoring scenarios when score multipliers apply competitive penalties for round initiation          00:48 +190 -13: /mnt/d/dev/Ojyx/test/features/game/domain/use_cases/calculate_scores_test.dart: ... scoring scenarios when score multipliers apply competitive penalties for round initiation          00:48 +190 -13: /mnt/d/dev/Ojyx/test/features/game/domain/use_cases/calculate_scores_test.dart: ... should provide sorted competitive rankings for tournament organization and winner determination    00:48 +191 -13: /mnt/d/dev/Ojyx/test/features/game/domain/use_cases/calculate_scores_test.dart: ... should provide sorted competitive rankings for tournament organization and winner determination    00:48 +191 -13: loading /mnt/d/dev/Ojyx/test/features/game/domain/use_cases/check_end_round_test.dart                                                                                                  00:48 +191 -13: /mnt/d/dev/Ojyx/test/features/game/domain/use_cases/check_end_round_test.dart: CheckEndRound UseCase should continue to next player when not in last round                             00:48 +192 -13: /mnt/d/dev/Ojyx/test/features/game/domain/use_cases/check_end_round_test.dart: CheckEndRound UseCase should continue to next player when not in last round                             00:48 +192 -13: /mnt/d/dev/Ojyx/test/features/game/domain/use_cases/check_end_round_test.dart: CheckEndRound UseCase should end game when last player of last round completes turn                     00:48 +193 -13: /mnt/d/dev/Ojyx/test/features/game/domain/use_cases/check_end_round_test.dart: CheckEndRound UseCase should end game when last player of last round completes turn                     00:48 +193 -13: /mnt/d/dev/Ojyx/test/features/game/domain/use_cases/check_end_round_test.dart: CheckEndRound UseCase should handle double penalty rule correctly for round initiator                   00:48 +194 -13: /mnt/d/dev/Ojyx/test/features/game/domain/use_cases/check_end_round_test.dart: CheckEndRound UseCase should handle double penalty rule correctly for round initiator                   00:48 +194 -13: /mnt/d/dev/Ojyx/test/features/game/domain/use_cases/check_end_round_test.dart: CheckEndRound UseCase should handle tied lowest scores correctly                                        00:48 +195 -13: /mnt/d/dev/Ojyx/test/features/game/domain/use_cases/check_end_round_test.dart: CheckEndRound UseCase should handle tied lowest scores correctly                                        00:48 +195 -13: /mnt/d/dev/Ojyx/test/features/game/domain/use_cases/check_end_round_test.dart: CheckEndRound UseCase should set finishedAt timestamp when round ends                                   00:48 +196 -13: /mnt/d/dev/Ojyx/test/features/game/domain/use_cases/check_end_round_test.dart: CheckEndRound UseCase should set finishedAt timestamp when round ends                                   00:48 +196 -13: /mnt/d/dev/Ojyx/test/features/game/domain/use_cases/check_end_round_test.dart: CheckEndRound UseCase should continue last round if not at last player                                  00:48 +197 -13: /mnt/d/dev/Ojyx/test/features/game/domain/use_cases/check_end_round_test.dart: CheckEndRound UseCase should continue last round if not at last player                                  00:49 +197 -13: /mnt/d/dev/Ojyx/test/features/game/domain/use_cases/check_end_round_test.dart: CheckEndRound UseCase should continue last round if not at last player                                  00:49 +197 -13: loading /mnt/d/dev/Ojyx/test/features/game/domain/use_cases/discard_card_test.dart                                                                                                     00:49 +197 -13: /mnt/d/dev/Ojyx/test/features/game/domain/use_cases/discard_card_test.dart: DiscardCard UseCase should discard drawn card successfully                                                 00:49 +198 -13: /mnt/d/dev/Ojyx/test/features/game/domain/use_cases/discard_card_test.dart: DiscardCard UseCase should discard drawn card successfully                                                 00:49 +198 -13: /mnt/d/dev/Ojyx/test/features/game/domain/use_cases/discard_card_test.dart: DiscardCard UseCase should exchange card with grid successfully                                            00:49 +199 -13: /mnt/d/dev/Ojyx/test/features/game/domain/use_cases/discard_card_test.dart: DiscardCard UseCase should exchange card with grid successfully                                            00:49 +199 -13: /mnt/d/dev/Ojyx/test/features/game/domain/use_cases/discard_card_test.dart: DiscardCard UseCase should fail if no drawn card                                                           00:49 +200 -13: /mnt/d/dev/Ojyx/test/features/game/domain/use_cases/discard_card_test.dart: DiscardCard UseCase should fail if no drawn card                                                           00:49 +200 -13: /mnt/d/dev/Ojyx/test/features/game/domain/use_cases/discard_card_test.dart: DiscardCard UseCase should fail if not player turn                                                         00:49 +201 -13: /mnt/d/dev/Ojyx/test/features/game/domain/use_cases/discard_card_test.dart: DiscardCard UseCase should fail if not player turn                                                         00:49 +201 -13: /mnt/d/dev/Ojyx/test/features/game/domain/use_cases/discard_card_test.dart: DiscardCard UseCase should fail if grid position is empty                                                  00:49 +202 -13: /mnt/d/dev/Ojyx/test/features/game/domain/use_cases/discard_card_test.dart: DiscardCard UseCase should fail if grid position is empty                                                  00:49 +202 -13: /mnt/d/dev/Ojyx/test/features/game/domain/use_cases/discard_card_test.dart: DiscardCard UseCase should fail if grid position is invalid                                                00:49 +203 -13: /mnt/d/dev/Ojyx/test/features/game/domain/use_cases/discard_card_test.dart: DiscardCard UseCase should fail if grid position is invalid                                                00:49 +203 -13: /mnt/d/dev/Ojyx/test/features/game/domain/use_cases/discard_card_test.dart: DiscardCard UseCase should wrap around to first player after last player turn                              00:49 +204 -13: /mnt/d/dev/Ojyx/test/features/game/domain/use_cases/discard_card_test.dart: DiscardCard UseCase should wrap around to first player after last player turn                              00:49 +204 -13: /mnt/d/dev/Ojyx/test/features/game/domain/use_cases/discard_card_test.dart: DiscardCard UseCase should check for column completion after exchange                                      00:49 +205 -13: /mnt/d/dev/Ojyx/test/features/game/domain/use_cases/discard_card_test.dart: DiscardCard UseCase should check for column completion after exchange                                      test/features/game/domain/use_cases/distribute_cards_test.dart:263:29: Error: Type 'Card' not found.
bool _hasCardInDiscard(List<Card> discardPile) {
                            ^^^^
test/features/game/domain/use_cases/distribute_cards_test.dart:54:16: Error: Local variable '_countPlayerCards' can't be referenced before it is declared.
        expect(_countPlayerCards(player1), kCardsPerPlayer, 
               ^^^^^^^^^^^^^^^^^
test/features/game/domain/use_cases/distribute_cards_test.dart:78:9: Context: This is the declaration of the variable '_countPlayerCards'.
    int _countPlayerCards(GamePlayer player) {
        ^^^^^^^^^^^^^^^^^
test/features/game/domain/use_cases/distribute_cards_test.dart:56:16: Error: Local variable '_countPlayerCards' can't be referenced before it is declared.
        expect(_countPlayerCards(player2), kCardsPerPlayer,
               ^^^^^^^^^^^^^^^^^
test/features/game/domain/use_cases/distribute_cards_test.dart:78:9: Context: This is the declaration of the variable '_countPlayerCards'.
    int _countPlayerCards(GamePlayer player) {
        ^^^^^^^^^^^^^^^^^
test/features/game/domain/use_cases/distribute_cards_test.dart:58:16: Error: Local variable '_countPlayerCards' can't be referenced before it is declared.
        expect(_countPlayerCards(player3), kCardsPerPlayer,
               ^^^^^^^^^^^^^^^^^
test/features/game/domain/use_cases/distribute_cards_test.dart:78:9: Context: This is the declaration of the variable '_countPlayerCards'.
    int _countPlayerCards(GamePlayer player) {
        ^^^^^^^^^^^^^^^^^
test/features/game/domain/use_cases/distribute_cards_test.dart:62:16: Error: Local variable '_areAllCardsFaceDown' can't be referenced before it is declared.
        expect(_areAllCardsFaceDown(player1), true,
               ^^^^^^^^^^^^^^^^^^^^
test/features/game/domain/use_cases/distribute_cards_test.dart:90:10: Context: This is the declaration of the variable '_areAllCardsFaceDown'.
    bool _areAllCardsFaceDown(GamePlayer player) {
         ^^^^^^^^^^^^^^^^^^^^
test/features/game/domain/use_cases/distribute_cards_test.dart:64:16: Error: Local variable '_areAllCardsFaceDown' can't be referenced before it is declared.
        expect(_areAllCardsFaceDown(player2), true,
               ^^^^^^^^^^^^^^^^^^^^
test/features/game/domain/use_cases/distribute_cards_test.dart:90:10: Context: This is the declaration of the variable '_areAllCardsFaceDown'.
    bool _areAllCardsFaceDown(GamePlayer player) {
         ^^^^^^^^^^^^^^^^^^^^
test/features/game/domain/use_cases/distribute_cards_test.dart:66:16: Error: Local variable '_areAllCardsFaceDown' can't be referenced before it is declared.
        expect(_areAllCardsFaceDown(player3), true,
               ^^^^^^^^^^^^^^^^^^^^
test/features/game/domain/use_cases/distribute_cards_test.dart:90:10: Context: This is the declaration of the variable '_areAllCardsFaceDown'.
    bool _areAllCardsFaceDown(GamePlayer player) {
         ^^^^^^^^^^^^^^^^^^^^
test/features/game/domain/use_cases/distribute_cards_test.dart:263:29: Error: 'Card' isn't a type.
bool _hasCardInDiscard(List<Card> discardPile) {
                            ^^^^
00:49 +205 -14: loading /mnt/d/dev/Ojyx/test/features/game/domain/use_cases/distribute_cards_test.dart [E]                                                                                             
  Failed to load "/mnt/d/dev/Ojyx/test/features/game/domain/use_cases/distribute_cards_test.dart":
  Compilation failed for testPath=/mnt/d/dev/Ojyx/test/features/game/domain/use_cases/distribute_cards_test.dart: test/features/game/domain/use_cases/distribute_cards_test.dart:263:29: Error: Type 'Card' not found.
  bool _hasCardInDiscard(List<Card> discardPile) {
                              ^^^^
  test/features/game/domain/use_cases/distribute_cards_test.dart:54:16: Error: Local variable '_countPlayerCards' can't be referenced before it is declared.
          expect(_countPlayerCards(player1), kCardsPerPlayer, 
                 ^^^^^^^^^^^^^^^^^
  test/features/game/domain/use_cases/distribute_cards_test.dart:78:9: Context: This is the declaration of the variable '_countPlayerCards'.
      int _countPlayerCards(GamePlayer player) {
          ^^^^^^^^^^^^^^^^^
  test/features/game/domain/use_cases/distribute_cards_test.dart:56:16: Error: Local variable '_countPlayerCards' can't be referenced before it is declared.
          expect(_countPlayerCards(player2), kCardsPerPlayer,
                 ^^^^^^^^^^^^^^^^^
  test/features/game/domain/use_cases/distribute_cards_test.dart:78:9: Context: This is the declaration of the variable '_countPlayerCards'.
      int _countPlayerCards(GamePlayer player) {
          ^^^^^^^^^^^^^^^^^
  test/features/game/domain/use_cases/distribute_cards_test.dart:58:16: Error: Local variable '_countPlayerCards' can't be referenced before it is declared.
          expect(_countPlayerCards(player3), kCardsPerPlayer,
                 ^^^^^^^^^^^^^^^^^
  test/features/game/domain/use_cases/distribute_cards_test.dart:78:9: Context: This is the declaration of the variable '_countPlayerCards'.
      int _countPlayerCards(GamePlayer player) {
          ^^^^^^^^^^^^^^^^^
  test/features/game/domain/use_cases/distribute_cards_test.dart:62:16: Error: Local variable '_areAllCardsFaceDown' can't be referenced before it is declared.
          expect(_areAllCardsFaceDown(player1), true,
                 ^^^^^^^^^^^^^^^^^^^^
  test/features/game/domain/use_cases/distribute_cards_test.dart:90:10: Context: This is the declaration of the variable '_areAllCardsFaceDown'.
      bool _areAllCardsFaceDown(GamePlayer player) {
           ^^^^^^^^^^^^^^^^^^^^
  test/features/game/domain/use_cases/distribute_cards_test.dart:64:16: Error: Local variable '_areAllCardsFaceDown' can't be referenced before it is declared.
          expect(_areAllCardsFaceDown(player2), true,
                 ^^^^^^^^^^^^^^^^^^^^
  test/features/game/domain/use_cases/distribute_cards_test.dart:90:10: Context: This is the declaration of the variable '_areAllCardsFaceDown'.
      bool _areAllCardsFaceDown(GamePlayer player) {
           ^^^^^^^^^^^^^^^^^^^^
  test/features/game/domain/use_cases/distribute_cards_test.dart:66:16: Error: Local variable '_areAllCardsFaceDown' can't be referenced before it is declared.
          expect(_areAllCardsFaceDown(player3), true,
                 ^^^^^^^^^^^^^^^^^^^^
  test/features/game/domain/use_cases/distribute_cards_test.dart:90:10: Context: This is the declaration of the variable '_areAllCardsFaceDown'.
      bool _areAllCardsFaceDown(GamePlayer player) {
           ^^^^^^^^^^^^^^^^^^^^
  test/features/game/domain/use_cases/distribute_cards_test.dart:263:29: Error: 'Card' isn't a type.
  bool _hasCardInDiscard(List<Card> discardPile) {
                              ^^^^
  .

To run this test again: /home/hyminix/flutter/bin/cache/dart-sdk/bin/dart test /mnt/d/dev/Ojyx/test/features/game/domain/use_cases/distribute_cards_test.dart -p vm --plain-name 'loading /mnt/d/dev/Ojyx/test/features/game/domain/use_cases/distribute_cards_test.dart'
00:53 +205 -14: loading /mnt/d/dev/Ojyx/test/features/game/domain/use_cases/draw_action_card_use_case_test.dart                                                                                        00:53 +205 -14: /mnt/d/dev/Ojyx/test/features/game/domain/use_cases/draw_action_card_use_case_test.dart: ... action card acquisition and constraint management for enhanced competitive gameplay       00:53 +206 -14: /mnt/d/dev/Ojyx/test/features/game/domain/use_cases/draw_action_card_use_case_test.dart: ... action card acquisition and constraint management for enhanced competitive gameplay       00:53 +206 -14: loading /mnt/d/dev/Ojyx/test/features/game/domain/use_cases/draw_card_test.dart                                                                                                        00:53 +206 -14: /mnt/d/dev/Ojyx/test/features/game/domain/use_cases/draw_card_test.dart: DrawCard UseCase should draw card from deck successfully                                                      00:53 +207 -14: /mnt/d/dev/Ojyx/test/features/game/domain/use_cases/draw_card_test.dart: DrawCard UseCase should draw card from deck successfully                                                      00:53 +207 -14: /mnt/d/dev/Ojyx/test/features/game/domain/use_cases/draw_card_test.dart: DrawCard UseCase should draw card from discard pile successfully                                              00:53 +208 -14: /mnt/d/dev/Ojyx/test/features/game/domain/use_cases/draw_card_test.dart: DrawCard UseCase should draw card from discard pile successfully                                              00:53 +208 -14: /mnt/d/dev/Ojyx/test/features/game/domain/use_cases/draw_card_test.dart: DrawCard UseCase should fail with appropriate error code when draw conditions are invalid                     00:53 +209 -14: /mnt/d/dev/Ojyx/test/features/game/domain/use_cases/draw_card_test.dart: DrawCard UseCase should fail with appropriate error code when draw conditions are invalid                     00:53 +209 -14: /mnt/d/dev/Ojyx/test/features/game/domain/use_cases/draw_card_test.dart: DrawCard UseCase should reshuffle deck when empty except last discard                                         00:53 +210 -14: /mnt/d/dev/Ojyx/test/features/game/domain/use_cases/draw_card_test.dart: DrawCard UseCase should reshuffle deck when empty except last discard                                         00:54 +210 -14: /mnt/d/dev/Ojyx/test/features/game/domain/use_cases/draw_card_test.dart: DrawCard UseCase should reshuffle deck when empty except last discard                                         00:54 +210 -14: loading /mnt/d/dev/Ojyx/test/features/game/domain/use_cases/end_turn_test.dart                                                                                                         00:54 +210 -14: /mnt/d/dev/Ojyx/test/features/game/domain/use_cases/end_turn_test.dart: EndTurn UseCase should validate and clear completed columns when all conditions are met                        00:54 +211 -14: /mnt/d/dev/Ojyx/test/features/game/domain/use_cases/end_turn_test.dart: EndTurn UseCase should validate and clear completed columns when all conditions are met                        00:54 +211 -14: /mnt/d/dev/Ojyx/test/features/game/domain/use_cases/end_turn_test.dart: EndTurn UseCase should not clear columns when cards are not all revealed                                       00:54 +212 -14: /mnt/d/dev/Ojyx/test/features/game/domain/use_cases/end_turn_test.dart: EndTurn UseCase should not clear columns when cards are not all revealed                                       00:54 +212 -14: /mnt/d/dev/Ojyx/test/features/game/domain/use_cases/end_turn_test.dart: EndTurn UseCase should handle multiple completed columns simultaneously                                        00:54 +213 -14: /mnt/d/dev/Ojyx/test/features/game/domain/use_cases/end_turn_test.dart: EndTurn UseCase should handle multiple completed columns simultaneously                                        00:54 +213 -14: /mnt/d/dev/Ojyx/test/features/game/domain/use_cases/end_turn_test.dart: EndTurn UseCase should trigger last round when player reveals all cards                                        00:54 +214 -14: /mnt/d/dev/Ojyx/test/features/game/domain/use_cases/end_turn_test.dart: EndTurn UseCase should trigger last round when player reveals all cards                                        00:54 +214 -14: /mnt/d/dev/Ojyx/test/features/game/domain/use_cases/end_turn_test.dart: EndTurn UseCase should calculate player score correctly and reject wrong player turns                          00:54 +215 -14: /mnt/d/dev/Ojyx/test/features/game/domain/use_cases/end_turn_test.dart: EndTurn UseCase should calculate player score correctly and reject wrong player turns                          00:54 +215 -14: loading /mnt/d/dev/Ojyx/test/features/game/domain/use_cases/game_initialization_use_case_test.dart                                                                                     00:54 +215 -14: /mnt/d/dev/Ojyx/test/features/game/domain/use_cases/game_initialization_use_case_test.dart: GameInitializationUseCase should initialize game with correct setup                        00:54 +216 -14: /mnt/d/dev/Ojyx/test/features/game/domain/use_cases/game_initialization_use_case_test.dart: GameInitializationUseCase should initialize game with correct setup                        00:54 +216 -14: /mnt/d/dev/Ojyx/test/features/game/domain/use_cases/game_initialization_use_case_test.dart: GameInitializationUseCase should throw exception when no players provided                  00:54 +217 -14: /mnt/d/dev/Ojyx/test/features/game/domain/use_cases/game_initialization_use_case_test.dart: GameInitializationUseCase should throw exception when no players provided                  00:54 +217 -14: /mnt/d/dev/Ojyx/test/features/game/domain/use_cases/game_initialization_use_case_test.dart: GameInitializationUseCase should throw exception when less than 2 players                  00:54 +218 -14: /mnt/d/dev/Ojyx/test/features/game/domain/use_cases/game_initialization_use_case_test.dart: GameInitializationUseCase should throw exception when less than 2 players                  00:54 +218 -14: /mnt/d/dev/Ojyx/test/features/game/domain/use_cases/game_initialization_use_case_test.dart: GameInitializationUseCase should throw exception when more than 8 players                  00:54 +219 -14: /mnt/d/dev/Ojyx/test/features/game/domain/use_cases/game_initialization_use_case_test.dart: GameInitializationUseCase should throw exception when more than 8 players                  00:54 +219 -14: /mnt/d/dev/Ojyx/test/features/game/domain/use_cases/game_initialization_use_case_test.dart: GameInitializationUseCase should throw exception when creator not in player list           00:54 +220 -14: /mnt/d/dev/Ojyx/test/features/game/domain/use_cases/game_initialization_use_case_test.dart: GameInitializationUseCase should throw exception when creator not in player list           00:54 +220 -14: /mnt/d/dev/Ojyx/test/features/game/domain/use_cases/game_initialization_use_case_test.dart: GameInitializationUseCase should handle repository exceptions gracefully                   00:54 +221 -14: /mnt/d/dev/Ojyx/test/features/game/domain/use_cases/game_initialization_use_case_test.dart: GameInitializationUseCase should handle repository exceptions gracefully                   00:54 +221 -14: /mnt/d/dev/Ojyx/test/features/game/domain/use_cases/game_initialization_use_case_test.dart: GameInitializationUseCase should handle game state retrieval and streaming                 00:54 +222 -14: /mnt/d/dev/Ojyx/test/features/game/domain/use_cases/game_initialization_use_case_test.dart: GameInitializationUseCase should handle game state retrieval and streaming                 00:55 +222 -14: /mnt/d/dev/Ojyx/test/features/game/domain/use_cases/game_initialization_use_case_test.dart: GameInitializationUseCase should handle game state retrieval and streaming                 00:55 +222 -14: loading /mnt/d/dev/Ojyx/test/features/game/domain/use_cases/process_last_round_test.dart                                                                                               00:55 +222 -14: /mnt/d/dev/Ojyx/test/features/game/domain/use_cases/process_last_round_test.dart: ... UseCase should enable strategic endgame information asymmetry for competitive advantage          00:55 +223 -14: /mnt/d/dev/Ojyx/test/features/game/domain/use_cases/process_last_round_test.dart: ... UseCase should enable strategic endgame information asymmetry for competitive advantage          